Component: Arm Compiler for Embedded 6.19 Tool: armlink [5e73cb00]

==============================================================================

Section Cross References

    startup_stm32h750xx.o(RESET) refers to startup_stm32h750xx.o(STACK) for __initial_sp
    startup_stm32h750xx.o(RESET) refers to startup_stm32h750xx.o(.text) for Reset_Handler
    startup_stm32h750xx.o(RESET) refers to stm32h7xx_it.o(.text.NMI_Handler) for NMI_Handler
    startup_stm32h750xx.o(RESET) refers to stm32h7xx_it.o(.text.HardFault_Handler) for HardFault_Handler
    startup_stm32h750xx.o(RESET) refers to stm32h7xx_it.o(.text.MemManage_Handler) for MemManage_Handler
    startup_stm32h750xx.o(RESET) refers to stm32h7xx_it.o(.text.BusFault_Handler) for BusFault_Handler
    startup_stm32h750xx.o(RESET) refers to stm32h7xx_it.o(.text.UsageFault_Handler) for UsageFault_Handler
    startup_stm32h750xx.o(RESET) refers to stm32h7xx_it.o(.text.SVC_Handler) for SVC_Handler
    startup_stm32h750xx.o(RESET) refers to stm32h7xx_it.o(.text.DebugMon_Handler) for DebugMon_Handler
    startup_stm32h750xx.o(RESET) refers to stm32h7xx_it.o(.text.PendSV_Handler) for PendSV_Handler
    startup_stm32h750xx.o(RESET) refers to stm32h7xx_it.o(.text.SysTick_Handler) for SysTick_Handler
    startup_stm32h750xx.o(RESET) refers to stm32h7xx_it.o(.text.TIM3_IRQHandler) for TIM3_IRQHandler
    startup_stm32h750xx.o(RESET) refers to stm32h7xx_it.o(.text.TIM4_IRQHandler) for TIM4_IRQHandler
    startup_stm32h750xx.o(RESET) refers to stm32h7xx_it.o(.text.USART1_IRQHandler) for USART1_IRQHandler
    startup_stm32h750xx.o(RESET) refers to stm32h7xx_it.o(.text.USART2_IRQHandler) for USART2_IRQHandler
    startup_stm32h750xx.o(RESET) refers to stm32h7xx_it.o(.text.TIM5_IRQHandler) for TIM5_IRQHandler
    startup_stm32h750xx.o(RESET) refers to stm32h7xx_it.o(.text.USART6_IRQHandler) for USART6_IRQHandler
    startup_stm32h750xx.o(.text) refers to system_stm32h7xx.o(.text.SystemInit) for SystemInit
    startup_stm32h750xx.o(.text) refers to entry.o(.ARM.Collect$$$$00000000) for __main
    main.o(.ARM.exidx.text.sort) refers to main.o(.text.sort) for [Anonymous Symbol]
    main.o(.text.led) refers to stm32h7xx_hal_gpio.o(.text.HAL_GPIO_WritePin) for HAL_GPIO_WritePin
    main.o(.ARM.exidx.text.led) refers to main.o(.text.led) for [Anonymous Symbol]
    main.o(.text.main) refers to stm32h7xx_hal_cortex.o(.text.HAL_MPU_Disable) for HAL_MPU_Disable
    main.o(.text.main) refers to stm32h7xx_hal_cortex.o(.text.HAL_MPU_ConfigRegion) for HAL_MPU_ConfigRegion
    main.o(.text.main) refers to stm32h7xx_hal_cortex.o(.text.HAL_MPU_Enable) for HAL_MPU_Enable
    main.o(.text.main) refers to stm32h7xx_hal.o(.text.HAL_Init) for HAL_Init
    main.o(.text.main) refers to main.o(.text.SystemClock_Config) for SystemClock_Config
    main.o(.text.main) refers to gpio.o(.text.MX_GPIO_Init) for MX_GPIO_Init
    main.o(.text.main) refers to i2c.o(.text.MX_I2C2_Init) for MX_I2C2_Init
    main.o(.text.main) refers to tim.o(.text.MX_TIM2_Init) for MX_TIM2_Init
    main.o(.text.main) refers to tim.o(.text.MX_TIM3_Init) for MX_TIM3_Init
    main.o(.text.main) refers to tim.o(.text.MX_TIM4_Init) for MX_TIM4_Init
    main.o(.text.main) refers to usart.o(.text.MX_USART2_UART_Init) for MX_USART2_UART_Init
    main.o(.text.main) refers to i2c.o(.text.MX_I2C3_Init) for MX_I2C3_Init
    main.o(.text.main) refers to tim.o(.text.MX_TIM5_Init) for MX_TIM5_Init
    main.o(.text.main) refers to usart.o(.text.MX_USART1_UART_Init) for MX_USART1_UART_Init
    main.o(.text.main) refers to usart.o(.text.MX_USART6_UART_Init) for MX_USART6_UART_Init
    main.o(.text.main) refers to oled.o(.text.OLED_Init) for OLED_Init
    main.o(.text.main) refers to oled.o(.text.OLED_FullyClear) for OLED_FullyClear
    main.o(.text.main) refers to tim.o(.bss.htim3) for htim3
    main.o(.text.main) refers to stm32h7xx_hal_tim.o(.text.HAL_TIM_Encoder_Start) for HAL_TIM_Encoder_Start
    main.o(.text.main) refers to tim.o(.bss.htim4) for htim4
    main.o(.text.main) refers to tim.o(.bss.htim2) for htim2
    main.o(.text.main) refers to stm32h7xx_hal_tim.o(.text.HAL_TIM_PWM_Start) for HAL_TIM_PWM_Start
    main.o(.text.main) refers to motor.o(.text.motor_init) for motor_init
    main.o(.text.main) refers to uart_it.o(.text.uart_it_init) for uart_it_init
    main.o(.text.main) refers to stm32h7xx_hal.o(.text.HAL_Delay) for HAL_Delay
    main.o(.text.main) refers to main.o(.bss..L_MergedGlobals.3) for .L_MergedGlobals.3
    main.o(.text.main) refers to usart.o(.bss.huart2) for huart2
    main.o(.text.main) refers to stm32h7xx_hal_uart.o(.text.HAL_UART_Receive_IT) for HAL_UART_Receive_IT
    main.o(.text.main) refers to stm32h7xx_hal_tim.o(.text.HAL_TIM_Base_Start_IT) for HAL_TIM_Base_Start_IT
    main.o(.text.main) refers to tim.o(.bss.htim5) for htim5
    main.o(.text.main) refers to motor.o(.bss..L_MergedGlobals.1) for Tv_A
    main.o(.text.main) refers to oled.o(.text.OLED_ShowStr1) for OLED_ShowStr1
[...]
    .text                                    0x080003b0   Section        0  iusefp.o(.text)
    .text                                    0x080003b0   Section        0  fepilogue.o(.text)
    .text                                    0x08000420   Section       36  init.o(.text)
    [Anonymous Symbol]                       0x08000448   Section        0  stm32h7xx_it.o(.text.BusFault_Handler)
    [Anonymous Symbol]                       0x08000450   Section        0  stm32h7xx_it.o(.text.DebugMon_Handler)
    [Anonymous Symbol]                       0x08000458   Section        0  main.o(.text.Error_Handler)
    [Anonymous Symbol]                       0x08000468   Section        0  stm32h7xx_hal_dma.o(.text.HAL_DMA_Abort)
    [Anonymous Symbol]                       0x08000998   Section        0  stm32h7xx_hal_dma.o(.text.HAL_DMA_Abort_IT)
    [Anonymous Symbol]                       0x08000c58   Section        0  stm32h7xx_hal.o(.text.HAL_Delay)
    [Anonymous Symbol]                       0x08000c80   Section        0  stm32h7xx_hal_gpio.o(.text.HAL_GPIO_Init)
    [Anonymous Symbol]                       0x08000e30   Section        0  stm32h7xx_hal_gpio.o(.text.HAL_GPIO_ReadPin)
    [Anonymous Symbol]                       0x08000e40   Section        0  stm32h7xx_hal_gpio.o(.text.HAL_GPIO_TogglePin)
    [Anonymous Symbol]                       0x08000e50   Section        0  stm32h7xx_hal_gpio.o(.text.HAL_GPIO_WritePin)
    [Anonymous Symbol]                       0x08000e60   Section        0  stm32h7xx_hal.o(.text.HAL_GetREVID)
    [Anonymous Symbol]                       0x08000e70   Section        0  stm32h7xx_hal.o(.text.HAL_GetTick)
    [Anonymous Symbol]                       0x08000e80   Section        0  stm32h7xx_hal_i2c_ex.o(.text.HAL_I2CEx_ConfigAnalogFilter)
    [Anonymous Symbol]                       0x08000ed0   Section        0  stm32h7xx_hal_i2c_ex.o(.text.HAL_I2CEx_ConfigDigitalFilter)
    [Anonymous Symbol]                       0x08000f18   Section        0  stm32h7xx_hal_i2c_ex.o(.text.HAL_I2CEx_EnableFastModePlus)
    [Anonymous Symbol]                       0x08000f48   Section        0  stm32h7xx_hal_i2c.o(.text.HAL_I2C_Init)
    [Anonymous Symbol]                       0x08000ff8   Section        0  stm32h7xx_hal_i2c.o(.text.HAL_I2C_Mem_Write)
    [Anonymous Symbol]                       0x08001230   Section        0  i2c.o(.text.HAL_I2C_MspInit)
    [Anonymous Symbol]                       0x08001370   Section        0  stm32h7xx_hal.o(.text.HAL_IncTick)
    [Anonymous Symbol]                       0x08001390   Section        0  stm32h7xx_hal.o(.text.HAL_Init)
    [Anonymous Symbol]                       0x080013f8   Section        0  stm32h7xx_hal.o(.text.HAL_InitTick)
    [Anonymous Symbol]                       0x08001448   Section        0  stm32h7xx_hal_cortex.o(.text.HAL_MPU_ConfigRegion)
    [Anonymous Symbol]                       0x080014a8   Section        0  stm32h7xx_hal_cortex.o(.text.HAL_MPU_Disable)
    [Anonymous Symbol]                       0x080014c8   Section        0  stm32h7xx_hal_cortex.o(.text.HAL_MPU_Enable)
    [Anonymous Symbol]                       0x080014e8   Section        0  stm32h7xx_hal_msp.o(.text.HAL_MspInit)
    [Anonymous Symbol]                       0x08001508   Section        0  stm32h7xx_hal_cortex.o(.text.HAL_NVIC_EnableIRQ)
    [Anonymous Symbol]                       0x08001530   Section        0  stm32h7xx_hal_cortex.o(.text.HAL_NVIC_SetPriority)
    [Anonymous Symbol]                       0x08001590   Section        0  stm32h7xx_hal_cortex.o(.text.HAL_NVIC_SetPriorityGrouping)
    [Anonymous Symbol]                       0x080015b0   Section        0  stm32h7xx_hal_pwr_ex.o(.text.HAL_PWREx_ConfigSupply)
    [Anonymous Symbol]                       0x08001600   Section        0  stm32h7xx_hal_rcc_ex.o(.text.HAL_RCCEx_GetD3PCLK1Freq)
    [Anonymous Symbol]                       0x08001628   Section        0  stm32h7xx_hal_rcc_ex.o(.text.HAL_RCCEx_GetPLL2ClockFreq)
    [Anonymous Symbol]                       0x08001758   Section        0  stm32h7xx_hal_rcc_ex.o(.text.HAL_RCCEx_GetPLL3ClockFreq)
    [Anonymous Symbol]                       0x08001888   Section        0  stm32h7xx_hal_rcc_ex.o(.text.HAL_RCCEx_PeriphCLKConfig)
    [Anonymous Symbol]                       0x080023c8   Section        0  stm32h7xx_hal_rcc.o(.text.HAL_RCC_ClockConfig)
    [Anonymous Symbol]                       0x08002630   Section        0  stm32h7xx_hal_rcc.o(.text.HAL_RCC_GetHCLKFreq)
    [Anonymous Symbol]                       0x08002680   Section        0  stm32h7xx_hal_rcc.o(.text.HAL_RCC_GetPCLK1Freq)
    [Anonymous Symbol]                       0x080026e0   Section        0  stm32h7xx_hal_rcc.o(.text.HAL_RCC_GetPCLK2Freq)
    [Anonymous Symbol]                       0x08002740   Section        0  stm32h7xx_hal_rcc.o(.text.HAL_RCC_GetSysClockFreq)
    [Anonymous Symbol]                       0x08002858   Section        0  stm32h7xx_hal_rcc.o(.text.HAL_RCC_OscConfig)
    [Anonymous Symbol]                       0x08002db8   Section        0  stm32h7xx_hal_cortex.o(.text.HAL_SYSTICK_Config)
    [Anonymous Symbol]                       0x08002de8   Section        0  stm32h7xx_hal_tim_ex.o(.text.HAL_TIMEx_Break2Callback)
    [Anonymous Symbol]                       0x08002df0   Section        0  stm32h7xx_hal_tim_ex.o(.text.HAL_TIMEx_BreakCallback)
    [Anonymous Symbol]                       0x08002df8   Section        0  stm32h7xx_hal_tim_ex.o(.text.HAL_TIMEx_CommutCallback)
    [Anonymous Symbol]                       0x08002e00   Section        0  stm32h7xx_hal_tim_ex.o(.text.HAL_TIMEx_MasterConfigSynchronization)
    [Anonymous Symbol]                       0x08002ed0   Section        0  stm32h7xx_hal_tim.o(.text.HAL_TIM_Base_Init)
    [Anonymous Symbol]                       0x08002f30   Section        0  tim.o(.text.HAL_TIM_Base_MspInit)
    [Anonymous Symbol]                       0x08002f78   Section        0  stm32h7xx_hal_tim.o(.text.HAL_TIM_Base_Start_IT)
    [Anonymous Symbol]                       0x08003030   Section        0  stm32h7xx_hal_tim.o(.text.HAL_TIM_ConfigClockSource)
    [Anonymous Symbol]                       0x08003230   Section        0  stm32h7xx_hal_tim.o(.text.HAL_TIM_Encoder_Init)
    [Anonymous Symbol]                       0x080032e8   Section        0  tim.o(.text.HAL_TIM_Encoder_MspInit)
    [Anonymous Symbol]                       0x080033b0   Section        0  stm32h7xx_hal_tim.o(.text.HAL_TIM_Encoder_Start)
    [Anonymous Symbol]                       0x08003470   Section        0  stm32h7xx_hal_tim.o(.text.HAL_TIM_IC_CaptureCallback)
    [Anonymous Symbol]                       0x08003478   Section        0  stm32h7xx_hal_tim.o(.text.HAL_TIM_IRQHandler)
    [Anonymous Symbol]                       0x080035e8   Section        0  stm32h7xx_hal_tim.o(.text.HAL_TIM_OC_DelayElapsedCallback)
    [Anonymous Symbol]                       0x080035f0   Section        0  stm32h7xx_hal_tim.o(.text.HAL_TIM_PWM_ConfigChannel)
    [Anonymous Symbol]                       0x08003ab0   Section        0  stm32h7xx_hal_tim.o(.text.HAL_TIM_PWM_Init)
    [Anonymous Symbol]                       0x08003b10   Section        0  tim.o(.text.HAL_TIM_PWM_MspInit)
    [Anonymous Symbol]                       0x08003b40   Section        0  stm32h7xx_hal_tim.o(.text.HAL_TIM_PWM_PulseFinishedCallback)
    [Anonymous Symbol]                       0x08003b48   Section        0  stm32h7xx_hal_tim.o(.text.HAL_TIM_PWM_Start)
    [Anonymous Symbol]                       0x08003cd8   Section        0  main.o(.text.HAL_TIM_PeriodElapsedCallback)
    [Anonymous Symbol]                       0x08004278   Section        0  stm32h7xx_hal_tim.o(.text.HAL_TIM_TriggerCallback)
    [Anonymous Symbol]                       0x08004280   Section        0  stm32h7xx_hal_uart_ex.o(.text.HAL_UARTEx_DisableFifoMode)
    [Anonymous Symbol]                       0x080042b8   Section        0  stm32h7xx_hal_uart.o(.text.HAL_UARTEx_RxEventCallback)
    [Anonymous Symbol]                       0x080042c0   Section        0  stm32h7xx_hal_uart_ex.o(.text.HAL_UARTEx_RxFifoFullCallback)
    [Anonymous Symbol]                       0x080042c8   Section        0  stm32h7xx_hal_uart_ex.o(.text.HAL_UARTEx_SetRxFifoThreshold)
    [Anonymous Symbol]                       0x08004358   Section        0  stm32h7xx_hal_uart_ex.o(.text.HAL_UARTEx_SetTxFifoThreshold)
    [Anonymous Symbol]                       0x080043e8   Section        0  stm32h7xx_hal_uart_ex.o(.text.HAL_UARTEx_TxFifoEmptyCallback)
    [Anonymous Symbol]                       0x080043f0   Section        0  stm32h7xx_hal_uart_ex.o(.text.HAL_UARTEx_WakeupCallback)
    [Anonymous Symbol]                       0x080043f8   Section        0  stm32h7xx_hal_uart.o(.text.HAL_UART_ErrorCallback)
    [Anonymous Symbol]                       0x08004400   Section        0  stm32h7xx_hal_uart.o(.text.HAL_UART_IRQHandler)
    [Anonymous Symbol]                       0x08004b58   Section        0  stm32h7xx_hal_uart.o(.text.HAL_UART_Init)
    [Anonymous Symbol]                       0x08004bc0   Section        0  usart.o(.text.HAL_UART_MspInit)
    [Anonymous Symbol]                       0x08004d20   Section        0  stm32h7xx_hal_uart.o(.text.HAL_UART_Receive_IT)
    [Anonymous Symbol]                       0x08004dc8   Section        0  main.o(.text.HAL_UART_RxCpltCallback)
    [Anonymous Symbol]                       0x08004eb0   Section        0  stm32h7xx_hal_uart.o(.text.HAL_UART_TxCpltCallback)
    [Anonymous Symbol]                       0x08004eb8   Section        0  stm32h7xx_it.o(.text.HardFault_Handler)
    I2C_IsErrorOccurred                      0x08004ec1   Thumb Code   352  stm32h7xx_hal_i2c.o(.text.I2C_IsErrorOccurred)
    [Anonymous Symbol]                       0x08004ec0   Section        0  stm32h7xx_hal_i2c.o(.text.I2C_IsErrorOccurred)
    I2C_WaitOnFlagUntilTimeout               0x08005021   Thumb Code   224  stm32h7xx_hal_i2c.o(.text.I2C_WaitOnFlagUntilTimeout)
    [Anonymous Symbol]                       0x08005020   Section        0  stm32h7xx_hal_i2c.o(.text.I2C_WaitOnFlagUntilTimeout)
    I2C_WaitOnSTOPFlagUntilTimeout           0x08005101   Thumb Code   124  stm32h7xx_hal_i2c.o(.text.I2C_WaitOnSTOPFlagUntilTimeout)
    [Anonymous Symbol]                       0x08005100   Section        0  stm32h7xx_hal_i2c.o(.text.I2C_WaitOnSTOPFlagUntilTimeout)
    I2C_WaitOnTXISFlagUntilTimeout           0x08005181   Thumb Code   148  stm32h7xx_hal_i2c.o(.text.I2C_WaitOnTXISFlagUntilTimeout)
    [Anonymous Symbol]                       0x08005180   Section        0  stm32h7xx_hal_i2c.o(.text.I2C_WaitOnTXISFlagUntilTimeout)
    [Anonymous Symbol]                       0x08005218   Section        0  gpio.o(.text.MX_GPIO_Init)
    [Anonymous Symbol]                       0x08005378   Section        0  i2c.o(.text.MX_I2C2_Init)
    [Anonymous Symbol]                       0x080053e8   Section        0  i2c.o(.text.MX_I2C3_Init)
    [Anonymous Symbol]                       0x08005458   Section        0  tim.o(.text.MX_TIM2_Init)
    [Anonymous Symbol]                       0x08005530   Section        0  tim.o(.text.MX_TIM3_Init)
    [Anonymous Symbol]                       0x08005598   Section        0  tim.o(.text.MX_TIM4_Init)
    [Anonymous Symbol]                       0x08005600   Section        0  tim.o(.text.MX_TIM5_Init)
    [Anonymous Symbol]                       0x08005678   Section        0  usart.o(.text.MX_USART1_UART_Init)
    [Anonymous Symbol]                       0x080056f8   Section        0  usart.o(.text.MX_USART2_UART_Init)
    [Anonymous Symbol]                       0x08005778   Section        0  usart.o(.text.MX_USART6_UART_Init)
    [Anonymous Symbol]                       0x080057f8   Section        0  stm32h7xx_it.o(.text.MemManage_Handler)
    [Anonymous Symbol]                       0x08005800   Section        0  stm32h7xx_it.o(.text.NMI_Handler)
    [Anonymous Symbol]                       0x08005808   Section        0  oled.o(.text.OLED_FullyClear)
    [Anonymous Symbol]                       0x080058b8   Section        0  oled.o(.text.OLED_Init)
    [Anonymous Symbol]                       0x080058c8   Section        0  oled.o(.text.OLED_ShowChar)
    [Anonymous Symbol]                       0x08005ca8   Section        0  oled.o(.text.OLED_ShowStr)
    [Anonymous Symbol]                       0x08005ce8   Section        0  oled.o(.text.OLED_ShowStr1)
    [Anonymous Symbol]                       0x08005e48   Section        0  stm32h7xx_it.o(.text.PendSV_Handler)
    RCCEx_PLL2_Config                        0x08005e51   Thumb Code   290  stm32h7xx_hal_rcc_ex.o(.text.RCCEx_PLL2_Config)
    [Anonymous Symbol]                       0x08005e50   Section        0  stm32h7xx_hal_rcc_ex.o(.text.RCCEx_PLL2_Config)
    RCCEx_PLL3_Config                        0x08005f79   Thumb Code   290  stm32h7xx_hal_rcc_ex.o(.text.RCCEx_PLL3_Config)
    [Anonymous Symbol]                       0x08005f78   Section        0  stm32h7xx_hal_rcc_ex.o(.text.RCCEx_PLL3_Config)
    [Anonymous Symbol]                       0x080060a0   Section        0  stm32h7xx_it.o(.text.SVC_Handler)
    [Anonymous Symbol]                       0x080060a8   Section        0  stm32h7xx_it.o(.text.SysTick_Handler)
    [Anonymous Symbol]                       0x080060b0   Section        0  main.o(.text.SystemClock_Config)
    [Anonymous Symbol]                       0x080061f0   Section        0  system_stm32h7xx.o(.text.SystemInit)
    [Anonymous Symbol]                       0x080062c0   Section        0  stm32h7xx_it.o(.text.TIM3_IRQHandler)
    [Anonymous Symbol]                       0x080062d0   Section        0  stm32h7xx_it.o(.text.TIM4_IRQHandler)
    [Anonymous Symbol]                       0x080062e0   Section        0  stm32h7xx_it.o(.text.TIM5_IRQHandler)
    [Anonymous Symbol]                       0x080062f0   Section        0  stm32h7xx_hal_tim.o(.text.TIM_Base_SetConfig)
    [Anonymous Symbol]                       0x08006458   Section        0  stm32h7xx_hal_uart.o(.text.UART_AdvFeatureConfig)
    [Anonymous Symbol]                       0x08006538   Section        0  stm32h7xx_hal_uart.o(.text.UART_CheckIdleState)
    UART_DMAAbortOnError                     0x080066b1   Thumb Code    16  stm32h7xx_hal_uart.o(.text.UART_DMAAbortOnError)
    [Anonymous Symbol]                       0x080066b0   Section        0  stm32h7xx_hal_uart.o(.text.UART_DMAAbortOnError)
    UART_RxISR_16BIT                         0x080066c1   Thumb Code   452  stm32h7xx_hal_uart.o(.text.UART_RxISR_16BIT)
    [Anonymous Symbol]                       0x080066c0   Section        0  stm32h7xx_hal_uart.o(.text.UART_RxISR_16BIT)
    UART_RxISR_16BIT_FIFOEN                  0x08006889   Thumb Code   820  stm32h7xx_hal_uart.o(.text.UART_RxISR_16BIT_FIFOEN)
    [Anonymous Symbol]                       0x08006888   Section        0  stm32h7xx_hal_uart.o(.text.UART_RxISR_16BIT_FIFOEN)
    UART_RxISR_8BIT                          0x08006bc1   Thumb Code   456  stm32h7xx_hal_uart.o(.text.UART_RxISR_8BIT)
    [Anonymous Symbol]                       0x08006bc0   Section        0  stm32h7xx_hal_uart.o(.text.UART_RxISR_8BIT)
    UART_RxISR_8BIT_FIFOEN                   0x08006d89   Thumb Code   824  stm32h7xx_hal_uart.o(.text.UART_RxISR_8BIT_FIFOEN)
    [Anonymous Symbol]                       0x08006d88   Section        0  stm32h7xx_hal_uart.o(.text.UART_RxISR_8BIT_FIFOEN)
    [Anonymous Symbol]                       0x080070c0   Section        0  stm32h7xx_hal_uart.o(.text.UART_SetConfig)
    [Anonymous Symbol]                       0x08007578   Section        0  stm32h7xx_hal_uart.o(.text.UART_Start_Receive_IT)
    [Anonymous Symbol]                       0x080077f0   Section        0  stm32h7xx_hal_uart.o(.text.UART_WaitOnFlagUntilTimeout)
    [Anonymous Symbol]                       0x08007b48   Section        0  stm32h7xx_it.o(.text.USART1_IRQHandler)
    [Anonymous Symbol]                       0x08007b58   Section        0  stm32h7xx_it.o(.text.USART2_IRQHandler)
    [Anonymous Symbol]                       0x08007b68   Section        0  stm32h7xx_it.o(.text.USART6_IRQHandler)
    [Anonymous Symbol]                       0x08007b78   Section        0  stm32h7xx_it.o(.text.UsageFault_Handler)
    [Anonymous Symbol]                       0x08007b80   Section        0  oled.o(.text.WriteCmd)
    [Anonymous Symbol]                       0x08007de0   Section        0  motor.o(.text.distence_A_pid)
    [Anonymous Symbol]                       0x08007e68   Section        0  motor.o(.text.distence_B_pid)
    [Anonymous Symbol]                       0x08007ef0   Section        0  motor.o(.text.get_T_distence)
    [Anonymous Symbol]                       0x08007f08   Section        0  main.o(.text.led)
    [Anonymous Symbol]                       0x08007f78   Section        0  control.o(.text.line_pid)
    [Anonymous Symbol]                       0x08008040   Section        0  main.o(.text.main)
    [Anonymous Symbol]                       0x080089f0   Section        0  motor.o(.text.motor_handle)
    [Anonymous Symbol]                       0x08008c18   Section        0  motor.o(.text.motor_init)
    [Anonymous Symbol]                       0x08008c80   Section        0  uart_it.o(.text.uart_it_init)
    [Anonymous Symbol]                       0x08008cb0   Section        0  uart_it.o(.text.uart_it_receive)
    [Anonymous Symbol]                       0x08008d28   Section        0  uart_it.o(.text.uart_it_receive1)
    i.__scatterload_copy                     0x08008db8   Section       14  handlers.o(i.__scatterload_copy)
    i.__scatterload_null                     0x08008dc6   Section        2  handlers.o(i.__scatterload_null)
    i.__scatterload_zeroinit                 0x08008dc8   Section       14  handlers.o(i.__scatterload_zeroinit)
    .Lswitch.table.UART_SetConfig.5          0x08008dd6   Data           6  stm32h7xx_hal_uart.o(.rodata..Lswitch.table.UART_SetConfig.5)
    .Lswitch.table.UART_SetConfig.7          0x08008ddc   Data           6  stm32h7xx_hal_uart.o(.rodata..Lswitch.table.UART_SetConfig.7)
    UARTEx_SetNbDataToProcess.numerator      0x08009612   Data           8  stm32h7xx_hal_uart_ex.o(.rodata.cst8)
    [Anonymous Symbol]                       0x08009612   Section        0  stm32h7xx_hal_uart_ex.o(.rodata.cst8)
    UARTEx_SetNbDataToProcess.denominator    0x0800961a   Data           8  stm32h7xx_hal_uart_ex.o(.rodata.cst8)
    .L_MergedGlobals                         0x24000000   Data           8  main.o(.data..L_MergedGlobals)
    [Anonymous Symbol]                       0x24000000   Section        0  main.o(.data..L_MergedGlobals)
    .L_MergedGlobals                         0x24000008   Data           8  stm32h7xx_hal.o(.data..L_MergedGlobals)
    [Anonymous Symbol]                       0x24000008   Section        0  stm32h7xx_hal.o(.data..L_MergedGlobals)
    .L_MergedGlobals                         0x24000010   Data           8  system_stm32h7xx.o(.data..L_MergedGlobals)
    [Anonymous Symbol]                       0x24000010   Section        0  system_stm32h7xx.o(.data..L_MergedGlobals)
    .L_MergedGlobals                         0x24000018   Data          24  motor.o(.data..L_MergedGlobals)
    [Anonymous Symbol]                       0x24000018   Section        0  motor.o(.data..L_MergedGlobals)
    .L_MergedGlobals                         0x24000050   Data           8  control.o(.bss..L_MergedGlobals)
    [Anonymous Symbol]                       0x24000050   Section        0  control.o(.bss..L_MergedGlobals)
    .L_MergedGlobals                         0x24000058   Data           6  uart_it.o(.bss..L_MergedGlobals)
    com_date                                 0x24000058   Data           1  uart_it.o(.bss..L_MergedGlobals)
    [Anonymous Symbol]                       0x24000058   Section        0  uart_it.o(.bss..L_MergedGlobals)
    com_date1                                0x24000059   Data           1  uart_it.o(.bss..L_MergedGlobals)
    Rx_state                                 0x2400005a   Data           1  uart_it.o(.bss..L_MergedGlobals)
    Rx_counter                               0x2400005b   Data           1  uart_it.o(.bss..L_MergedGlobals)
    Rx_state1                                0x2400005c   Data           1  uart_it.o(.bss..L_MergedGlobals)
    Rx_counter1                              0x2400005d   Data           1  uart_it.o(.bss..L_MergedGlobals)
    .L_MergedGlobals.1                       0x24000060   Data         124  motor.o(.bss..L_MergedGlobals.1)
    [Anonymous Symbol]                       0x24000060   Section        0  motor.o(.bss..L_MergedGlobals.1)
    .L_MergedGlobals.3                       0x240000e0   Data         104  main.o(.bss..L_MergedGlobals.3)
    [Anonymous Symbol]                       0x240000e0   Section        0  main.o(.bss..L_MergedGlobals.3)
    STACK                                    0x240004e8   Section     1024  startup_stm32h750xx.o(STACK)

    Global Symbols

    Symbol Name                              Value     Ov Type        Size  Object(Section)

    BuildAttributes$$THM_ISAv4$E$P$D$K$B$S$7EM$VFPv5_D16$PE$PLD8$A:L22UL41UL21$X:L11$S22US41US21$IEEE1$IW$~IW$USESV6$~STKCKD$USESV7$~SHL$OTIME$ROPI$EBA8$MICROLIB$REQ8$PRES8$EABIv2 0x00000000   Number         0  anon$$obj.o ABSOLUTE
    __cpp_initialize__aeabi_                  - Undefined Weak Reference
    __cxa_finalize                            - Undefined Weak Reference
    __decompress                              - Undefined Weak Reference
    _clock_init                               - Undefined Weak Reference
    _microlib_exit                            - Undefined Weak Reference
    __Vectors_Size                           0x00000298   Number         0  startup_stm32h750xx.o ABSOLUTE
    __Vectors                                0x08000000   Data           4  startup_stm32h750xx.o(RESET)
    __Vectors_End                            0x08000298   Data           0  startup_stm32h750xx.o(RESET)
    __main                                   0x08000299   Thumb Code     0  entry.o(.ARM.Collect$$$$00000000)
    _main_stk                                0x08000299   Thumb Code     0  entry2.o(.ARM.Collect$$$$00000001)
    _main_scatterload                        0x0800029d   Thumb Code     0  entry5.o(.ARM.Collect$$$$00000004)
    __main_after_scatterload                 0x080002a1   Thumb Code     0  entry5.o(.ARM.Collect$$$$00000004)
    _main_clock                              0x080002a1   Thumb Code     0  entry7b.o(.ARM.Collect$$$$00000008)
    _main_cpp_init                           0x080002a1   Thumb Code     0  entry8b.o(.ARM.Collect$$$$0000000A)
    _main_init                               0x080002a1   Thumb Code     0  entry9a.o(.ARM.Collect$$$$0000000B)
    __rt_final_cpp                           0x080002a9   Thumb Code     0  entry10a.o(.ARM.Collect$$$$0000000D)
    __rt_final_exit                          0x080002a9   Thumb Code     0  entry11a.o(.ARM.Collect$$$$0000000F)
    Reset_Handler                            0x080002ad   Thumb Code     8  startup_stm32h750xx.o(.text)
    ADC3_IRQHandler                          0x080002c7   Thumb Code     0  startup_stm32h750xx.o(.text)
    ADC_IRQHandler                           0x080002c7   Thumb Code     0  startup_stm32h750xx.o(.text)
    BDMA_Channel0_IRQHandler                 0x080002c7   Thumb Code     0  startup_stm32h750xx.o(.text)
    BDMA_Channel1_IRQHandler                 0x080002c7   Thumb Code     0  startup_stm32h750xx.o(.text)
    BDMA_Channel2_IRQHandler                 0x080002c7   Thumb Code     0  startup_stm32h750xx.o(.text)
    BDMA_Channel3_IRQHandler                 0x080002c7   Thumb Code     0  startup_stm32h750xx.o(.text)
    BDMA_Channel4_IRQHandler                 0x080002c7   Thumb Code     0  startup_stm32h750xx.o(.text)
    BDMA_Channel5_IRQHandler                 0x080002c7   Thumb Code     0  startup_stm32h750xx.o(.text)
    BDMA_Channel6_IRQHandler                 0x080002c7   Thumb Code     0  startup_stm32h750xx.o(.text)
    BDMA_Channel7_IRQHandler                 0x080002c7   Thumb Code     0  startup_stm32h750xx.o(.text)
    CEC_IRQHandler                           0x080002c7   Thumb Code     0  startup_stm32h750xx.o(.text)
    COMP1_IRQHandler                         0x080002c7   Thumb Code     0  startup_stm32h750xx.o(.text)
    CRS_IRQHandler                           0x080002c7   Thumb Code     0  startup_stm32h750xx.o(.text)
    CRYP_IRQHandler                          0x080002c7   Thumb Code     0  startup_stm32h750xx.o(.text)
    DCMI_IRQHandler                          0x080002c7   Thumb Code     0  startup_stm32h750xx.o(.text)
    DFSDM1_FLT0_IRQHandler                   0x080002c7   Thumb Code     0  startup_stm32h750xx.o(.text)
    DFSDM1_FLT1_IRQHandler                   0x080002c7   Thumb Code     0  startup_stm32h750xx.o(.text)
    DFSDM1_FLT2_IRQHandler                   0x080002c7   Thumb Code     0  startup_stm32h750xx.o(.text)
    DFSDM1_FLT3_IRQHandler                   0x080002c7   Thumb Code     0  startup_stm32h750xx.o(.text)
    DMA1_Stream0_IRQHandler                  0x080002c7   Thumb Code     0  startup_stm32h750xx.o(.text)
    DMA1_Stream1_IRQHandler                  0x080002c7   Thumb Code     0  startup_stm32h750xx.o(.text)
    DMA1_Stream2_IRQHandler                  0x080002c7   Thumb Code     0  startup_stm32h750xx.o(.text)
    DMA1_Stream3_IRQHandler                  0x080002c7   Thumb Code     0  startup_stm32h750xx.o(.text)
    DMA1_Stream4_IRQHandler                  0x080002c7   Thumb Code     0  startup_stm32h750xx.o(.text)
    DMA1_Stream5_IRQHandler                  0x080002c7   Thumb Code     0  startup_stm32h750xx.o(.text)
    DMA1_Stream6_IRQHandler                  0x080002c7   Thumb Code     0  startup_stm32h750xx.o(.text)
    DMA1_Stream7_IRQHandler                  0x080002c7   Thumb Code     0  startup_stm32h750xx.o(.text)
    DMA2D_IRQHandler                         0x080002c7   Thumb Code     0  startup_stm32h750xx.o(.text)
    DMA2_Stream0_IRQHandler                  0x080002c7   Thumb Code     0  startup_stm32h750xx.o(.text)
    DMA2_Stream1_IRQHandler                  0x080002c7   Thumb Code     0  startup_stm32h750xx.o(.text)
    DMA2_Stream2_IRQHandler                  0x080002c7   Thumb Code     0  startup_stm32h750xx.o(.text)
    DMA2_Stream3_IRQHandler                  0x080002c7   Thumb Code     0  startup_stm32h750xx.o(.text)
    DMA2_Stream4_IRQHandler                  0x080002c7   Thumb Code     0  startup_stm32h750xx.o(.text)
    DMA2_Stream5_IRQHandler                  0x080002c7   Thumb Code     0  startup_stm32h750xx.o(.text)
    DMA2_Stream6_IRQHandler                  0x080002c7   Thumb Code     0  startup_stm32h750xx.o(.text)
    DMA2_Stream7_IRQHandler                  0x080002c7   Thumb Code     0  startup_stm32h750xx.o(.text)
    DMAMUX1_OVR_IRQHandler                   0x080002c7   Thumb Code     0  startup_stm32h750xx.o(.text)
    DMAMUX2_OVR_IRQHandler                   0x080002c7   Thumb Code     0  startup_stm32h750xx.o(.text)
    ECC_IRQHandler                           0x080002c7   Thumb Code     0  startup_stm32h750xx.o(.text)
    ETH_IRQHandler                           0x080002c7   Thumb Code     0  startup_stm32h750xx.o(.text)
    ETH_WKUP_IRQHandler                      0x080002c7   Thumb Code     0  startup_stm32h750xx.o(.text)
    EXTI0_IRQHandler                         0x080002c7   Thumb Code     0  startup_stm32h750xx.o(.text)
    EXTI15_10_IRQHandler                     0x080002c7   Thumb Code     0  startup_stm32h750xx.o(.text)
    EXTI1_IRQHandler                         0x080002c7   Thumb Code     0  startup_stm32h750xx.o(.text)
    EXTI2_IRQHandler                         0x080002c7   Thumb Code     0  startup_stm32h750xx.o(.text)
    EXTI3_IRQHandler                         0x080002c7   Thumb Code     0  startup_stm32h750xx.o(.text)
    EXTI4_IRQHandler                         0x080002c7   Thumb Code     0  startup_stm32h750xx.o(.text)
    EXTI9_5_IRQHandler                       0x080002c7   Thumb Code     0  startup_stm32h750xx.o(.text)
    FDCAN1_IT0_IRQHandler                    0x080002c7   Thumb Code     0  startup_stm32h750xx.o(.text)
    FDCAN1_IT1_IRQHandler                    0x080002c7   Thumb Code     0  startup_stm32h750xx.o(.text)
    FDCAN2_IT0_IRQHandler                    0x080002c7   Thumb Code     0  startup_stm32h750xx.o(.text)
    FDCAN2_IT1_IRQHandler                    0x080002c7   Thumb Code     0  startup_stm32h750xx.o(.text)
    FDCAN_CAL_IRQHandler                     0x080002c7   Thumb Code     0  startup_stm32h750xx.o(.text)
    FLASH_IRQHandler                         0x080002c7   Thumb Code     0  startup_stm32h750xx.o(.text)
    FMC_IRQHandler                           0x080002c7   Thumb Code     0  startup_stm32h750xx.o(.text)
    FPU_IRQHandler                           0x080002c7   Thumb Code     0  startup_stm32h750xx.o(.text)
    HASH_RNG_IRQHandler                      0x080002c7   Thumb Code     0  startup_stm32h750xx.o(.text)
    HRTIM1_FLT_IRQHandler                    0x080002c7   Thumb Code     0  startup_stm32h750xx.o(.text)
    HRTIM1_Master_IRQHandler                 0x080002c7   Thumb Code     0  startup_stm32h750xx.o(.text)
    HRTIM1_TIMA_IRQHandler                   0x080002c7   Thumb Code     0  startup_stm32h750xx.o(.text)
    HRTIM1_TIMB_IRQHandler                   0x080002c7   Thumb Code     0  startup_stm32h750xx.o(.text)
    HRTIM1_TIMC_IRQHandler                   0x080002c7   Thumb Code     0  startup_stm32h750xx.o(.text)
    HRTIM1_TIMD_IRQHandler                   0x080002c7   Thumb Code     0  startup_stm32h750xx.o(.text)
    HRTIM1_TIME_IRQHandler                   0x080002c7   Thumb Code     0  startup_stm32h750xx.o(.text)
    HSEM1_IRQHandler                         0x080002c7   Thumb Code     0  startup_stm32h750xx.o(.text)
    I2C1_ER_IRQHandler                       0x080002c7   Thumb Code     0  startup_stm32h750xx.o(.text)
    I2C1_EV_IRQHandler                       0x080002c7   Thumb Code     0  startup_stm32h750xx.o(.text)
    I2C2_ER_IRQHandler                       0x080002c7   Thumb Code     0  startup_stm32h750xx.o(.text)
    I2C2_EV_IRQHandler                       0x080002c7   Thumb Code     0  startup_stm32h750xx.o(.text)
    I2C3_ER_IRQHandler                       0x080002c7   Thumb Code     0  startup_stm32h750xx.o(.text)
    I2C3_EV_IRQHandler                       0x080002c7   Thumb Code     0  startup_stm32h750xx.o(.text)
    I2C4_ER_IRQHandler                       0x080002c7   Thumb Code     0  startup_stm32h750xx.o(.text)
    I2C4_EV_IRQHandler                       0x080002c7   Thumb Code     0  startup_stm32h750xx.o(.text)
    JPEG_IRQHandler                          0x080002c7   Thumb Code     0  startup_stm32h750xx.o(.text)
    LPTIM1_IRQHandler                        0x080002c7   Thumb Code     0  startup_stm32h750xx.o(.text)
    LPTIM2_IRQHandler                        0x080002c7   Thumb Code     0  startup_stm32h750xx.o(.text)
    LPTIM3_IRQHandler                        0x080002c7   Thumb Code     0  startup_stm32h750xx.o(.text)
    LPTIM4_IRQHandler                        0x080002c7   Thumb Code     0  startup_stm32h750xx.o(.text)
    LPTIM5_IRQHandler                        0x080002c7   Thumb Code     0  startup_stm32h750xx.o(.text)
    LPUART1_IRQHandler                       0x080002c7   Thumb Code     0  startup_stm32h750xx.o(.text)
    LTDC_ER_IRQHandler                       0x080002c7   Thumb Code     0  startup_stm32h750xx.o(.text)
    LTDC_IRQHandler                          0x080002c7   Thumb Code     0  startup_stm32h750xx.o(.text)
    MDIOS_IRQHandler                         0x080002c7   Thumb Code     0  startup_stm32h750xx.o(.text)
    MDIOS_WKUP_IRQHandler                    0x080002c7   Thumb Code     0  startup_stm32h750xx.o(.text)
    MDMA_IRQHandler                          0x080002c7   Thumb Code     0  startup_stm32h750xx.o(.text)
    OTG_FS_EP1_IN_IRQHandler                 0x080002c7   Thumb Code     0  startup_stm32h750xx.o(.text)
    OTG_FS_EP1_OUT_IRQHandler                0x080002c7   Thumb Code     0  startup_stm32h750xx.o(.text)
    OTG_FS_IRQHandler                        0x080002c7   Thumb Code     0  startup_stm32h750xx.o(.text)
    OTG_FS_WKUP_IRQHandler                   0x080002c7   Thumb Code     0  startup_stm32h750xx.o(.text)
    OTG_HS_EP1_IN_IRQHandler                 0x080002c7   Thumb Code     0  startup_stm32h750xx.o(.text)
    OTG_HS_EP1_OUT_IRQHandler                0x080002c7   Thumb Code     0  startup_stm32h750xx.o(.text)
    OTG_HS_IRQHandler                        0x080002c7   Thumb Code     0  startup_stm32h750xx.o(.text)
    OTG_HS_WKUP_IRQHandler                   0x080002c7   Thumb Code     0  startup_stm32h750xx.o(.text)
    PVD_AVD_IRQHandler                       0x080002c7   Thumb Code     0  startup_stm32h750xx.o(.text)
    QUADSPI_IRQHandler                       0x080002c7   Thumb Code     0  startup_stm32h750xx.o(.text)
    RCC_IRQHandler                           0x080002c7   Thumb Code     0  startup_stm32h750xx.o(.text)
    RTC_Alarm_IRQHandler                     0x080002c7   Thumb Code     0  startup_stm32h750xx.o(.text)
    RTC_WKUP_IRQHandler                      0x080002c7   Thumb Code     0  startup_stm32h750xx.o(.text)
    SAI1_IRQHandler                          0x080002c7   Thumb Code     0  startup_stm32h750xx.o(.text)
    SAI2_IRQHandler                          0x080002c7   Thumb Code     0  startup_stm32h750xx.o(.text)
    SAI3_IRQHandler                          0x080002c7   Thumb Code     0  startup_stm32h750xx.o(.text)
    SAI4_IRQHandler                          0x080002c7   Thumb Code     0  startup_stm32h750xx.o(.text)
    SDMMC1_IRQHandler                        0x080002c7   Thumb Code     0  startup_stm32h750xx.o(.text)
    SDMMC2_IRQHandler                        0x080002c7   Thumb Code     0  startup_stm32h750xx.o(.text)
    SPDIF_RX_IRQHandler                      0x080002c7   Thumb Code     0  startup_stm32h750xx.o(.text)
    SPI1_IRQHandler                          0x080002c7   Thumb Code     0  startup_stm32h750xx.o(.text)
    SPI2_IRQHandler                          0x080002c7   Thumb Code     0  startup_stm32h750xx.o(.text)
    SPI3_IRQHandler                          0x080002c7   Thumb Code     0  startup_stm32h750xx.o(.text)
    SPI4_IRQHandler                          0x080002c7   Thumb Code     0  startup_stm32h750xx.o(.text)
    SPI5_IRQHandler                          0x080002c7   Thumb Code     0  startup_stm32h750xx.o(.text)
    SPI6_IRQHandler                          0x080002c7   Thumb Code     0  startup_stm32h750xx.o(.text)
    SWPMI1_IRQHandler                        0x080002c7   Thumb Code     0  startup_stm32h750xx.o(.text)
    TAMP_STAMP_IRQHandler                    0x080002c7   Thumb Code     0  startup_stm32h750xx.o(.text)
    TIM15_IRQHandler                         0x080002c7   Thumb Code     0  startup_stm32h750xx.o(.text)
    TIM16_IRQHandler                         0x080002c7   Thumb Code     0  startup_stm32h750xx.o(.text)
    TIM17_IRQHandler                         0x080002c7   Thumb Code     0  startup_stm32h750xx.o(.text)
    TIM1_BRK_IRQHandler                      0x080002c7   Thumb Code     0  startup_stm32h750xx.o(.text)
    TIM1_CC_IRQHandler                       0x080002c7   Thumb Code     0  startup_stm32h750xx.o(.text)
    TIM1_TRG_COM_IRQHandler                  0x080002c7   Thumb Code     0  startup_stm32h750xx.o(.text)
    TIM1_UP_IRQHandler                       0x080002c7   Thumb Code     0  startup_stm32h750xx.o(.text)
    TIM2_IRQHandler                          0x080002c7   Thumb Code     0  startup_stm32h750xx.o(.text)
    TIM6_DAC_IRQHandler                      0x080002c7   Thumb Code     0  startup_stm32h750xx.o(.text)
    TIM7_IRQHandler                          0x080002c7   Thumb Code     0  startup_stm32h750xx.o(.text)
    TIM8_BRK_TIM12_IRQHandler                0x080002c7   Thumb Code     0  startup_stm32h750xx.o(.text)
    TIM8_CC_IRQHandler                       0x080002c7   Thumb Code     0  startup_stm32h750xx.o(.text)
    TIM8_TRG_COM_TIM14_IRQHandler            0x080002c7   Thumb Code     0  startup_stm32h750xx.o(.text)
    TIM8_UP_TIM13_IRQHandler                 0x080002c7   Thumb Code     0  startup_stm32h750xx.o(.text)
    UART4_IRQHandler                         0x080002c7   Thumb Code     0  startup_stm32h750xx.o(.text)
    UART5_IRQHandler                         0x080002c7   Thumb Code     0  startup_stm32h750xx.o(.text)
    UART7_IRQHandler                         0x080002c7   Thumb Code     0  startup_stm32h750xx.o(.text)
    UART8_IRQHandler                         0x080002c7   Thumb Code     0  startup_stm32h750xx.o(.text)
    USART3_IRQHandler                        0x080002c7   Thumb Code     0  startup_stm32h750xx.o(.text)
    WAKEUP_PIN_IRQHandler                    0x080002c7   Thumb Code     0  startup_stm32h750xx.o(.text)
    WWDG_IRQHandler                          0x080002c7   Thumb Code     0  startup_stm32h750xx.o(.text)
    __aeabi_uldivmod                         0x080002d1   Thumb Code    98  uldiv.o(.text)
    __aeabi_memset                           0x08000333   Thumb Code    14  memseta.o(.text)
    __aeabi_memset4                          0x08000333   Thumb Code     0  memseta.o(.text)
    __aeabi_memset8                          0x08000333   Thumb Code     0  memseta.o(.text)
    __aeabi_memclr                           0x08000341   Thumb Code     4  memseta.o(.text)
    __aeabi_memclr4                          0x08000341   Thumb Code     0  memseta.o(.text)
    __aeabi_memclr8                          0x08000341   Thumb Code     0  memseta.o(.text)
    _memset$wrapper                          0x08000345   Thumb Code    18  memseta.o(.text)
    __aeabi_ul2f                             0x08000357   Thumb Code    28  ffltul.o(.text)
    __aeabi_llsl                             0x08000373   Thumb Code    30  llshl.o(.text)
    _ll_shift_l                              0x08000373   Thumb Code     0  llshl.o(.text)
    __aeabi_llsr                             0x08000391   Thumb Code    32  llushr.o(.text)
    _ll_ushift_r                             0x08000391   Thumb Code     0  llushr.o(.text)
    __I$use$fp                               0x080003b1   Thumb Code     0  iusefp.o(.text)
    _float_round                             0x080003b1   Thumb Code    18  fepilogue.o(.text)
    _float_epilogue                          0x080003c3   Thumb Code    92  fepilogue.o(.text)
    __scatterload                            0x08000421   Thumb Code    28  init.o(.text)
    __scatterload_rt2                        0x08000421   Thumb Code     0  init.o(.text)
    BusFault_Handler                         0x08000449   Thumb Code     2  stm32h7xx_it.o(.text.BusFault_Handler)
    DebugMon_Handler                         0x08000451   Thumb Code     2  stm32h7xx_it.o(.text.DebugMon_Handler)
    Error_Handler                            0x08000459   Thumb Code    10  main.o(.text.Error_Handler)
    HAL_DMA_Abort                            0x08000469   Thumb Code  1326  stm32h7xx_hal_dma.o(.text.HAL_DMA_Abort)
    HAL_DMA_Abort_IT                         0x08000999   Thumb Code   698  stm32h7xx_hal_dma.o(.text.HAL_DMA_Abort_IT)
    HAL_Delay                                0x08000c59   Thumb Code    40  stm32h7xx_hal.o(.text.HAL_Delay)
    HAL_GPIO_Init                            0x08000c81   Thumb Code   426  stm32h7xx_hal_gpio.o(.text.HAL_GPIO_Init)
    HAL_GPIO_ReadPin                         0x08000e31   Thumb Code    10  stm32h7xx_hal_gpio.o(.text.HAL_GPIO_ReadPin)
    HAL_GPIO_TogglePin                       0x08000e41   Thumb Code    16  stm32h7xx_hal_gpio.o(.text.HAL_GPIO_TogglePin)
    HAL_GPIO_WritePin                        0x08000e51   Thumb Code    10  stm32h7xx_hal_gpio.o(.text.HAL_GPIO_WritePin)
    HAL_GetREVID                             0x08000e61   Thumb Code    14  stm32h7xx_hal.o(.text.HAL_GetREVID)
    HAL_GetTick                              0x08000e71   Thumb Code    12  stm32h7xx_hal.o(.text.HAL_GetTick)
    HAL_I2CEx_ConfigAnalogFilter             0x08000e81   Thumb Code    74  stm32h7xx_hal_i2c_ex.o(.text.HAL_I2CEx_ConfigAnalogFilter)
    HAL_I2CEx_ConfigDigitalFilter            0x08000ed1   Thumb Code    72  stm32h7xx_hal_i2c_ex.o(.text.HAL_I2CEx_ConfigDigitalFilter)
    HAL_I2CEx_EnableFastModePlus             0x08000f19   Thumb Code    46  stm32h7xx_hal_i2c_ex.o(.text.HAL_I2CEx_EnableFastModePlus)
    HAL_I2C_Init                             0x08000f49   Thumb Code   174  stm32h7xx_hal_i2c.o(.text.HAL_I2C_Init)
    HAL_I2C_Mem_Write                        0x08000ff9   Thumb Code   564  stm32h7xx_hal_i2c.o(.text.HAL_I2C_Mem_Write)
    HAL_I2C_MspInit                          0x08001231   Thumb Code   316  i2c.o(.text.HAL_I2C_MspInit)
    HAL_IncTick                              0x08001371   Thumb Code    26  stm32h7xx_hal.o(.text.HAL_IncTick)
    HAL_Init                                 0x08001391   Thumb Code   100  stm32h7xx_hal.o(.text.HAL_Init)
    HAL_InitTick                             0x080013f9   Thumb Code    76  stm32h7xx_hal.o(.text.HAL_InitTick)
    HAL_MPU_ConfigRegion                     0x08001449   Thumb Code    94  stm32h7xx_hal_cortex.o(.text.HAL_MPU_ConfigRegion)
    HAL_MPU_Disable                          0x080014a9   Thumb Code    26  stm32h7xx_hal_cortex.o(.text.HAL_MPU_Disable)
    HAL_MPU_Enable                           0x080014c9   Thumb Code    32  stm32h7xx_hal_cortex.o(.text.HAL_MPU_Enable)
    HAL_MspInit                              0x080014e9   Thumb Code    32  stm32h7xx_hal_msp.o(.text.HAL_MspInit)
    HAL_NVIC_EnableIRQ                       0x08001509   Thumb Code    34  stm32h7xx_hal_cortex.o(.text.HAL_NVIC_EnableIRQ)
    HAL_NVIC_SetPriority                     0x08001531   Thumb Code    90  stm32h7xx_hal_cortex.o(.text.HAL_NVIC_SetPriority)
    HAL_NVIC_SetPriorityGrouping             0x08001591   Thumb Code    32  stm32h7xx_hal_cortex.o(.text.HAL_NVIC_SetPriorityGrouping)
    HAL_PWREx_ConfigSupply                   0x080015b1   Thumb Code    76  stm32h7xx_hal_pwr_ex.o(.text.HAL_PWREx_ConfigSupply)
    HAL_RCCEx_GetD3PCLK1Freq                 0x08001601   Thumb Code    38  stm32h7xx_hal_rcc_ex.o(.text.HAL_RCCEx_GetD3PCLK1Freq)
    HAL_RCCEx_GetPLL2ClockFreq               0x08001629   Thumb Code   300  stm32h7xx_hal_rcc_ex.o(.text.HAL_RCCEx_GetPLL2ClockFreq)
    HAL_RCCEx_GetPLL3ClockFreq               0x08001759   Thumb Code   300  stm32h7xx_hal_rcc_ex.o(.text.HAL_RCCEx_GetPLL3ClockFreq)
    HAL_RCCEx_PeriphCLKConfig                0x08001889   Thumb Code  2876  stm32h7xx_hal_rcc_ex.o(.text.HAL_RCCEx_PeriphCLKConfig)
    HAL_RCC_ClockConfig                      0x080023c9   Thumb Code   616  stm32h7xx_hal_rcc.o(.text.HAL_RCC_ClockConfig)
    HAL_RCC_GetHCLKFreq                      0x08002631   Thumb Code    76  stm32h7xx_hal_rcc.o(.text.HAL_RCC_GetHCLKFreq)
    HAL_RCC_GetPCLK1Freq                     0x08002681   Thumb Code    96  stm32h7xx_hal_rcc.o(.text.HAL_RCC_GetPCLK1Freq)
    HAL_RCC_GetPCLK2Freq                     0x080026e1   Thumb Code    96  stm32h7xx_hal_rcc.o(.text.HAL_RCC_GetPCLK2Freq)
    HAL_RCC_GetSysClockFreq                  0x08002741   Thumb Code   280  stm32h7xx_hal_rcc.o(.text.HAL_RCC_GetSysClockFreq)
    HAL_RCC_OscConfig                        0x08002859   Thumb Code  1376  stm32h7xx_hal_rcc.o(.text.HAL_RCC_OscConfig)
    HAL_SYSTICK_Config                       0x08002db9   Thumb Code    46  stm32h7xx_hal_cortex.o(.text.HAL_SYSTICK_Config)
    HAL_TIMEx_Break2Callback                 0x08002de9   Thumb Code     2  stm32h7xx_hal_tim_ex.o(.text.HAL_TIMEx_Break2Callback)
    HAL_TIMEx_BreakCallback                  0x08002df1   Thumb Code     2  stm32h7xx_hal_tim_ex.o(.text.HAL_TIMEx_BreakCallback)
    HAL_TIMEx_CommutCallback                 0x08002df9   Thumb Code     2  stm32h7xx_hal_tim_ex.o(.text.HAL_TIMEx_CommutCallback)
    HAL_TIMEx_MasterConfigSynchronization    0x08002e01   Thumb Code   202  stm32h7xx_hal_tim_ex.o(.text.HAL_TIMEx_MasterConfigSynchronization)
    HAL_TIM_Base_Init                        0x08002ed1   Thumb Code    96  stm32h7xx_hal_tim.o(.text.HAL_TIM_Base_Init)
    HAL_TIM_Base_MspInit                     0x08002f31   Thumb Code    70  tim.o(.text.HAL_TIM_Base_MspInit)
    HAL_TIM_Base_Start_IT                    0x08002f79   Thumb Code   180  stm32h7xx_hal_tim.o(.text.HAL_TIM_Base_Start_IT)
    HAL_TIM_ConfigClockSource                0x08003031   Thumb Code   508  stm32h7xx_hal_tim.o(.text.HAL_TIM_ConfigClockSource)
    HAL_TIM_Encoder_Init                     0x08003231   Thumb Code   184  stm32h7xx_hal_tim.o(.text.HAL_TIM_Encoder_Init)
    HAL_TIM_Encoder_MspInit                  0x080032e9   Thumb Code   200  tim.o(.text.HAL_TIM_Encoder_MspInit)
    HAL_TIM_Encoder_Start                    0x080033b1   Thumb Code   188  stm32h7xx_hal_tim.o(.text.HAL_TIM_Encoder_Start)
    HAL_TIM_IC_CaptureCallback               0x08003471   Thumb Code     2  stm32h7xx_hal_tim.o(.text.HAL_TIM_IC_CaptureCallback)
    HAL_TIM_IRQHandler                       0x08003479   Thumb Code   364  stm32h7xx_hal_tim.o(.text.HAL_TIM_IRQHandler)
    HAL_TIM_OC_DelayElapsedCallback          0x080035e9   Thumb Code     2  stm32h7xx_hal_tim.o(.text.HAL_TIM_OC_DelayElapsedCallback)
    HAL_TIM_PWM_ConfigChannel                0x080035f1   Thumb Code  1214  stm32h7xx_hal_tim.o(.text.HAL_TIM_PWM_ConfigChannel)
    HAL_TIM_PWM_Init                         0x08003ab1   Thumb Code    96  stm32h7xx_hal_tim.o(.text.HAL_TIM_PWM_Init)
    HAL_TIM_PWM_MspInit                      0x08003b11   Thumb Code    46  tim.o(.text.HAL_TIM_PWM_MspInit)
    HAL_TIM_PWM_PulseFinishedCallback        0x08003b41   Thumb Code     2  stm32h7xx_hal_tim.o(.text.HAL_TIM_PWM_PulseFinishedCallback)
    HAL_TIM_PWM_Start                        0x08003b49   Thumb Code   396  stm32h7xx_hal_tim.o(.text.HAL_TIM_PWM_Start)
    HAL_TIM_PeriodElapsedCallback            0x08003cd9   Thumb Code  1436  main.o(.text.HAL_TIM_PeriodElapsedCallback)
    HAL_TIM_TriggerCallback                  0x08004279   Thumb Code     2  stm32h7xx_hal_tim.o(.text.HAL_TIM_TriggerCallback)
    HAL_UARTEx_DisableFifoMode               0x08004281   Thumb Code    54  stm32h7xx_hal_uart_ex.o(.text.HAL_UARTEx_DisableFifoMode)
    HAL_UARTEx_RxEventCallback               0x080042b9   Thumb Code     2  stm32h7xx_hal_uart.o(.text.HAL_UARTEx_RxEventCallback)
    HAL_UARTEx_RxFifoFullCallback            0x080042c1   Thumb Code     2  stm32h7xx_hal_uart_ex.o(.text.HAL_UARTEx_RxFifoFullCallback)
    HAL_UARTEx_SetRxFifoThreshold            0x080042c9   Thumb Code   144  stm32h7xx_hal_uart_ex.o(.text.HAL_UARTEx_SetRxFifoThreshold)
    HAL_UARTEx_SetTxFifoThreshold            0x08004359   Thumb Code   144  stm32h7xx_hal_uart_ex.o(.text.HAL_UARTEx_SetTxFifoThreshold)
    HAL_UARTEx_TxFifoEmptyCallback           0x080043e9   Thumb Code     2  stm32h7xx_hal_uart_ex.o(.text.HAL_UARTEx_TxFifoEmptyCallback)
    HAL_UARTEx_WakeupCallback                0x080043f1   Thumb Code     2  stm32h7xx_hal_uart_ex.o(.text.HAL_UARTEx_WakeupCallback)
    HAL_UART_ErrorCallback                   0x080043f9   Thumb Code     2  stm32h7xx_hal_uart.o(.text.HAL_UART_ErrorCallback)
    HAL_UART_IRQHandler                      0x08004401   Thumb Code  1880  stm32h7xx_hal_uart.o(.text.HAL_UART_IRQHandler)
    HAL_UART_Init                            0x08004b59   Thumb Code   104  stm32h7xx_hal_uart.o(.text.HAL_UART_Init)
    HAL_UART_MspInit                         0x08004bc1   Thumb Code   352  usart.o(.text.HAL_UART_MspInit)
    HAL_UART_Receive_IT                      0x08004d21   Thumb Code   168  stm32h7xx_hal_uart.o(.text.HAL_UART_Receive_IT)
    HAL_UART_RxCpltCallback                  0x08004dc9   Thumb Code   232  main.o(.text.HAL_UART_RxCpltCallback)
    HAL_UART_TxCpltCallback                  0x08004eb1   Thumb Code     2  stm32h7xx_hal_uart.o(.text.HAL_UART_TxCpltCallback)
    HardFault_Handler                        0x08004eb9   Thumb Code     2  stm32h7xx_it.o(.text.HardFault_Handler)
    MX_GPIO_Init                             0x08005219   Thumb Code   348  gpio.o(.text.MX_GPIO_Init)
    MX_I2C2_Init                             0x08005379   Thumb Code   108  i2c.o(.text.MX_I2C2_Init)
    MX_I2C3_Init                             0x080053e9   Thumb Code   108  i2c.o(.text.MX_I2C3_Init)
    MX_TIM2_Init                             0x08005459   Thumb Code   212  tim.o(.text.MX_TIM2_Init)
    MX_TIM3_Init                             0x08005531   Thumb Code   104  tim.o(.text.MX_TIM3_Init)
    MX_TIM4_Init                             0x08005599   Thumb Code   104  tim.o(.text.MX_TIM4_Init)
    MX_TIM5_Init                             0x08005601   Thumb Code   116  tim.o(.text.MX_TIM5_Init)
    MX_USART1_UART_Init                      0x08005679   Thumb Code   124  usart.o(.text.MX_USART1_UART_Init)
    MX_USART2_UART_Init                      0x080056f9   Thumb Code   124  usart.o(.text.MX_USART2_UART_Init)
    MX_USART6_UART_Init                      0x08005779   Thumb Code   124  usart.o(.text.MX_USART6_UART_Init)
    MemManage_Handler                        0x080057f9   Thumb Code     2  stm32h7xx_it.o(.text.MemManage_Handler)
    NMI_Handler                              0x08005801   Thumb Code     2  stm32h7xx_it.o(.text.NMI_Handler)
    OLED_FullyClear                          0x08005809   Thumb Code   172  oled.o(.text.OLED_FullyClear)
    OLED_Init                                0x080058b9   Thumb Code    16  oled.o(.text.OLED_Init)
    OLED_ShowChar                            0x080058c9   Thumb Code   990  oled.o(.text.OLED_ShowChar)
    OLED_ShowStr                             0x08005ca9   Thumb Code    64  oled.o(.text.OLED_ShowStr)
    OLED_ShowStr1                            0x08005ce9   Thumb Code   350  oled.o(.text.OLED_ShowStr1)
    PendSV_Handler                           0x08005e49   Thumb Code     2  stm32h7xx_it.o(.text.PendSV_Handler)
    SVC_Handler                              0x080060a1   Thumb Code     2  stm32h7xx_it.o(.text.SVC_Handler)
    SysTick_Handler                          0x080060a9   Thumb Code     4  stm32h7xx_it.o(.text.SysTick_Handler)
    SystemClock_Config                       0x080060b1   Thumb Code   316  main.o(.text.SystemClock_Config)
    SystemInit                               0x080061f1   Thumb Code   204  system_stm32h7xx.o(.text.SystemInit)
    TIM3_IRQHandler                          0x080062c1   Thumb Code    12  stm32h7xx_it.o(.text.TIM3_IRQHandler)
    TIM4_IRQHandler                          0x080062d1   Thumb Code    12  stm32h7xx_it.o(.text.TIM4_IRQHandler)
    TIM5_IRQHandler                          0x080062e1   Thumb Code    12  stm32h7xx_it.o(.text.TIM5_IRQHandler)
    TIM_Base_SetConfig                       0x080062f1   Thumb Code   356  stm32h7xx_hal_tim.o(.text.TIM_Base_SetConfig)
    UART_AdvFeatureConfig                    0x08006459   Thumb Code   224  stm32h7xx_hal_uart.o(.text.UART_AdvFeatureConfig)
    UART_CheckIdleState                      0x08006539   Thumb Code   374  stm32h7xx_hal_uart.o(.text.UART_CheckIdleState)
    UART_SetConfig                           0x080070c1   Thumb Code  1196  stm32h7xx_hal_uart.o(.text.UART_SetConfig)
    UART_Start_Receive_IT                    0x08007579   Thumb Code   628  stm32h7xx_hal_uart.o(.text.UART_Start_Receive_IT)
    UART_WaitOnFlagUntilTimeout              0x080077f1   Thumb Code   856  stm32h7xx_hal_uart.o(.text.UART_WaitOnFlagUntilTimeout)
    USART1_IRQHandler                        0x08007b49   Thumb Code    12  stm32h7xx_it.o(.text.USART1_IRQHandler)
    USART2_IRQHandler                        0x08007b59   Thumb Code    12  stm32h7xx_it.o(.text.USART2_IRQHandler)
    USART6_IRQHandler                        0x08007b69   Thumb Code    12  stm32h7xx_it.o(.text.USART6_IRQHandler)
    UsageFault_Handler                       0x08007b79   Thumb Code     2  stm32h7xx_it.o(.text.UsageFault_Handler)
    WriteCmd                                 0x08007b81   Thumb Code   606  oled.o(.text.WriteCmd)
    distence_A_pid                           0x08007de1   Thumb Code   136  motor.o(.text.distence_A_pid)
    distence_B_pid                           0x08007e69   Thumb Code   136  motor.o(.text.distence_B_pid)
    get_T_distence                           0x08007ef1   Thumb Code    18  motor.o(.text.get_T_distence)
    led                                      0x08007f09   Thumb Code   112  main.o(.text.led)
    line_pid                                 0x08007f79   Thumb Code   196  control.o(.text.line_pid)
    main                                     0x08008041   Thumb Code  2456  main.o(.text.main)
    motor_handle                             0x080089f1   Thumb Code   552  motor.o(.text.motor_handle)
    motor_init                               0x08008c19   Thumb Code    98  motor.o(.text.motor_init)
    uart_it_init                             0x08008c81   Thumb Code    46  uart_it.o(.text.uart_it_init)
    uart_it_receive                          0x08008cb1   Thumb Code   116  uart_it.o(.text.uart_it_receive)
    uart_it_receive1                         0x08008d29   Thumb Code   144  uart_it.o(.text.uart_it_receive1)
    __scatterload_copy                       0x08008db9   Thumb Code    14  handlers.o(i.__scatterload_copy)
    __scatterload_null                       0x08008dc7   Thumb Code     2  handlers.o(i.__scatterload_null)
    __scatterload_zeroinit                   0x08008dc9   Thumb Code    14  handlers.o(i.__scatterload_zeroinit)
    D1CorePrescTable                         0x08008de2   Data          16  system_stm32h7xx.o(.rodata.D1CorePrescTable)
    F6x8                                     0x08008df2   Data         552  oled.o(.rodata.F6x8)
    F8X16                                    0x0800901a   Data        1504  oled.o(.rodata.F8X16)
    UARTPrescTable                           0x080095fa   Data          24  stm32h7xx_hal_uart.o(.rodata.UARTPrescTable)
    Region$$Table$$Base                      0x08009624   Number         0  anon$$obj.o(Region$$Table)
    Region$$Table$$Limit                     0x08009644   Number         0  anon$$obj.o(Region$$Table)
    bibibi                                   0x24000000   Data           1  main.o(.data..L_MergedGlobals)
    zhuangtai01                              0x24000004   Data           4  main.o(.data..L_MergedGlobals)
    uwTickFreq                               0x24000008   Data           1  stm32h7xx_hal.o(.data..L_MergedGlobals)
    uwTickPrio                               0x2400000c   Data           4  stm32h7xx_hal.o(.data..L_MergedGlobals)
    SystemCoreClock                          0x24000010   Data           4  system_stm32h7xx.o(.data..L_MergedGlobals)
    SystemD2Clock                            0x24000014   Data           4  system_stm32h7xx.o(.data..L_MergedGlobals)
    z_A                                      0x24000018   Data           4  motor.o(.data..L_MergedGlobals)
    z_B                                      0x2400001c   Data           4  motor.o(.data..L_MergedGlobals)
    distence_kpA                             0x24000020   Data           4  motor.o(.data..L_MergedGlobals)
    distence_kdA                             0x24000024   Data           4  motor.o(.data..L_MergedGlobals)
    distence_kpB                             0x24000028   Data           4  motor.o(.data..L_MergedGlobals)
    distence_kdB                             0x2400002c   Data           4  motor.o(.data..L_MergedGlobals)
    CMD_Data                                 0x24000030   Data          27  oled.o(.data.CMD_Data)
    now                                      0x2400004c   Data           4  control.o(.data.now)
    err                                      0x24000050   Data           4  control.o(.bss..L_MergedGlobals)
    last_err                                 0x24000054   Data           4  control.o(.bss..L_MergedGlobals)
    ceh_A                                    0x24000060   Data           4  motor.o(.bss..L_MergedGlobals.1)
    ceh_B                                    0x24000064   Data           4  motor.o(.bss..L_MergedGlobals.1)
    Tv_A                                     0x24000068   Data           4  motor.o(.bss..L_MergedGlobals.1)
    Tv_B                                     0x2400006c   Data           4  motor.o(.bss..L_MergedGlobals.1)
    exA                                      0x24000070   Data           4  motor.o(.bss..L_MergedGlobals.1)
    exB                                      0x24000074   Data           4  motor.o(.bss..L_MergedGlobals.1)
    v_A                                      0x24000078   Data           4  motor.o(.bss..L_MergedGlobals.1)
    v_B                                      0x2400007c   Data           4  motor.o(.bss..L_MergedGlobals.1)
    error_v_A                                0x24000080   Data           4  motor.o(.bss..L_MergedGlobals.1)
    error_v_B                                0x24000084   Data           4  motor.o(.bss..L_MergedGlobals.1)
    last_error_v_A                           0x24000088   Data           4  motor.o(.bss..L_MergedGlobals.1)
    last_error_v_B                           0x2400008c   Data           4  motor.o(.bss..L_MergedGlobals.1)
    pwmA                                     0x24000090   Data           4  motor.o(.bss..L_MergedGlobals.1)
    pwmB                                     0x24000094   Data           4  motor.o(.bss..L_MergedGlobals.1)
    pid_out_VA                               0x24000098   Data           4  motor.o(.bss..L_MergedGlobals.1)
    pid_out_VB                               0x2400009c   Data           4  motor.o(.bss..L_MergedGlobals.1)
    lz_A                                     0x240000a0   Data           4  motor.o(.bss..L_MergedGlobals.1)
    lz_B                                     0x240000a4   Data           4  motor.o(.bss..L_MergedGlobals.1)
    fffff                                    0x240000a8   Data           4  motor.o(.bss..L_MergedGlobals.1)
    T_distence_A                             0x240000ac   Data           4  motor.o(.bss..L_MergedGlobals.1)
    T_distence_B                             0x240000b0   Data           4  motor.o(.bss..L_MergedGlobals.1)
    distence_A                               0x240000b4   Data           4  motor.o(.bss..L_MergedGlobals.1)
    distence_A_er                            0x240000b8   Data           4  motor.o(.bss..L_MergedGlobals.1)
    distence_A_last_er                       0x240000bc   Data           4  motor.o(.bss..L_MergedGlobals.1)
    distence_A_d                             0x240000c0   Data           4  motor.o(.bss..L_MergedGlobals.1)
    distence_A_i                             0x240000c4   Data           4  motor.o(.bss..L_MergedGlobals.1)
    distence_B                               0x240000c8   Data           4  motor.o(.bss..L_MergedGlobals.1)
    distence_B_er                            0x240000cc   Data           4  motor.o(.bss..L_MergedGlobals.1)
    distence_B_last_er                       0x240000d0   Data           4  motor.o(.bss..L_MergedGlobals.1)
    distence_B_d                             0x240000d4   Data           4  motor.o(.bss..L_MergedGlobals.1)
    distence_B_i                             0x240000d8   Data           4  motor.o(.bss..L_MergedGlobals.1)
    state                                    0x240000e0   Data           1  main.o(.bss..L_MergedGlobals.3)
    state1                                   0x240000e1   Data           1  main.o(.bss..L_MergedGlobals.3)
    tick                                     0x240000e2   Data           1  main.o(.bss..L_MergedGlobals.3)
    T_num                                    0x240000e3   Data           1  main.o(.bss..L_MergedGlobals.3)
    back                                     0x240000e4   Data           1  main.o(.bss..L_MergedGlobals.3)
    hhh                                      0x240000e5   Data           1  main.o(.bss..L_MergedGlobals.3)
    hhhh                                     0x240000e6   Data           1  main.o(.bss..L_MergedGlobals.3)
    shuliang                                 0x240000e8   Data           2  main.o(.bss..L_MergedGlobals.3)
    zhongbingfangnum                         0x240000ea   Data           2  main.o(.bss..L_MergedGlobals.3)
    moweibingfangnum                         0x240000ec   Data           2  main.o(.bss..L_MergedGlobals.3)
    BL_RX                                    0x240000ee   Data           3  main.o(.bss..L_MergedGlobals.3)
    color                                    0x240000f4   Data           4  main.o(.bss..L_MergedGlobals.3)
    for_ru_num                               0x240000f8   Data           4  main.o(.bss..L_MergedGlobals.3)
    zhuanwan                                 0x240000fc   Data           4  main.o(.bss..L_MergedGlobals.3)
    lukou                                    0x24000100   Data           4  main.o(.bss..L_MergedGlobals.3)
    timu                                     0x24000104   Data           4  main.o(.bss..L_MergedGlobals.3)
    set_jvli_A                               0x24000108   Data           8  main.o(.bss..L_MergedGlobals.3)
    set_jvli_B                               0x24000110   Data           8  main.o(.bss..L_MergedGlobals.3)
    Date                                     0x24000118   Data          10  main.o(.bss..L_MergedGlobals.3)
    number                                   0x24000124   Data          16  main.o(.bss..L_MergedGlobals.3)
    Date1                                    0x24000134   Data          20  main.o(.bss..L_MergedGlobals.3)
    hi2c2                                    0x24000148   Data          84  i2c.o(.bss.hi2c2)
    hi2c3                                    0x2400019c   Data          84  i2c.o(.bss.hi2c3)
    htim2                                    0x240001f0   Data          76  tim.o(.bss.htim2)
    htim3                                    0x2400023c   Data          76  tim.o(.bss.htim3)
    htim4                                    0x24000288   Data          76  tim.o(.bss.htim4)
    htim5                                    0x240002d4   Data          76  tim.o(.bss.htim5)
    huart1                                   0x24000320   Data         148  usart.o(.bss.huart1)
    huart2                                   0x240003b4   Data         148  usart.o(.bss.huart2)
    huart6                                   0x24000448   Data         148  usart.o(.bss.huart6)
    uwTick                                   0x240004dc   Data           4  stm32h7xx_hal.o(.bss.uwTick)
    width                                    0x240004e0   Data           4  control.o(.bss.width)
    __initial_sp                             0x240008e8   Data           0  startup_stm32h750xx.o(STACK)



==============================================================================

Memory Map of the image

  Image Entry point : 0x08000299

  Load Region LR_IROM1 (Base: 0x08000000, Size: 0x00009698, Max: 0x00020000, ABSOLUTE)

    Execution Region ER_IROM1 (Exec base: 0x08000000, Load base: 0x08000000, Size: 0x00009644, Max: 0x00020000, ABSOLUTE)

    Exec Addr    Load Addr    Size         Type   Attr      Idx    E Section Name        Object

    0x08000000   0x08000000   0x00000298   Data   RO            3    RESET               startup_stm32h750xx.o
    0x08000298   0x08000298   0x00000000   Code   RO         1610  * .ARM.Collect$$$$00000000  mc_w.l(entry.o)
    0x08000298   0x08000298   0x00000004   Code   RO         1619    .ARM.Collect$$$$00000001  mc_w.l(entry2.o)
    0x0800029c   0x0800029c   0x00000004   Code   RO         1622    .ARM.Collect$$$$00000004  mc_w.l(entry5.o)
    0x080002a0   0x080002a0   0x00000000   Code   RO         1624    .ARM.Collect$$$$00000008  mc_w.l(entry7b.o)
    0x080002a0   0x080002a0   0x00000000   Code   RO         1626    .ARM.Collect$$$$0000000A  mc_w.l(entry8b.o)
    0x080002a0   0x080002a0   0x00000008   Code   RO         1627    .ARM.Collect$$$$0000000B  mc_w.l(entry9a.o)
    0x080002a8   0x080002a8   0x00000000   Code   RO         1629    .ARM.Collect$$$$0000000D  mc_w.l(entry10a.o)
    0x080002a8   0x080002a8   0x00000000   Code   RO         1631    .ARM.Collect$$$$0000000F  mc_w.l(entry11a.o)
    0x080002a8   0x080002a8   0x00000004   Code   RO         1620    .ARM.Collect$$$$00002712  mc_w.l(entry2.o)
    0x080002ac   0x080002ac   0x00000024   Code   RO            4    .text               startup_stm32h750xx.o
    0x080002d0   0x080002d0   0x00000062   Code   RO         1613    .text               mc_w.l(uldiv.o)
    0x08000332   0x08000332   0x00000024   Code   RO         1615    .text               mc_w.l(memseta.o)
    0x08000356   0x08000356   0x0000001c   Code   RO         1617    .text               mf_w.l(ffltul.o)
    0x08000372   0x08000372   0x0000001e   Code   RO         1633    .text               mc_w.l(llshl.o)
    0x08000390   0x08000390   0x00000020   Code   RO         1635    .text               mc_w.l(llushr.o)
    0x080003b0   0x080003b0   0x00000000   Code   RO         1637    .text               mc_w.l(iusefp.o)
    0x080003b0   0x080003b0   0x0000006e   Code   RO         1638    .text               mf_w.l(fepilogue.o)
    0x0800041e   0x0800041e   0x00000002   PAD
    0x08000420   0x08000420   0x00000024   Code   RO         1640    .text               mc_w.l(init.o)
    0x08000444   0x08000444   0x00000004   PAD
    0x08000448   0x08000448   0x00000002   Code   RO          130    .text.BusFault_Handler  stm32h7xx_it.o
    0x0800044a   0x0800044a   0x00000006   PAD
    0x08000450   0x08000450   0x00000002   Code   RO          136    .text.DebugMon_Handler  stm32h7xx_it.o
    0x08000452   0x08000452   0x00000006   PAD
    0x08000458   0x08000458   0x0000000a   Code   RO           19    .text.Error_Handler  main.o
    0x08000462   0x08000462   0x00000006   PAD
    0x08000468   0x08000468   0x0000052e   Code   RO          622    .text.HAL_DMA_Abort  stm32h7xx_hal_dma.o
    0x08000996   0x08000996   0x00000002   PAD
    0x08000998   0x08000998   0x000002ba   Code   RO          624    .text.HAL_DMA_Abort_IT  stm32h7xx_hal_dma.o
    0x08000c52   0x08000c52   0x00000006   PAD
    0x08000c58   0x08000c58   0x00000028   Code   RO          868    .text.HAL_Delay     stm32h7xx_hal.o
    0x08000c80   0x08000c80   0x000001aa   Code   RO          556    .text.HAL_GPIO_Init  stm32h7xx_hal_gpio.o
    0x08000e2a   0x08000e2a   0x00000006   PAD
    0x08000e30   0x08000e30   0x0000000a   Code   RO          560    .text.HAL_GPIO_ReadPin  stm32h7xx_hal_gpio.o
    0x08000e3a   0x08000e3a   0x00000006   PAD
    0x08000e40   0x08000e40   0x00000010   Code   RO          564    .text.HAL_GPIO_TogglePin  stm32h7xx_hal_gpio.o
    0x08000e50   0x08000e50   0x0000000a   Code   RO          562    .text.HAL_GPIO_WritePin  stm32h7xx_hal_gpio.o
    0x08000e5a   0x08000e5a   0x00000006   PAD
    0x08000e60   0x08000e60   0x0000000e   Code   RO          876    .text.HAL_GetREVID  stm32h7xx_hal.o
    0x08000e6e   0x08000e6e   0x00000002   PAD
    0x08000e70   0x08000e70   0x0000000c   Code   RO          860    .text.HAL_GetTick   stm32h7xx_hal.o
    0x08000e7c   0x08000e7c   0x00000004   PAD
    0x08000e80   0x08000e80   0x0000004a   Code   RO          375    .text.HAL_I2CEx_ConfigAnalogFilter  stm32h7xx_hal_i2c_ex.o
    0x08000eca   0x08000eca   0x00000006   PAD
    0x08000ed0   0x08000ed0   0x00000048   Code   RO          377    .text.HAL_I2CEx_ConfigDigitalFilter  stm32h7xx_hal_i2c_ex.o
    0x08000f18   0x08000f18   0x0000002e   Code   RO          383    .text.HAL_I2CEx_EnableFastModePlus  stm32h7xx_hal_i2c_ex.o
    0x08000f46   0x08000f46   0x00000002   PAD
    0x08000f48   0x08000f48   0x000000ae   Code   RO          221    .text.HAL_I2C_Init  stm32h7xx_hal_i2c.o
    0x08000ff6   0x08000ff6   0x00000002   PAD
    0x08000ff8   0x08000ff8   0x00000234   Code   RO          279    .text.HAL_I2C_Mem_Write  stm32h7xx_hal_i2c.o
    0x0800122c   0x0800122c   0x00000004   PAD
    0x08001230   0x08001230   0x0000013c   Code   RO           55    .text.HAL_I2C_MspInit  i2c.o
    0x0800136c   0x0800136c   0x00000004   PAD
    0x08001370   0x08001370   0x0000001a   Code   RO          858    .text.HAL_IncTick   stm32h7xx_hal.o
    0x0800138a   0x0800138a   0x00000006   PAD
    0x08001390   0x08001390   0x00000064   Code   RO          848    .text.HAL_Init      stm32h7xx_hal.o
    0x080013f4   0x080013f4   0x00000004   PAD
    0x080013f8   0x080013f8   0x0000004c   Code   RO          850    .text.HAL_InitTick  stm32h7xx_hal.o
    0x08001444   0x08001444   0x00000004   PAD
    0x08001448   0x08001448   0x0000005e   Code   RO          191    .text.HAL_MPU_ConfigRegion  stm32h7xx_hal_cortex.o
    0x080014a6   0x080014a6   0x00000002   PAD
    0x080014a8   0x080014a8   0x0000001a   Code   RO          183    .text.HAL_MPU_Disable  stm32h7xx_hal_cortex.o
    0x080014c2   0x080014c2   0x00000006   PAD
    0x080014c8   0x080014c8   0x00000020   Code   RO          185    .text.HAL_MPU_Enable  stm32h7xx_hal_cortex.o
    0x080014e8   0x080014e8   0x00000020   Code   RO          161    .text.HAL_MspInit   stm32h7xx_hal_msp.o
    0x08001508   0x08001508   0x00000022   Code   RO          173    .text.HAL_NVIC_EnableIRQ  stm32h7xx_hal_cortex.o
    0x0800152a   0x0800152a   0x00000006   PAD
    0x08001530   0x08001530   0x0000005a   Code   RO          171    .text.HAL_NVIC_SetPriority  stm32h7xx_hal_cortex.o
    0x0800158a   0x0800158a   0x00000006   PAD
    0x08001590   0x08001590   0x00000020   Code   RO          169    .text.HAL_NVIC_SetPriorityGrouping  stm32h7xx_hal_cortex.o
    0x080015b0   0x080015b0   0x0000004c   Code   RO          760    .text.HAL_PWREx_ConfigSupply  stm32h7xx_hal_pwr_ex.o
    0x080015fc   0x080015fc   0x00000004   PAD
    0x08001600   0x08001600   0x00000026   Code   RO          447    .text.HAL_RCCEx_GetD3PCLK1Freq  stm32h7xx_hal_rcc_ex.o
    0x08001626   0x08001626   0x00000002   PAD
    0x08001628   0x08001628   0x0000012c   Code   RO          443    .text.HAL_RCCEx_GetPLL2ClockFreq  stm32h7xx_hal_rcc_ex.o
    0x08001754   0x08001754   0x00000004   PAD
    0x08001758   0x08001758   0x0000012c   Code   RO          445    .text.HAL_RCCEx_GetPLL3ClockFreq  stm32h7xx_hal_rcc_ex.o
    0x08001884   0x08001884   0x00000004   PAD
    0x08001888   0x08001888   0x00000b3c   Code   RO          431    .text.HAL_RCCEx_PeriphCLKConfig  stm32h7xx_hal_rcc_ex.o
    0x080023c4   0x080023c4   0x00000004   PAD
    0x080023c8   0x080023c8   0x00000268   Code   RO          399    .text.HAL_RCC_ClockConfig  stm32h7xx_hal_rcc.o
    0x08002630   0x08002630   0x0000004c   Code   RO          409    .text.HAL_RCC_GetHCLKFreq  stm32h7xx_hal_rcc.o
    0x0800267c   0x0800267c   0x00000004   PAD
    0x08002680   0x08002680   0x00000060   Code   RO          411    .text.HAL_RCC_GetPCLK1Freq  stm32h7xx_hal_rcc.o
    0x080026e0   0x080026e0   0x00000060   Code   RO          413    .text.HAL_RCC_GetPCLK2Freq  stm32h7xx_hal_rcc.o
    0x08002740   0x08002740   0x00000118   Code   RO          401    .text.HAL_RCC_GetSysClockFreq  stm32h7xx_hal_rcc.o
    0x08002858   0x08002858   0x00000560   Code   RO          397    .text.HAL_RCC_OscConfig  stm32h7xx_hal_rcc.o
    0x08002db8   0x08002db8   0x0000002e   Code   RO          181    .text.HAL_SYSTICK_Config  stm32h7xx_hal_cortex.o
    0x08002de6   0x08002de6   0x00000002   PAD
    0x08002de8   0x08002de8   0x00000002   Code   RO         1293    .text.HAL_TIMEx_Break2Callback  stm32h7xx_hal_tim_ex.o
    0x08002dea   0x08002dea   0x00000006   PAD
    0x08002df0   0x08002df0   0x00000002   Code   RO         1291    .text.HAL_TIMEx_BreakCallback  stm32h7xx_hal_tim_ex.o
    0x08002df2   0x08002df2   0x00000006   PAD
    0x08002df8   0x08002df8   0x00000002   Code   RO         1287    .text.HAL_TIMEx_CommutCallback  stm32h7xx_hal_tim_ex.o
    0x08002dfa   0x08002dfa   0x00000006   PAD
    0x08002e00   0x08002e00   0x000000ca   Code   RO         1275    .text.HAL_TIMEx_MasterConfigSynchronization  stm32h7xx_hal_tim_ex.o
    0x08002eca   0x08002eca   0x00000006   PAD
    0x08002ed0   0x08002ed0   0x00000060   Code   RO          980    .text.HAL_TIM_Base_Init  stm32h7xx_hal_tim.o
    0x08002f30   0x08002f30   0x00000046   Code   RO           83    .text.HAL_TIM_Base_MspInit  tim.o
    0x08002f76   0x08002f76   0x00000002   PAD
    0x08002f78   0x08002f78   0x000000b4   Code   RO          994    .text.HAL_TIM_Base_Start_IT  stm32h7xx_hal_tim.o
    0x0800302c   0x0800302c   0x00000004   PAD
    0x08003030   0x08003030   0x000001fc   Code   RO         1160    .text.HAL_TIM_ConfigClockSource  stm32h7xx_hal_tim.o
    0x0800322c   0x0800322c   0x00000004   PAD
    0x08003230   0x08003230   0x000000b8   Code   RO         1094    .text.HAL_TIM_Encoder_Init  stm32h7xx_hal_tim.o
    0x080032e8   0x080032e8   0x000000c8   Code   RO           81    .text.HAL_TIM_Encoder_MspInit  tim.o
    0x080033b0   0x080033b0   0x000000bc   Code   RO         1102    .text.HAL_TIM_Encoder_Start  stm32h7xx_hal_tim.o
    0x0800346c   0x0800346c   0x00000004   PAD
    0x08003470   0x08003470   0x00000002   Code   RO         1116    .text.HAL_TIM_IC_CaptureCallback  stm32h7xx_hal_tim.o
    0x08003472   0x08003472   0x00000006   PAD
    0x08003478   0x08003478   0x0000016c   Code   RO         1114    .text.HAL_TIM_IRQHandler  stm32h7xx_hal_tim.o
    0x080035e4   0x080035e4   0x00000004   PAD
    0x080035e8   0x080035e8   0x00000002   Code   RO         1118    .text.HAL_TIM_OC_DelayElapsedCallback  stm32h7xx_hal_tim.o
    0x080035ea   0x080035ea   0x00000006   PAD
    0x080035f0   0x080035f0   0x000004be   Code   RO         1134    .text.HAL_TIM_PWM_ConfigChannel  stm32h7xx_hal_tim.o
    0x08003aae   0x08003aae   0x00000002   PAD
    0x08003ab0   0x08003ab0   0x00000060   Code   RO         1034    .text.HAL_TIM_PWM_Init  stm32h7xx_hal_tim.o
    0x08003b10   0x08003b10   0x0000002e   Code   RO           79    .text.HAL_TIM_PWM_MspInit  tim.o
    0x08003b3e   0x08003b3e   0x00000002   PAD
    0x08003b40   0x08003b40   0x00000002   Code   RO         1120    .text.HAL_TIM_PWM_PulseFinishedCallback  stm32h7xx_hal_tim.o
    0x08003b42   0x08003b42   0x00000006   PAD
    0x08003b48   0x08003b48   0x0000018c   Code   RO         1042    .text.HAL_TIM_PWM_Start  stm32h7xx_hal_tim.o
    0x08003cd4   0x08003cd4   0x00000004   PAD
    0x08003cd8   0x08003cd8   0x0000059c   Code   RO           23    .text.HAL_TIM_PeriodElapsedCallback  main.o
    0x08004274   0x08004274   0x00000004   PAD
    0x08004278   0x08004278   0x00000002   Code   RO         1124    .text.HAL_TIM_TriggerCallback  stm32h7xx_hal_tim.o
    0x0800427a   0x0800427a   0x00000006   PAD
    0x08004280   0x08004280   0x00000036   Code   RO         1470    .text.HAL_UARTEx_DisableFifoMode  stm32h7xx_hal_uart_ex.o
    0x080042b6   0x080042b6   0x00000002   PAD
    0x080042b8   0x080042b8   0x00000002   Code   RO         1397    .text.HAL_UARTEx_RxEventCallback  stm32h7xx_hal_uart.o
    0x080042ba   0x080042ba   0x00000006   PAD
    0x080042c0   0x080042c0   0x00000002   Code   RO         1456    .text.HAL_UARTEx_RxFifoFullCallback  stm32h7xx_hal_uart_ex.o
    0x080042c2   0x080042c2   0x00000006   PAD
    0x080042c8   0x080042c8   0x00000090   Code   RO         1474    .text.HAL_UARTEx_SetRxFifoThreshold  stm32h7xx_hal_uart_ex.o
    0x08004358   0x08004358   0x00000090   Code   RO         1472    .text.HAL_UARTEx_SetTxFifoThreshold  stm32h7xx_hal_uart_ex.o
    0x080043e8   0x080043e8   0x00000002   Code   RO         1458    .text.HAL_UARTEx_TxFifoEmptyCallback  stm32h7xx_hal_uart_ex.o
    0x080043ea   0x080043ea   0x00000006   PAD
    0x080043f0   0x080043f0   0x00000002   Code   RO         1454    .text.HAL_UARTEx_WakeupCallback  stm32h7xx_hal_uart_ex.o
    0x080043f2   0x080043f2   0x00000006   PAD
    0x080043f8   0x080043f8   0x00000002   Code   RO         1395    .text.HAL_UART_ErrorCallback  stm32h7xx_hal_uart.o
    0x080043fa   0x080043fa   0x00000006   PAD
    0x08004400   0x08004400   0x00000758   Code   RO         1391    .text.HAL_UART_IRQHandler  stm32h7xx_hal_uart.o
    0x08004b58   0x08004b58   0x00000068   Code   RO         1307    .text.HAL_UART_Init  stm32h7xx_hal_uart.o
    0x08004bc0   0x08004bc0   0x00000160   Code   RO          109    .text.HAL_UART_MspInit  usart.o
    0x08004d20   0x08004d20   0x000000a8   Code   RO         1343    .text.HAL_UART_Receive_IT  stm32h7xx_hal_uart.o
    0x08004dc8   0x08004dc8   0x000000e8   Code   RO           21    .text.HAL_UART_RxCpltCallback  main.o
    0x08004eb0   0x08004eb0   0x00000002   Code   RO         1399    .text.HAL_UART_TxCpltCallback  stm32h7xx_hal_uart.o
    0x08004eb2   0x08004eb2   0x00000006   PAD
    0x08004eb8   0x08004eb8   0x00000002   Code   RO          126    .text.HardFault_Handler  stm32h7xx_it.o
    0x08004eba   0x08004eba   0x00000006   PAD
    0x08004ec0   0x08004ec0   0x00000160   Code   RO          365    .text.I2C_IsErrorOccurred  stm32h7xx_hal_i2c.o
    0x08005020   0x08005020   0x000000e0   Code   RO          231    .text.I2C_WaitOnFlagUntilTimeout  stm32h7xx_hal_i2c.o
    0x08005100   0x08005100   0x0000007c   Code   RO          235    .text.I2C_WaitOnSTOPFlagUntilTimeout  stm32h7xx_hal_i2c.o
    0x0800517c   0x0800517c   0x00000004   PAD
    0x08005180   0x08005180   0x00000094   Code   RO          233    .text.I2C_WaitOnTXISFlagUntilTimeout  stm32h7xx_hal_i2c.o
    0x08005214   0x08005214   0x00000004   PAD
    0x08005218   0x08005218   0x0000015c   Code   RO           42    .text.MX_GPIO_Init  gpio.o
    0x08005374   0x08005374   0x00000004   PAD
    0x08005378   0x08005378   0x0000006c   Code   RO           51    .text.MX_I2C2_Init  i2c.o
    0x080053e4   0x080053e4   0x00000004   PAD
    0x080053e8   0x080053e8   0x0000006c   Code   RO           53    .text.MX_I2C3_Init  i2c.o
    0x08005454   0x08005454   0x00000004   PAD
    0x08005458   0x08005458   0x000000d4   Code   RO           69    .text.MX_TIM2_Init  tim.o
    0x0800552c   0x0800552c   0x00000004   PAD
    0x08005530   0x08005530   0x00000068   Code   RO           73    .text.MX_TIM3_Init  tim.o
    0x08005598   0x08005598   0x00000068   Code   RO           75    .text.MX_TIM4_Init  tim.o
    0x08005600   0x08005600   0x00000074   Code   RO           77    .text.MX_TIM5_Init  tim.o
    0x08005674   0x08005674   0x00000004   PAD
    0x08005678   0x08005678   0x0000007c   Code   RO          103    .text.MX_USART1_UART_Init  usart.o
    0x080056f4   0x080056f4   0x00000004   PAD
    0x080056f8   0x080056f8   0x0000007c   Code   RO          105    .text.MX_USART2_UART_Init  usart.o
    0x08005774   0x08005774   0x00000004   PAD
    0x08005778   0x08005778   0x0000007c   Code   RO          107    .text.MX_USART6_UART_Init  usart.o
    0x080057f4   0x080057f4   0x00000004   PAD
    0x080057f8   0x080057f8   0x00000002   Code   RO          128    .text.MemManage_Handler  stm32h7xx_it.o
    0x080057fa   0x080057fa   0x00000006   PAD
    0x08005800   0x08005800   0x00000002   Code   RO          124    .text.NMI_Handler   stm32h7xx_it.o
    0x08005802   0x08005802   0x00000006   PAD
    0x08005808   0x08005808   0x000000ac   Code   RO         1515    .text.OLED_FullyClear  oled.o
    0x080058b4   0x080058b4   0x00000004   PAD
    0x080058b8   0x080058b8   0x00000010   Code   RO         1513    .text.OLED_Init     oled.o
    0x080058c8   0x080058c8   0x000003de   Code   RO         1529    .text.OLED_ShowChar  oled.o
    0x08005ca6   0x08005ca6   0x00000002   PAD
    0x08005ca8   0x08005ca8   0x00000040   Code   RO         1533    .text.OLED_ShowStr  oled.o
    0x08005ce8   0x08005ce8   0x0000015e   Code   RO         1527    .text.OLED_ShowStr1  oled.o
    0x08005e46   0x08005e46   0x00000002   PAD
    0x08005e48   0x08005e48   0x00000002   Code   RO          138    .text.PendSV_Handler  stm32h7xx_it.o
    0x08005e4a   0x08005e4a   0x00000006   PAD
    0x08005e50   0x08005e50   0x00000122   Code   RO          433    .text.RCCEx_PLL2_Config  stm32h7xx_hal_rcc_ex.o
    0x08005f72   0x08005f72   0x00000006   PAD
    0x08005f78   0x08005f78   0x00000122   Code   RO          435    .text.RCCEx_PLL3_Config  stm32h7xx_hal_rcc_ex.o
    0x0800609a   0x0800609a   0x00000006   PAD
    0x080060a0   0x080060a0   0x00000002   Code   RO          134    .text.SVC_Handler   stm32h7xx_it.o
    0x080060a2   0x080060a2   0x00000006   PAD
    0x080060a8   0x080060a8   0x00000004   Code   RO          140    .text.SysTick_Handler  stm32h7xx_it.o
    0x080060ac   0x080060ac   0x00000004   PAD
    0x080060b0   0x080060b0   0x0000013c   Code   RO           17    .text.SystemClock_Config  main.o
    0x080061ec   0x080061ec   0x00000004   PAD
    0x080061f0   0x080061f0   0x000000cc   Code   RO         1493    .text.SystemInit    system_stm32h7xx.o
    0x080062bc   0x080062bc   0x00000004   PAD
    0x080062c0   0x080062c0   0x0000000c   Code   RO          142    .text.TIM3_IRQHandler  stm32h7xx_it.o
    0x080062cc   0x080062cc   0x00000004   PAD
    0x080062d0   0x080062d0   0x0000000c   Code   RO          144    .text.TIM4_IRQHandler  stm32h7xx_it.o
    0x080062dc   0x080062dc   0x00000004   PAD
    0x080062e0   0x080062e0   0x0000000c   Code   RO          150    .text.TIM5_IRQHandler  stm32h7xx_it.o
    0x080062ec   0x080062ec   0x00000004   PAD
    0x080062f0   0x080062f0   0x00000164   Code   RO          984    .text.TIM_Base_SetConfig  stm32h7xx_hal_tim.o
    0x08006454   0x08006454   0x00000004   PAD
    0x08006458   0x08006458   0x000000e0   Code   RO         1311    .text.UART_AdvFeatureConfig  stm32h7xx_hal_uart.o
    0x08006538   0x08006538   0x00000176   Code   RO         1315    .text.UART_CheckIdleState  stm32h7xx_hal_uart.o
    0x080066ae   0x080066ae   0x00000002   PAD
    0x080066b0   0x080066b0   0x00000010   Code   RO         1393    .text.UART_DMAAbortOnError  stm32h7xx_hal_uart.o
    0x080066c0   0x080066c0   0x000001c4   Code   RO         1433    .text.UART_RxISR_16BIT  stm32h7xx_hal_uart.o
    0x08006884   0x08006884   0x00000004   PAD
    0x08006888   0x08006888   0x00000334   Code   RO         1429    .text.UART_RxISR_16BIT_FIFOEN  stm32h7xx_hal_uart.o
    0x08006bbc   0x08006bbc   0x00000004   PAD
    0x08006bc0   0x08006bc0   0x000001c8   Code   RO         1435    .text.UART_RxISR_8BIT  stm32h7xx_hal_uart.o
    0x08006d88   0x08006d88   0x00000338   Code   RO         1431    .text.UART_RxISR_8BIT_FIFOEN  stm32h7xx_hal_uart.o
    0x080070c0   0x080070c0   0x000004b4   Code   RO         1313    .text.UART_SetConfig  stm32h7xx_hal_uart.o
    0x08007574   0x08007574   0x00000004   PAD
    0x08007578   0x08007578   0x00000274   Code   RO         1345    .text.UART_Start_Receive_IT  stm32h7xx_hal_uart.o
    0x080077ec   0x080077ec   0x00000004   PAD
    0x080077f0   0x080077f0   0x00000358   Code   RO         1329    .text.UART_WaitOnFlagUntilTimeout  stm32h7xx_hal_uart.o
    0x08007b48   0x08007b48   0x0000000c   Code   RO          146    .text.USART1_IRQHandler  stm32h7xx_it.o
    0x08007b54   0x08007b54   0x00000004   PAD
    0x08007b58   0x08007b58   0x0000000c   Code   RO          148    .text.USART2_IRQHandler  stm32h7xx_it.o
    0x08007b64   0x08007b64   0x00000004   PAD
    0x08007b68   0x08007b68   0x0000000c   Code   RO          152    .text.USART6_IRQHandler  stm32h7xx_it.o
    0x08007b74   0x08007b74   0x00000004   PAD
    0x08007b78   0x08007b78   0x00000002   Code   RO          132    .text.UsageFault_Handler  stm32h7xx_it.o
    0x08007b7a   0x08007b7a   0x00000006   PAD
    0x08007b80   0x08007b80   0x0000025e   Code   RO         1507    .text.WriteCmd      oled.o
    0x08007dde   0x08007dde   0x00000002   PAD
    0x08007de0   0x08007de0   0x00000088   Code   RO         1578    .text.distence_A_pid  motor.o
    0x08007e68   0x08007e68   0x00000088   Code   RO         1580    .text.distence_B_pid  motor.o
    0x08007ef0   0x08007ef0   0x00000012   Code   RO         1576    .text.get_T_distence  motor.o
    0x08007f02   0x08007f02   0x00000006   PAD
    0x08007f08   0x08007f08   0x00000070   Code   RO           13    .text.led           main.o
    0x08007f78   0x08007f78   0x000000c4   Code   RO         1551    .text.line_pid      control.o
    0x0800803c   0x0800803c   0x00000004   PAD
    0x08008040   0x08008040   0x000009b0   Code   RO           15    .text.main          main.o
    0x080089f0   0x080089f0   0x00000228   Code   RO         1574    .text.motor_handle  motor.o
    0x08008c18   0x08008c18   0x00000062   Code   RO         1564    .text.motor_init    motor.o
    0x08008c7a   0x08008c7a   0x00000006   PAD
    0x08008c80   0x08008c80   0x0000002e   Code   RO         1596    .text.uart_it_init  uart_it.o
    0x08008cae   0x08008cae   0x00000002   PAD
    0x08008cb0   0x08008cb0   0x00000074   Code   RO         1598    .text.uart_it_receive  uart_it.o
    0x08008d24   0x08008d24   0x00000004   PAD
    0x08008d28   0x08008d28   0x00000090   Code   RO         1600    .text.uart_it_receive1  uart_it.o
    0x08008db8   0x08008db8   0x0000000e   Code   RO         1644    i.__scatterload_copy  mc_w.l(handlers.o)
    0x08008dc6   0x08008dc6   0x00000002   Code   RO         1645    i.__scatterload_null  mc_w.l(handlers.o)
    0x08008dc8   0x08008dc8   0x0000000e   Code   RO         1646    i.__scatterload_zeroinit  mc_w.l(handlers.o)
    0x08008dd6   0x08008dd6   0x00000006   Data   RO         1442    .rodata..Lswitch.table.UART_SetConfig.5  stm32h7xx_hal_uart.o
    0x08008ddc   0x08008ddc   0x00000006   Data   RO         1443    .rodata..Lswitch.table.UART_SetConfig.7  stm32h7xx_hal_uart.o
    0x08008de2   0x08008de2   0x00000010   Data   RO         1497    .rodata.D1CorePrescTable  system_stm32h7xx.o
    0x08008df2   0x08008df2   0x00000228   Data   RO         1539    .rodata.F6x8        oled.o
    0x0800901a   0x0800901a   0x000005e0   Data   RO         1540    .rodata.F8X16       oled.o
    0x080095fa   0x080095fa   0x00000018   Data   RO         1441    .rodata.UARTPrescTable  stm32h7xx_hal_uart.o
    0x08009612   0x08009612   0x00000010   Data   RO         1484    .rodata.cst8        stm32h7xx_hal_uart_ex.o
    0x08009622   0x08009622   0x00000002   PAD
    0x08009624   0x08009624   0x00000020   Data   RO         1643    Region$$Table       anon$$obj.o


    Execution Region RW_IRAM1 (Exec base: 0x20000000, Load base: 0x08009644, Size: 0x00000000, Max: 0x00020000, ABSOLUTE)

    **** No section assigned to this execution region ****


    Execution Region RW_IRAM2 (Exec base: 0x24000000, Load base: 0x08009648, Size: 0x000008e8, Max: 0x00080000, ABSOLUTE)

    Exec Addr    Load Addr    Size         Type   Attr      Idx    E Section Name        Object

    0x24000000   0x08009648   0x00000008   Data   RW           32    .data..L_MergedGlobals  main.o
    0x24000008   0x08009650   0x00000008   Data   RW          945    .data..L_MergedGlobals  stm32h7xx_hal.o
    0x24000010   0x08009658   0x00000008   Data   RW         1498    .data..L_MergedGlobals  system_stm32h7xx.o
    0x24000018   0x08009660   0x00000018   Data   RW         1586    .data..L_MergedGlobals  motor.o
    0x24000030   0x08009678   0x0000001b   Data   RW         1542    .data.CMD_Data      oled.o
    0x2400004b   0x08009693   0x00000001   PAD
    0x2400004c   0x08009694   0x00000004   Data   RW         1555    .data.now           control.o
    0x24000050        -       0x00000008   Zero   RW         1556    .bss..L_MergedGlobals  control.o
    0x24000058        -       0x00000006   Zero   RW         1602    .bss..L_MergedGlobals  uart_it.o
    0x2400005e   0x08009698   0x00000002   PAD
    0x24000060        -       0x0000007c   Zero   RW         1587    .bss..L_MergedGlobals.1  motor.o
    0x240000dc   0x08009698   0x00000004   PAD
    0x240000e0        -       0x00000068   Zero   RW           33    .bss..L_MergedGlobals.3  main.o
    0x24000148        -       0x00000054   Zero   RW           59    .bss.hi2c2          i2c.o
    0x2400019c        -       0x00000054   Zero   RW           60    .bss.hi2c3          i2c.o
    0x240001f0        -       0x0000004c   Zero   RW           91    .bss.htim2          tim.o
    0x2400023c        -       0x0000004c   Zero   RW           92    .bss.htim3          tim.o
    0x24000288        -       0x0000004c   Zero   RW           93    .bss.htim4          tim.o
    0x240002d4        -       0x0000004c   Zero   RW           94    .bss.htim5          tim.o
    0x24000320        -       0x00000094   Zero   RW          113    .bss.huart1         usart.o
    0x240003b4        -       0x00000094   Zero   RW          114    .bss.huart2         usart.o
    0x24000448        -       0x00000094   Zero   RW          115    .bss.huart6         usart.o
    0x240004dc        -       0x00000004   Zero   RW          944    .bss.uwTick         stm32h7xx_hal.o
    0x240004e0        -       0x00000004   Zero   RW         1553    .bss.width          control.o
    0x240004e4   0x08009698   0x00000004   PAD
    0x240004e8        -       0x00000400   Zero   RW            1    STACK               startup_stm32h750xx.o


==============================================================================

Image component sizes


      Code (inc. data)   RO Data    RW Data    ZI Data      Debug   Object Name

       196         20          0          4         12        874   control.o
       348          0          0          0          0       3116   gpio.o
       532          0          0          0        168       8505   i2c.o
      4586         68          0          8        104      17513   main.o
       940         16          0         24        124       8249   motor.o
      2198          0       2056         27          0      13287   oled.o
        36          8        664          0       1024        836   startup_stm32h750xx.o
       268          0          0          8          4      14989   stm32h7xx_hal.o
       354          0          0          0          0      12544   stm32h7xx_hal_cortex.o
      2024          0          0          0          0      18183   stm32h7xx_hal_dma.o
       462          0          0          0          0       6949   stm32h7xx_hal_gpio.o
      1586          0          0          0          0      61294   stm32h7xx_hal_i2c.o
       192          0          0          0          0       7574   stm32h7xx_hal_i2c_ex.o
        32          0          0          0          0       2208   stm32h7xx_hal_msp.o
        76          0          0          0          0      10605   stm32h7xx_hal_pwr_ex.o
      2540         16          0          0          0      11718   stm32h7xx_hal_rcc.o
      4094        146          0          0          0      20269   stm32h7xx_hal_rcc_ex.o
      3590         22          0          0          0      64567   stm32h7xx_hal_tim.o
       208          0          0          0          0      25367   stm32h7xx_hal_tim_ex.o
      8012        332         36          0          0      43534   stm32h7xx_hal_uart.o
       348          0         16          0          0      11578   stm32h7xx_hal_uart_ex.o
        92          0          0          0          0       7055   stm32h7xx_it.o
       204          0         16          8          0       5899   system_stm32h7xx.o
       852          0          0          0        304      12894   tim.o
       306          0          0          0          6       5184   uart_it.o
       724          0          0          0        444      12073   usart.o

    ----------------------------------------------------------------------
     35220        644       2822         80       2200     406864   Object Totals
         0          0         32          0          0          0   (incl. Generated)
       420         16          2          1         10          0   (incl. Padding)

    ----------------------------------------------------------------------

      Code (inc. data)   RO Data    RW Data    ZI Data      Debug   Library Member Name

         0          0          0          0          0          0   entry.o
         0          0          0          0          0          0   entry10a.o
         0          0          0          0          0          0   entry11a.o
         8          4          0          0          0          0   entry2.o
         4          0          0          0          0          0   entry5.o
         0          0          0          0          0          0   entry7b.o
         0          0          0          0          0          0   entry8b.o
         8          4          0          0          0          0   entry9a.o
        30          0          0          0          0          0   handlers.o
        36          8          0          0          0         68   init.o
         0          0          0          0          0          0   iusefp.o
        30          0          0          0          0         68   llshl.o
        32          0          0          0          0         68   llushr.o
        36          0          0          0          0        108   memseta.o
        98          0          0          0          0         92   uldiv.o
       110          0          0          0          0        168   fepilogue.o
        28          0          0          0          0         84   ffltul.o

    ----------------------------------------------------------------------
       426         20          0          0          0        656   Library Totals
         6          4          0          0          0          0   (incl. Padding)

    ----------------------------------------------------------------------

      Code (inc. data)   RO Data    RW Data    ZI Data      Debug   Library Name

       282         16          0          0          0        404   mc_w.l
       138          0          0          0          0        252   mf_w.l

    ----------------------------------------------------------------------
       426         20          0          0          0        656   Library Totals

    ----------------------------------------------------------------------

==============================================================================


      Code (inc. data)   RO Data    RW Data    ZI Data      Debug   

     35646        664       2822         80       2200     407036   Grand Totals
     35646        664       2822         80       2200     407036   ELF Image Totals
     35646        664       2822         80          0          0   ROM Totals

==============================================================================

    Total RO  Size (Code + RO Data)                38468 (  37.57kB)
    Total RW  Size (RW Data + ZI Data)              2280 (   2.23kB)
    Total ROM Size (Code + RO Data + RW Data)      38548 (  37.64kB)

==============================================================================

