Component: Arm Compiler for Embedded 6.19 Tool: armlink [5e73cb00]

==============================================================================

Section Cross References

    startup_stm32h750xx.o(RESET) refers to startup_stm32h750xx.o(STACK) for __initial_sp
    startup_stm32h750xx.o(RESET) refers to startup_stm32h750xx.o(.text) for Reset_Handler
    startup_stm32h750xx.o(RESET) refers to stm32h7xx_it.o(.text.NMI_Handler) for NMI_Handler
    startup_stm32h750xx.o(RESET) refers to stm32h7xx_it.o(.text.HardFault_Handler) for HardFault_Handler
    startup_stm32h750xx.o(RESET) refers to stm32h7xx_it.o(.text.MemManage_Handler) for MemManage_Handler
    startup_stm32h750xx.o(RESET) refers to stm32h7xx_it.o(.text.BusFault_Handler) for BusFault_Handler
    startup_stm32h750xx.o(RESET) refers to stm32h7xx_it.o(.text.UsageFault_Handler) for UsageFault_Handler
    startup_stm32h750xx.o(RESET) refers to stm32h7xx_it.o(.text.SVC_Handler) for SVC_Handler
    startup_stm32h750xx.o(RESET) refers to stm32h7xx_it.o(.text.DebugMon_Handler) for DebugMon_Handler
    startup_stm32h750xx.o(RESET) refers to stm32h7xx_it.o(.text.PendSV_Handler) for PendSV_Handler
    startup_stm32h750xx.o(RESET) refers to stm32h7xx_it.o(.text.SysTick_Handler) for SysTick_Handler
    startup_stm32h750xx.o(RESET) refers to stm32h7xx_it.o(.text.TIM3_IRQHandler) for TIM3_IRQHandler
    startup_stm32h750xx.o(RESET) refers to stm32h7xx_it.o(.text.TIM4_IRQHandler) for TIM4_IRQHandler
    startup_stm32h750xx.o(RESET) refers to stm32h7xx_it.o(.text.USART1_IRQHandler) for USART1_IRQHandler
    startup_stm32h750xx.o(RESET) refers to stm32h7xx_it.o(.text.USART2_IRQHandler) for USART2_IRQHandler
    startup_stm32h750xx.o(RESET) refers to stm32h7xx_it.o(.text.TIM5_IRQHandler) for TIM5_IRQHandler
    startup_stm32h750xx.o(RESET) refers to stm32h7xx_it.o(.text.USART6_IRQHandler) for USART6_IRQHandler
    startup_stm32h750xx.o(.text) refers to system_stm32h7xx.o(.text.SystemInit) for SystemInit
    startup_stm32h750xx.o(.text) refers to entry.o(.ARM.Collect$$$$00000000) for __main
    main.o(.text.main) refers to stm32h7xx_hal_cortex.o(.text.HAL_MPU_Disable) for HAL_MPU_Disable
    main.o(.text.main) refers to stm32h7xx_hal_cortex.o(.text.HAL_MPU_ConfigRegion) for HAL_MPU_ConfigRegion
    main.o(.text.main) refers to stm32h7xx_hal_cortex.o(.text.HAL_MPU_Enable) for HAL_MPU_Enable
    main.o(.text.main) refers to stm32h7xx_hal.o(.text.HAL_Init) for HAL_Init
    main.o(.text.main) refers to main.o(.text.SystemClock_Config) for SystemClock_Config
    main.o(.text.main) refers to gpio.o(.text.MX_GPIO_Init) for MX_GPIO_Init
    main.o(.text.main) refers to i2c.o(.text.MX_I2C2_Init) for MX_I2C2_Init
    main.o(.text.main) refers to tim.o(.text.MX_TIM2_Init) for MX_TIM2_Init
    main.o(.text.main) refers to tim.o(.text.MX_TIM3_Init) for MX_TIM3_Init
    main.o(.text.main) refers to tim.o(.text.MX_TIM4_Init) for MX_TIM4_Init
    main.o(.text.main) refers to usart.o(.text.MX_USART2_UART_Init) for MX_USART2_UART_Init
    main.o(.text.main) refers to i2c.o(.text.MX_I2C3_Init) for MX_I2C3_Init
    main.o(.text.main) refers to tim.o(.text.MX_TIM5_Init) for MX_TIM5_Init
    main.o(.text.main) refers to usart.o(.text.MX_USART1_UART_Init) for MX_USART1_UART_Init
    main.o(.text.main) refers to usart.o(.text.MX_USART6_UART_Init) for MX_USART6_UART_Init
    main.o(.text.main) refers to oled.o(.text.OLED_Init) for OLED_Init
    main.o(.text.main) refers to oled.o(.text.OLED_FullyClear) for OLED_FullyClear
    main.o(.text.main) refers to stm32h7xx_hal.o(.text.HAL_Delay) for HAL_Delay
    main.o(.text.main) refers to stm32h7xx_hal_gpio.o(.text.HAL_GPIO_TogglePin) for HAL_GPIO_TogglePin
    main.o(.text.main) refers to tim.o(.bss.htim3) for htim3
    main.o(.text.main) refers to stm32h7xx_hal_tim.o(.text.HAL_TIM_Encoder_Start) for HAL_TIM_Encoder_Start
    main.o(.text.main) refers to tim.o(.bss.htim4) for htim4
    main.o(.text.main) refers to tim.o(.bss.htim2) for htim2
    main.o(.text.main) refers to stm32h7xx_hal_tim.o(.text.HAL_TIM_PWM_Start) for HAL_TIM_PWM_Start
    main.o(.text.main) refers to motor.o(.text.dianjiA) for dianjiA
    main.o(.text.main) refers to motor.o(.text.dianjiB) for dianjiB
    main.o(.text.main) refers to motor.o(.text.motor_init) for motor_init
    main.o(.text.main) refers to stm32h7xx_hal.o(.text.HAL_GetTick) for HAL_GetTick
    main.o(.text.main) refers to usart.o(.bss.huart1) for huart1
    main.o(.text.main) refers to uart_it.o(.text.uart_it_init) for uart_it_init
    main.o(.text.main) refers to usart.o(.bss.huart6) for huart6
    main.o(.text.main) refers to stm32h7xx_hal_tim.o(.text.HAL_TIM_Base_Start_IT) for HAL_TIM_Base_Start_IT
    main.o(.text.main) refers to tim.o(.bss.htim5) for htim5
    main.o(.text.main) refers to main.o(.bss..L_MergedGlobals) for .L_MergedGlobals
    main.o(.text.main) refers to main.o(.data.direction) for direction
    main.o(.text.main) refers to motor.o(.bss..L_MergedGlobals.1) for v_B
[...]
    __lit__00000000                          0x080002a8   Data           4  entry2.o(.ARM.Collect$$$$00002712)
    .ARM.Collect$$$$0000000D                 0x080002a8   Section        0  entry10a.o(.ARM.Collect$$$$0000000D)
    .ARM.Collect$$$$0000000F                 0x080002a8   Section        0  entry11a.o(.ARM.Collect$$$$0000000F)
    .ARM.Collect$$$$00002712                 0x080002a8   Section        4  entry2.o(.ARM.Collect$$$$00002712)
    $v0                                      0x080002ac   Number         0  startup_stm32h750xx.o(.text)
    .text                                    0x080002ac   Section       36  startup_stm32h750xx.o(.text)
    .text                                    0x080002d0   Section        0  uldiv.o(.text)
    .text                                    0x08000332   Section        0  memseta.o(.text)
    .text                                    0x08000356   Section        0  llshl.o(.text)
    .text                                    0x08000374   Section        0  llushr.o(.text)
    .text                                    0x08000394   Section       36  init.o(.text)
    [Anonymous Symbol]                       0x080003b8   Section        0  stm32h7xx_it.o(.text.BusFault_Handler)
    [Anonymous Symbol]                       0x080003c0   Section        0  stm32h7xx_it.o(.text.DebugMon_Handler)
    [Anonymous Symbol]                       0x080003c8   Section        0  main.o(.text.Error_Handler)
    [Anonymous Symbol]                       0x080003d8   Section        0  stm32h7xx_hal_dma.o(.text.HAL_DMA_Abort)
    [Anonymous Symbol]                       0x08000908   Section        0  stm32h7xx_hal_dma.o(.text.HAL_DMA_Abort_IT)
    [Anonymous Symbol]                       0x08000bc8   Section        0  stm32h7xx_hal.o(.text.HAL_Delay)
    [Anonymous Symbol]                       0x08000bf0   Section        0  stm32h7xx_hal_gpio.o(.text.HAL_GPIO_Init)
    [Anonymous Symbol]                       0x08000da0   Section        0  stm32h7xx_hal_gpio.o(.text.HAL_GPIO_ReadPin)
    [Anonymous Symbol]                       0x08000db0   Section        0  stm32h7xx_hal_gpio.o(.text.HAL_GPIO_TogglePin)
    [Anonymous Symbol]                       0x08000dc0   Section        0  stm32h7xx_hal_gpio.o(.text.HAL_GPIO_WritePin)
    [Anonymous Symbol]                       0x08000dd0   Section        0  stm32h7xx_hal.o(.text.HAL_GetREVID)
    [Anonymous Symbol]                       0x08000de0   Section        0  stm32h7xx_hal.o(.text.HAL_GetTick)
    [Anonymous Symbol]                       0x08000df0   Section        0  stm32h7xx_hal_i2c_ex.o(.text.HAL_I2CEx_ConfigAnalogFilter)
    [Anonymous Symbol]                       0x08000e40   Section        0  stm32h7xx_hal_i2c_ex.o(.text.HAL_I2CEx_ConfigDigitalFilter)
    [Anonymous Symbol]                       0x08000e88   Section        0  stm32h7xx_hal_i2c_ex.o(.text.HAL_I2CEx_EnableFastModePlus)
    [Anonymous Symbol]                       0x08000eb8   Section        0  stm32h7xx_hal_i2c.o(.text.HAL_I2C_Init)
    [Anonymous Symbol]                       0x08000f68   Section        0  stm32h7xx_hal_i2c.o(.text.HAL_I2C_Mem_Write)
    [Anonymous Symbol]                       0x080011a0   Section        0  i2c.o(.text.HAL_I2C_MspInit)
    [Anonymous Symbol]                       0x080012e0   Section        0  stm32h7xx_hal.o(.text.HAL_IncTick)
    [Anonymous Symbol]                       0x08001300   Section        0  stm32h7xx_hal.o(.text.HAL_Init)
    [Anonymous Symbol]                       0x08001368   Section        0  stm32h7xx_hal.o(.text.HAL_InitTick)
    [Anonymous Symbol]                       0x080013b8   Section        0  stm32h7xx_hal_cortex.o(.text.HAL_MPU_ConfigRegion)
    [Anonymous Symbol]                       0x08001418   Section        0  stm32h7xx_hal_cortex.o(.text.HAL_MPU_Disable)
    [Anonymous Symbol]                       0x08001438   Section        0  stm32h7xx_hal_cortex.o(.text.HAL_MPU_Enable)
    [Anonymous Symbol]                       0x08001458   Section        0  stm32h7xx_hal_msp.o(.text.HAL_MspInit)
    [Anonymous Symbol]                       0x08001478   Section        0  stm32h7xx_hal_cortex.o(.text.HAL_NVIC_EnableIRQ)
    [Anonymous Symbol]                       0x080014a0   Section        0  stm32h7xx_hal_cortex.o(.text.HAL_NVIC_SetPriority)
    [Anonymous Symbol]                       0x08001500   Section        0  stm32h7xx_hal_cortex.o(.text.HAL_NVIC_SetPriorityGrouping)
    [Anonymous Symbol]                       0x08001520   Section        0  stm32h7xx_hal_pwr_ex.o(.text.HAL_PWREx_ConfigSupply)
    [Anonymous Symbol]                       0x08001570   Section        0  stm32h7xx_hal_rcc_ex.o(.text.HAL_RCCEx_GetD3PCLK1Freq)
    [Anonymous Symbol]                       0x08001598   Section        0  stm32h7xx_hal_rcc_ex.o(.text.HAL_RCCEx_GetPLL2ClockFreq)
    [Anonymous Symbol]                       0x080016c8   Section        0  stm32h7xx_hal_rcc_ex.o(.text.HAL_RCCEx_GetPLL3ClockFreq)
    [Anonymous Symbol]                       0x080017f8   Section        0  stm32h7xx_hal_rcc_ex.o(.text.HAL_RCCEx_PeriphCLKConfig)
    [Anonymous Symbol]                       0x08002338   Section        0  stm32h7xx_hal_rcc.o(.text.HAL_RCC_ClockConfig)
    [Anonymous Symbol]                       0x080025a0   Section        0  stm32h7xx_hal_rcc.o(.text.HAL_RCC_GetHCLKFreq)
    [Anonymous Symbol]                       0x080025f0   Section        0  stm32h7xx_hal_rcc.o(.text.HAL_RCC_GetPCLK1Freq)
    [Anonymous Symbol]                       0x08002650   Section        0  stm32h7xx_hal_rcc.o(.text.HAL_RCC_GetPCLK2Freq)
    [Anonymous Symbol]                       0x080026b0   Section        0  stm32h7xx_hal_rcc.o(.text.HAL_RCC_GetSysClockFreq)
    [Anonymous Symbol]                       0x080027c8   Section        0  stm32h7xx_hal_rcc.o(.text.HAL_RCC_OscConfig)
    [Anonymous Symbol]                       0x08002d28   Section        0  stm32h7xx_hal_cortex.o(.text.HAL_SYSTICK_Config)
    [Anonymous Symbol]                       0x08002d58   Section        0  stm32h7xx_hal_tim_ex.o(.text.HAL_TIMEx_Break2Callback)
    [Anonymous Symbol]                       0x08002d60   Section        0  stm32h7xx_hal_tim_ex.o(.text.HAL_TIMEx_BreakCallback)
    [Anonymous Symbol]                       0x08002d68   Section        0  stm32h7xx_hal_tim_ex.o(.text.HAL_TIMEx_CommutCallback)
    [Anonymous Symbol]                       0x08002d70   Section        0  stm32h7xx_hal_tim_ex.o(.text.HAL_TIMEx_MasterConfigSynchronization)
    [Anonymous Symbol]                       0x08002e40   Section        0  stm32h7xx_hal_tim.o(.text.HAL_TIM_Base_Init)
    [Anonymous Symbol]                       0x08002ea0   Section        0  tim.o(.text.HAL_TIM_Base_MspInit)
    [Anonymous Symbol]                       0x08002ee8   Section        0  stm32h7xx_hal_tim.o(.text.HAL_TIM_Base_Start_IT)
    [Anonymous Symbol]                       0x08002fa0   Section        0  stm32h7xx_hal_tim.o(.text.HAL_TIM_ConfigClockSource)
    [Anonymous Symbol]                       0x080031a0   Section        0  stm32h7xx_hal_tim.o(.text.HAL_TIM_Encoder_Init)
    [Anonymous Symbol]                       0x08003258   Section        0  tim.o(.text.HAL_TIM_Encoder_MspInit)
    [Anonymous Symbol]                       0x08003320   Section        0  stm32h7xx_hal_tim.o(.text.HAL_TIM_Encoder_Start)
    [Anonymous Symbol]                       0x080033e0   Section        0  stm32h7xx_hal_tim.o(.text.HAL_TIM_IC_CaptureCallback)
    [Anonymous Symbol]                       0x080033e8   Section        0  stm32h7xx_hal_tim.o(.text.HAL_TIM_IRQHandler)
    [Anonymous Symbol]                       0x08003558   Section        0  stm32h7xx_hal_tim.o(.text.HAL_TIM_OC_DelayElapsedCallback)
    [Anonymous Symbol]                       0x08003560   Section        0  stm32h7xx_hal_tim.o(.text.HAL_TIM_PWM_ConfigChannel)
    [Anonymous Symbol]                       0x08003a20   Section        0  stm32h7xx_hal_tim.o(.text.HAL_TIM_PWM_Init)
    [Anonymous Symbol]                       0x08003a80   Section        0  tim.o(.text.HAL_TIM_PWM_MspInit)
    [Anonymous Symbol]                       0x08003ab0   Section        0  stm32h7xx_hal_tim.o(.text.HAL_TIM_PWM_PulseFinishedCallback)
    [Anonymous Symbol]                       0x08003ab8   Section        0  stm32h7xx_hal_tim.o(.text.HAL_TIM_PWM_Start)
    [Anonymous Symbol]                       0x08003c48   Section        0  main.o(.text.HAL_TIM_PeriodElapsedCallback)
    [Anonymous Symbol]                       0x08003d20   Section        0  stm32h7xx_hal_tim.o(.text.HAL_TIM_TriggerCallback)
    [Anonymous Symbol]                       0x08003d28   Section        0  stm32h7xx_hal_uart_ex.o(.text.HAL_UARTEx_DisableFifoMode)
    [Anonymous Symbol]                       0x08003d60   Section        0  stm32h7xx_hal_uart.o(.text.HAL_UARTEx_RxEventCallback)
    [Anonymous Symbol]                       0x08003d68   Section        0  stm32h7xx_hal_uart_ex.o(.text.HAL_UARTEx_RxFifoFullCallback)
    [Anonymous Symbol]                       0x08003d70   Section        0  stm32h7xx_hal_uart_ex.o(.text.HAL_UARTEx_SetRxFifoThreshold)
    [Anonymous Symbol]                       0x08003e00   Section        0  stm32h7xx_hal_uart_ex.o(.text.HAL_UARTEx_SetTxFifoThreshold)
    [Anonymous Symbol]                       0x08003e90   Section        0  stm32h7xx_hal_uart_ex.o(.text.HAL_UARTEx_TxFifoEmptyCallback)
    [Anonymous Symbol]                       0x08003e98   Section        0  stm32h7xx_hal_uart_ex.o(.text.HAL_UARTEx_WakeupCallback)
    [Anonymous Symbol]                       0x08003ea0   Section        0  stm32h7xx_hal_uart.o(.text.HAL_UART_ErrorCallback)
    [Anonymous Symbol]                       0x08003ea8   Section        0  stm32h7xx_hal_uart.o(.text.HAL_UART_IRQHandler)
    [Anonymous Symbol]                       0x08004600   Section        0  stm32h7xx_hal_uart.o(.text.HAL_UART_Init)
    [Anonymous Symbol]                       0x08004668   Section        0  usart.o(.text.HAL_UART_MspInit)
    [Anonymous Symbol]                       0x080047c8   Section        0  stm32h7xx_hal_uart.o(.text.HAL_UART_Receive_IT)
    [Anonymous Symbol]                       0x08004870   Section        0  main.o(.text.HAL_UART_RxCpltCallback)
    [Anonymous Symbol]                       0x080048c0   Section        0  stm32h7xx_hal_uart.o(.text.HAL_UART_TxCpltCallback)
    [Anonymous Symbol]                       0x080048c8   Section        0  stm32h7xx_it.o(.text.HardFault_Handler)
    I2C_IsErrorOccurred                      0x080048d1   Thumb Code   352  stm32h7xx_hal_i2c.o(.text.I2C_IsErrorOccurred)
    [Anonymous Symbol]                       0x080048d0   Section        0  stm32h7xx_hal_i2c.o(.text.I2C_IsErrorOccurred)
    I2C_WaitOnFlagUntilTimeout               0x08004a31   Thumb Code   224  stm32h7xx_hal_i2c.o(.text.I2C_WaitOnFlagUntilTimeout)
    [Anonymous Symbol]                       0x08004a30   Section        0  stm32h7xx_hal_i2c.o(.text.I2C_WaitOnFlagUntilTimeout)
    I2C_WaitOnSTOPFlagUntilTimeout           0x08004b11   Thumb Code   124  stm32h7xx_hal_i2c.o(.text.I2C_WaitOnSTOPFlagUntilTimeout)
    [Anonymous Symbol]                       0x08004b10   Section        0  stm32h7xx_hal_i2c.o(.text.I2C_WaitOnSTOPFlagUntilTimeout)
    I2C_WaitOnTXISFlagUntilTimeout           0x08004b91   Thumb Code   148  stm32h7xx_hal_i2c.o(.text.I2C_WaitOnTXISFlagUntilTimeout)
    [Anonymous Symbol]                       0x08004b90   Section        0  stm32h7xx_hal_i2c.o(.text.I2C_WaitOnTXISFlagUntilTimeout)
    [Anonymous Symbol]                       0x08004c28   Section        0  gpio.o(.text.MX_GPIO_Init)
    [Anonymous Symbol]                       0x08004d78   Section        0  i2c.o(.text.MX_I2C2_Init)
    [Anonymous Symbol]                       0x08004de8   Section        0  i2c.o(.text.MX_I2C3_Init)
    [Anonymous Symbol]                       0x08004e58   Section        0  tim.o(.text.MX_TIM2_Init)
    [Anonymous Symbol]                       0x08004f30   Section        0  tim.o(.text.MX_TIM3_Init)
    [Anonymous Symbol]                       0x08004f98   Section        0  tim.o(.text.MX_TIM4_Init)
    [Anonymous Symbol]                       0x08005000   Section        0  tim.o(.text.MX_TIM5_Init)
    [Anonymous Symbol]                       0x08005078   Section        0  usart.o(.text.MX_USART1_UART_Init)
    [Anonymous Symbol]                       0x080050f8   Section        0  usart.o(.text.MX_USART2_UART_Init)
    [Anonymous Symbol]                       0x08005178   Section        0  usart.o(.text.MX_USART6_UART_Init)
    [Anonymous Symbol]                       0x080051f8   Section        0  stm32h7xx_it.o(.text.MemManage_Handler)
    [Anonymous Symbol]                       0x08005200   Section        0  stm32h7xx_it.o(.text.NMI_Handler)
    [Anonymous Symbol]                       0x08005208   Section        0  oled.o(.text.OLED_FullyClear)
    [Anonymous Symbol]                       0x080052b8   Section        0  oled.o(.text.OLED_Init)
    [Anonymous Symbol]                       0x080052c8   Section        0  oled.o(.text.OLED_ShowChar)
    [Anonymous Symbol]                       0x080056a8   Section        0  oled.o(.text.OLED_ShowStr1)
    [Anonymous Symbol]                       0x08005808   Section        0  stm32h7xx_it.o(.text.PendSV_Handler)
    RCCEx_PLL2_Config                        0x08005811   Thumb Code   290  stm32h7xx_hal_rcc_ex.o(.text.RCCEx_PLL2_Config)
    [Anonymous Symbol]                       0x08005810   Section        0  stm32h7xx_hal_rcc_ex.o(.text.RCCEx_PLL2_Config)
    RCCEx_PLL3_Config                        0x08005939   Thumb Code   290  stm32h7xx_hal_rcc_ex.o(.text.RCCEx_PLL3_Config)
    [Anonymous Symbol]                       0x08005938   Section        0  stm32h7xx_hal_rcc_ex.o(.text.RCCEx_PLL3_Config)
    [Anonymous Symbol]                       0x08005a60   Section        0  stm32h7xx_it.o(.text.SVC_Handler)
    [Anonymous Symbol]                       0x08005a68   Section        0  stm32h7xx_it.o(.text.SysTick_Handler)
    [Anonymous Symbol]                       0x08005a70   Section        0  main.o(.text.SystemClock_Config)
    [Anonymous Symbol]                       0x08005bb0   Section        0  system_stm32h7xx.o(.text.SystemInit)
    [Anonymous Symbol]                       0x08005c80   Section        0  stm32h7xx_it.o(.text.TIM3_IRQHandler)
    [Anonymous Symbol]                       0x08005c90   Section        0  stm32h7xx_it.o(.text.TIM4_IRQHandler)
    [Anonymous Symbol]                       0x08005ca0   Section        0  stm32h7xx_it.o(.text.TIM5_IRQHandler)
    [Anonymous Symbol]                       0x08005cb0   Section        0  stm32h7xx_hal_tim.o(.text.TIM_Base_SetConfig)
    [Anonymous Symbol]                       0x08005e18   Section        0  stm32h7xx_hal_uart.o(.text.UART_AdvFeatureConfig)
    [Anonymous Symbol]                       0x08005ef8   Section        0  stm32h7xx_hal_uart.o(.text.UART_CheckIdleState)
    UART_DMAAbortOnError                     0x08006071   Thumb Code    16  stm32h7xx_hal_uart.o(.text.UART_DMAAbortOnError)
    [Anonymous Symbol]                       0x08006070   Section        0  stm32h7xx_hal_uart.o(.text.UART_DMAAbortOnError)
    UART_RxISR_16BIT                         0x08006081   Thumb Code   452  stm32h7xx_hal_uart.o(.text.UART_RxISR_16BIT)
    [Anonymous Symbol]                       0x08006080   Section        0  stm32h7xx_hal_uart.o(.text.UART_RxISR_16BIT)
    UART_RxISR_16BIT_FIFOEN                  0x08006249   Thumb Code   820  stm32h7xx_hal_uart.o(.text.UART_RxISR_16BIT_FIFOEN)
    [Anonymous Symbol]                       0x08006248   Section        0  stm32h7xx_hal_uart.o(.text.UART_RxISR_16BIT_FIFOEN)
    UART_RxISR_8BIT                          0x08006581   Thumb Code   456  stm32h7xx_hal_uart.o(.text.UART_RxISR_8BIT)
    [Anonymous Symbol]                       0x08006580   Section        0  stm32h7xx_hal_uart.o(.text.UART_RxISR_8BIT)
    UART_RxISR_8BIT_FIFOEN                   0x08006749   Thumb Code   824  stm32h7xx_hal_uart.o(.text.UART_RxISR_8BIT_FIFOEN)
    [Anonymous Symbol]                       0x08006748   Section        0  stm32h7xx_hal_uart.o(.text.UART_RxISR_8BIT_FIFOEN)
    [Anonymous Symbol]                       0x08006a80   Section        0  stm32h7xx_hal_uart.o(.text.UART_SetConfig)
    [Anonymous Symbol]                       0x08006f38   Section        0  stm32h7xx_hal_uart.o(.text.UART_Start_Receive_IT)
    [Anonymous Symbol]                       0x080071b0   Section        0  stm32h7xx_hal_uart.o(.text.UART_WaitOnFlagUntilTimeout)
    [Anonymous Symbol]                       0x08007508   Section        0  stm32h7xx_it.o(.text.USART1_IRQHandler)
    [Anonymous Symbol]                       0x08007518   Section        0  stm32h7xx_it.o(.text.USART2_IRQHandler)
    [Anonymous Symbol]                       0x08007528   Section        0  stm32h7xx_it.o(.text.USART6_IRQHandler)
    [Anonymous Symbol]                       0x08007538   Section        0  stm32h7xx_it.o(.text.UsageFault_Handler)
    [Anonymous Symbol]                       0x08007540   Section        0  oled.o(.text.WriteCmd)
    [Anonymous Symbol]                       0x080077a0   Section        0  motor.o(.text.dianjiA)
    [Anonymous Symbol]                       0x08007800   Section        0  motor.o(.text.dianjiB)
    [Anonymous Symbol]                       0x08007878   Section        0  control.o(.text.line_pid)
    [Anonymous Symbol]                       0x08007900   Section        0  main.o(.text.main)
    [Anonymous Symbol]                       0x08007d58   Section        0  motor.o(.text.motor_handle)
    [Anonymous Symbol]                       0x08007f20   Section        0  motor.o(.text.motor_init)
    [Anonymous Symbol]                       0x08007f88   Section        0  control.o(.text.turn)
    [Anonymous Symbol]                       0x08007fc8   Section        0  uart_it.o(.text.uart_it_init)
    [Anonymous Symbol]                       0x08007fe0   Section        0  uart_it.o(.text.uart_it_receive)
    [Anonymous Symbol]                       0x08008058   Section        0  uart_it.o(.text.uart_it_receive1)
    i.__scatterload_copy                     0x080080f0   Section       14  handlers.o(i.__scatterload_copy)
    i.__scatterload_null                     0x080080fe   Section        2  handlers.o(i.__scatterload_null)
    i.__scatterload_zeroinit                 0x08008100   Section       14  handlers.o(i.__scatterload_zeroinit)
    .Lswitch.table.UART_SetConfig.5          0x0800810e   Data           6  stm32h7xx_hal_uart.o(.rodata..Lswitch.table.UART_SetConfig.5)
    .Lswitch.table.UART_SetConfig.7          0x08008114   Data           6  stm32h7xx_hal_uart.o(.rodata..Lswitch.table.UART_SetConfig.7)
    UARTEx_SetNbDataToProcess.numerator      0x0800894a   Data           8  stm32h7xx_hal_uart_ex.o(.rodata.cst8)
    [Anonymous Symbol]                       0x0800894a   Section        0  stm32h7xx_hal_uart_ex.o(.rodata.cst8)
    UARTEx_SetNbDataToProcess.denominator    0x08008952   Data           8  stm32h7xx_hal_uart_ex.o(.rodata.cst8)
    .L_MergedGlobals                         0x24000000   Data           8  stm32h7xx_hal.o(.data..L_MergedGlobals)
    [Anonymous Symbol]                       0x24000000   Section        0  stm32h7xx_hal.o(.data..L_MergedGlobals)
    .L_MergedGlobals                         0x24000008   Data           8  system_stm32h7xx.o(.data..L_MergedGlobals)
    [Anonymous Symbol]                       0x24000008   Section        0  system_stm32h7xx.o(.data..L_MergedGlobals)
    .L_MergedGlobals                         0x24000010   Data          24  motor.o(.data..L_MergedGlobals)
    [Anonymous Symbol]                       0x24000010   Section        0  motor.o(.data..L_MergedGlobals)
    .L_MergedGlobals                         0x24000048   Data          62  main.o(.bss..L_MergedGlobals)
    [Anonymous Symbol]                       0x24000048   Section        0  main.o(.bss..L_MergedGlobals)
    .L_MergedGlobals                         0x24000088   Data           8  control.o(.bss..L_MergedGlobals)
    [Anonymous Symbol]                       0x24000088   Section        0  control.o(.bss..L_MergedGlobals)
    .L_MergedGlobals                         0x24000090   Data           7  uart_it.o(.bss..L_MergedGlobals)
    com_date                                 0x24000090   Data           1  uart_it.o(.bss..L_MergedGlobals)
    [Anonymous Symbol]                       0x24000090   Section        0  uart_it.o(.bss..L_MergedGlobals)
    Rx_state                                 0x24000091   Data           1  uart_it.o(.bss..L_MergedGlobals)
    Rx_counter                               0x24000092   Data           1  uart_it.o(.bss..L_MergedGlobals)
    Rx_state1                                0x24000093   Data           1  uart_it.o(.bss..L_MergedGlobals)
    com_date1                                0x24000094   Data           1  uart_it.o(.bss..L_MergedGlobals)
    Rx_counter1                              0x24000095   Data           1  uart_it.o(.bss..L_MergedGlobals)
    a                                        0x24000096   Data           1  uart_it.o(.bss..L_MergedGlobals)
    .L_MergedGlobals.1                       0x24000098   Data          60  motor.o(.bss..L_MergedGlobals.1)
    [Anonymous Symbol]                       0x24000098   Section        0  motor.o(.bss..L_MergedGlobals.1)
    STACK                                    0x24000470   Section     1024  startup_stm32h750xx.o(STACK)

    Global Symbols

    Symbol Name                              Value     Ov Type        Size  Object(Section)

    BuildAttributes$$THM_ISAv4$E$P$D$K$B$S$7EM$VFPv5_D16$PE$PLD8$A:L22UL41UL21$X:L11$S22US41US21$IEEE1$IW$~IW$USESV6$~STKCKD$USESV7$~SHL$OTIME$ROPI$IEEEX$EBA8$MICROLIB$REQ8$PRES8$EABIv2 0x00000000   Number         0  anon$$obj.o ABSOLUTE
    _printf_a                                0x00000000   Number         0  printfstubs.o ABSOLUTE
    _printf_c                                0x00000000   Number         0  printfstubs.o ABSOLUTE
    _printf_charcount                        0x00000000   Number         0  printfstubs.o ABSOLUTE
    _printf_d                                0x00000000   Number         0  printfstubs.o ABSOLUTE
    _printf_e                                0x00000000   Number         0  printfstubs.o ABSOLUTE
    _printf_f                                0x00000000   Number         0  printfstubs.o ABSOLUTE
    _printf_flags                            0x00000000   Number         0  printfstubs.o ABSOLUTE
    _printf_fp_dec                           0x00000000   Number         0  printfstubs.o ABSOLUTE
    _printf_fp_hex                           0x00000000   Number         0  printfstubs.o ABSOLUTE
    _printf_g                                0x00000000   Number         0  printfstubs.o ABSOLUTE
    _printf_i                                0x00000000   Number         0  printfstubs.o ABSOLUTE
    _printf_int_dec                          0x00000000   Number         0  printfstubs.o ABSOLUTE
    _printf_l                                0x00000000   Number         0  printfstubs.o ABSOLUTE
    _printf_lc                               0x00000000   Number         0  printfstubs.o ABSOLUTE
    _printf_ll                               0x00000000   Number         0  printfstubs.o ABSOLUTE
    _printf_lld                              0x00000000   Number         0  printfstubs.o ABSOLUTE
    _printf_lli                              0x00000000   Number         0  printfstubs.o ABSOLUTE
    _printf_llo                              0x00000000   Number         0  printfstubs.o ABSOLUTE
    _printf_llu                              0x00000000   Number         0  printfstubs.o ABSOLUTE
    _printf_llx                              0x00000000   Number         0  printfstubs.o ABSOLUTE
    _printf_longlong_dec                     0x00000000   Number         0  printfstubs.o ABSOLUTE
    _printf_longlong_hex                     0x00000000   Number         0  printfstubs.o ABSOLUTE
    _printf_longlong_oct                     0x00000000   Number         0  printfstubs.o ABSOLUTE
    _printf_ls                               0x00000000   Number         0  printfstubs.o ABSOLUTE
    _printf_mbtowc                           0x00000000   Number         0  printfstubs.o ABSOLUTE
    _printf_n                                0x00000000   Number         0  printfstubs.o ABSOLUTE
    _printf_o                                0x00000000   Number         0  printfstubs.o ABSOLUTE
    _printf_p                                0x00000000   Number         0  printfstubs.o ABSOLUTE
    _printf_percent                          0x00000000   Number         0  printfstubs.o ABSOLUTE
    _printf_pre_padding                      0x00000000   Number         0  printfstubs.o ABSOLUTE
    _printf_return_value                     0x00000000   Number         0  printfstubs.o ABSOLUTE
    _printf_s                                0x00000000   Number         0  printfstubs.o ABSOLUTE
    _printf_sizespec                         0x00000000   Number         0  printfstubs.o ABSOLUTE
    _printf_str                              0x00000000   Number         0  printfstubs.o ABSOLUTE
    _printf_truncate_signed                  0x00000000   Number         0  printfstubs.o ABSOLUTE
    _printf_truncate_unsigned                0x00000000   Number         0  printfstubs.o ABSOLUTE
    _printf_u                                0x00000000   Number         0  printfstubs.o ABSOLUTE
    _printf_wc                               0x00000000   Number         0  printfstubs.o ABSOLUTE
    _printf_wctomb                           0x00000000   Number         0  printfstubs.o ABSOLUTE
    _printf_widthprec                        0x00000000   Number         0  printfstubs.o ABSOLUTE
    _printf_x                                0x00000000   Number         0  printfstubs.o ABSOLUTE
    __cpp_initialize__aeabi_                  - Undefined Weak Reference
    __cxa_finalize                            - Undefined Weak Reference
    __decompress                              - Undefined Weak Reference
    _clock_init                               - Undefined Weak Reference
    _microlib_exit                            - Undefined Weak Reference
    __Vectors_Size                           0x00000298   Number         0  startup_stm32h750xx.o ABSOLUTE
    __Vectors                                0x08000000   Data           4  startup_stm32h750xx.o(RESET)
    __Vectors_End                            0x08000298   Data           0  startup_stm32h750xx.o(RESET)
    __main                                   0x08000299   Thumb Code     0  entry.o(.ARM.Collect$$$$00000000)
    _main_stk                                0x08000299   Thumb Code     0  entry2.o(.ARM.Collect$$$$00000001)
    _main_scatterload                        0x0800029d   Thumb Code     0  entry5.o(.ARM.Collect$$$$00000004)
    __main_after_scatterload                 0x080002a1   Thumb Code     0  entry5.o(.ARM.Collect$$$$00000004)
    _main_clock                              0x080002a1   Thumb Code     0  entry7b.o(.ARM.Collect$$$$00000008)
    _main_cpp_init                           0x080002a1   Thumb Code     0  entry8b.o(.ARM.Collect$$$$0000000A)
    _main_init                               0x080002a1   Thumb Code     0  entry9a.o(.ARM.Collect$$$$0000000B)
    __rt_final_cpp                           0x080002a9   Thumb Code     0  entry10a.o(.ARM.Collect$$$$0000000D)
    __rt_final_exit                          0x080002a9   Thumb Code     0  entry11a.o(.ARM.Collect$$$$0000000F)
    Reset_Handler                            0x080002ad   Thumb Code     8  startup_stm32h750xx.o(.text)
    ADC3_IRQHandler                          0x080002c7   Thumb Code     0  startup_stm32h750xx.o(.text)
    ADC_IRQHandler                           0x080002c7   Thumb Code     0  startup_stm32h750xx.o(.text)
    BDMA_Channel0_IRQHandler                 0x080002c7   Thumb Code     0  startup_stm32h750xx.o(.text)
    BDMA_Channel1_IRQHandler                 0x080002c7   Thumb Code     0  startup_stm32h750xx.o(.text)
    BDMA_Channel2_IRQHandler                 0x080002c7   Thumb Code     0  startup_stm32h750xx.o(.text)
    BDMA_Channel3_IRQHandler                 0x080002c7   Thumb Code     0  startup_stm32h750xx.o(.text)
    BDMA_Channel4_IRQHandler                 0x080002c7   Thumb Code     0  startup_stm32h750xx.o(.text)
    BDMA_Channel5_IRQHandler                 0x080002c7   Thumb Code     0  startup_stm32h750xx.o(.text)
    BDMA_Channel6_IRQHandler                 0x080002c7   Thumb Code     0  startup_stm32h750xx.o(.text)
    BDMA_Channel7_IRQHandler                 0x080002c7   Thumb Code     0  startup_stm32h750xx.o(.text)
    CEC_IRQHandler                           0x080002c7   Thumb Code     0  startup_stm32h750xx.o(.text)
    COMP1_IRQHandler                         0x080002c7   Thumb Code     0  startup_stm32h750xx.o(.text)
    CRS_IRQHandler                           0x080002c7   Thumb Code     0  startup_stm32h750xx.o(.text)
    CRYP_IRQHandler                          0x080002c7   Thumb Code     0  startup_stm32h750xx.o(.text)
    DCMI_IRQHandler                          0x080002c7   Thumb Code     0  startup_stm32h750xx.o(.text)
    DFSDM1_FLT0_IRQHandler                   0x080002c7   Thumb Code     0  startup_stm32h750xx.o(.text)
    DFSDM1_FLT1_IRQHandler                   0x080002c7   Thumb Code     0  startup_stm32h750xx.o(.text)
    DFSDM1_FLT2_IRQHandler                   0x080002c7   Thumb Code     0  startup_stm32h750xx.o(.text)
    DFSDM1_FLT3_IRQHandler                   0x080002c7   Thumb Code     0  startup_stm32h750xx.o(.text)
    DMA1_Stream0_IRQHandler                  0x080002c7   Thumb Code     0  startup_stm32h750xx.o(.text)
    DMA1_Stream1_IRQHandler                  0x080002c7   Thumb Code     0  startup_stm32h750xx.o(.text)
    DMA1_Stream2_IRQHandler                  0x080002c7   Thumb Code     0  startup_stm32h750xx.o(.text)
    DMA1_Stream3_IRQHandler                  0x080002c7   Thumb Code     0  startup_stm32h750xx.o(.text)
    DMA1_Stream4_IRQHandler                  0x080002c7   Thumb Code     0  startup_stm32h750xx.o(.text)
    DMA1_Stream5_IRQHandler                  0x080002c7   Thumb Code     0  startup_stm32h750xx.o(.text)
    DMA1_Stream6_IRQHandler                  0x080002c7   Thumb Code     0  startup_stm32h750xx.o(.text)
    DMA1_Stream7_IRQHandler                  0x080002c7   Thumb Code     0  startup_stm32h750xx.o(.text)
    DMA2D_IRQHandler                         0x080002c7   Thumb Code     0  startup_stm32h750xx.o(.text)
    DMA2_Stream0_IRQHandler                  0x080002c7   Thumb Code     0  startup_stm32h750xx.o(.text)
    DMA2_Stream1_IRQHandler                  0x080002c7   Thumb Code     0  startup_stm32h750xx.o(.text)
    DMA2_Stream2_IRQHandler                  0x080002c7   Thumb Code     0  startup_stm32h750xx.o(.text)
    DMA2_Stream3_IRQHandler                  0x080002c7   Thumb Code     0  startup_stm32h750xx.o(.text)
    DMA2_Stream4_IRQHandler                  0x080002c7   Thumb Code     0  startup_stm32h750xx.o(.text)
    DMA2_Stream5_IRQHandler                  0x080002c7   Thumb Code     0  startup_stm32h750xx.o(.text)
    DMA2_Stream6_IRQHandler                  0x080002c7   Thumb Code     0  startup_stm32h750xx.o(.text)
    DMA2_Stream7_IRQHandler                  0x080002c7   Thumb Code     0  startup_stm32h750xx.o(.text)
    DMAMUX1_OVR_IRQHandler                   0x080002c7   Thumb Code     0  startup_stm32h750xx.o(.text)
    DMAMUX2_OVR_IRQHandler                   0x080002c7   Thumb Code     0  startup_stm32h750xx.o(.text)
    ECC_IRQHandler                           0x080002c7   Thumb Code     0  startup_stm32h750xx.o(.text)
    ETH_IRQHandler                           0x080002c7   Thumb Code     0  startup_stm32h750xx.o(.text)
    ETH_WKUP_IRQHandler                      0x080002c7   Thumb Code     0  startup_stm32h750xx.o(.text)
    EXTI0_IRQHandler                         0x080002c7   Thumb Code     0  startup_stm32h750xx.o(.text)
    EXTI15_10_IRQHandler                     0x080002c7   Thumb Code     0  startup_stm32h750xx.o(.text)
    EXTI1_IRQHandler                         0x080002c7   Thumb Code     0  startup_stm32h750xx.o(.text)
    EXTI2_IRQHandler                         0x080002c7   Thumb Code     0  startup_stm32h750xx.o(.text)
    EXTI3_IRQHandler                         0x080002c7   Thumb Code     0  startup_stm32h750xx.o(.text)
    EXTI4_IRQHandler                         0x080002c7   Thumb Code     0  startup_stm32h750xx.o(.text)
    EXTI9_5_IRQHandler                       0x080002c7   Thumb Code     0  startup_stm32h750xx.o(.text)
    FDCAN1_IT0_IRQHandler                    0x080002c7   Thumb Code     0  startup_stm32h750xx.o(.text)
    FDCAN1_IT1_IRQHandler                    0x080002c7   Thumb Code     0  startup_stm32h750xx.o(.text)
    FDCAN2_IT0_IRQHandler                    0x080002c7   Thumb Code     0  startup_stm32h750xx.o(.text)
    FDCAN2_IT1_IRQHandler                    0x080002c7   Thumb Code     0  startup_stm32h750xx.o(.text)
    FDCAN_CAL_IRQHandler                     0x080002c7   Thumb Code     0  startup_stm32h750xx.o(.text)
    FLASH_IRQHandler                         0x080002c7   Thumb Code     0  startup_stm32h750xx.o(.text)
    FMC_IRQHandler                           0x080002c7   Thumb Code     0  startup_stm32h750xx.o(.text)
    FPU_IRQHandler                           0x080002c7   Thumb Code     0  startup_stm32h750xx.o(.text)
    HASH_RNG_IRQHandler                      0x080002c7   Thumb Code     0  startup_stm32h750xx.o(.text)
    HRTIM1_FLT_IRQHandler                    0x080002c7   Thumb Code     0  startup_stm32h750xx.o(.text)
    HRTIM1_Master_IRQHandler                 0x080002c7   Thumb Code     0  startup_stm32h750xx.o(.text)
    HRTIM1_TIMA_IRQHandler                   0x080002c7   Thumb Code     0  startup_stm32h750xx.o(.text)
    HRTIM1_TIMB_IRQHandler                   0x080002c7   Thumb Code     0  startup_stm32h750xx.o(.text)
    HRTIM1_TIMC_IRQHandler                   0x080002c7   Thumb Code     0  startup_stm32h750xx.o(.text)
    HRTIM1_TIMD_IRQHandler                   0x080002c7   Thumb Code     0  startup_stm32h750xx.o(.text)
    HRTIM1_TIME_IRQHandler                   0x080002c7   Thumb Code     0  startup_stm32h750xx.o(.text)
    HSEM1_IRQHandler                         0x080002c7   Thumb Code     0  startup_stm32h750xx.o(.text)
    I2C1_ER_IRQHandler                       0x080002c7   Thumb Code     0  startup_stm32h750xx.o(.text)
    I2C1_EV_IRQHandler                       0x080002c7   Thumb Code     0  startup_stm32h750xx.o(.text)
    I2C2_ER_IRQHandler                       0x080002c7   Thumb Code     0  startup_stm32h750xx.o(.text)
    I2C2_EV_IRQHandler                       0x080002c7   Thumb Code     0  startup_stm32h750xx.o(.text)
    I2C3_ER_IRQHandler                       0x080002c7   Thumb Code     0  startup_stm32h750xx.o(.text)
    I2C3_EV_IRQHandler                       0x080002c7   Thumb Code     0  startup_stm32h750xx.o(.text)
    I2C4_ER_IRQHandler                       0x080002c7   Thumb Code     0  startup_stm32h750xx.o(.text)
    I2C4_EV_IRQHandler                       0x080002c7   Thumb Code     0  startup_stm32h750xx.o(.text)
    JPEG_IRQHandler                          0x080002c7   Thumb Code     0  startup_stm32h750xx.o(.text)
    LPTIM1_IRQHandler                        0x080002c7   Thumb Code     0  startup_stm32h750xx.o(.text)
    LPTIM2_IRQHandler                        0x080002c7   Thumb Code     0  startup_stm32h750xx.o(.text)
    LPTIM3_IRQHandler                        0x080002c7   Thumb Code     0  startup_stm32h750xx.o(.text)
    LPTIM4_IRQHandler                        0x080002c7   Thumb Code     0  startup_stm32h750xx.o(.text)
    LPTIM5_IRQHandler                        0x080002c7   Thumb Code     0  startup_stm32h750xx.o(.text)
    LPUART1_IRQHandler                       0x080002c7   Thumb Code     0  startup_stm32h750xx.o(.text)
    LTDC_ER_IRQHandler                       0x080002c7   Thumb Code     0  startup_stm32h750xx.o(.text)
    LTDC_IRQHandler                          0x080002c7   Thumb Code     0  startup_stm32h750xx.o(.text)
    MDIOS_IRQHandler                         0x080002c7   Thumb Code     0  startup_stm32h750xx.o(.text)
    MDIOS_WKUP_IRQHandler                    0x080002c7   Thumb Code     0  startup_stm32h750xx.o(.text)
    MDMA_IRQHandler                          0x080002c7   Thumb Code     0  startup_stm32h750xx.o(.text)
    OTG_FS_EP1_IN_IRQHandler                 0x080002c7   Thumb Code     0  startup_stm32h750xx.o(.text)
    OTG_FS_EP1_OUT_IRQHandler                0x080002c7   Thumb Code     0  startup_stm32h750xx.o(.text)
    OTG_FS_IRQHandler                        0x080002c7   Thumb Code     0  startup_stm32h750xx.o(.text)
    OTG_FS_WKUP_IRQHandler                   0x080002c7   Thumb Code     0  startup_stm32h750xx.o(.text)
    OTG_HS_EP1_IN_IRQHandler                 0x080002c7   Thumb Code     0  startup_stm32h750xx.o(.text)
    OTG_HS_EP1_OUT_IRQHandler                0x080002c7   Thumb Code     0  startup_stm32h750xx.o(.text)
    OTG_HS_IRQHandler                        0x080002c7   Thumb Code     0  startup_stm32h750xx.o(.text)
    OTG_HS_WKUP_IRQHandler                   0x080002c7   Thumb Code     0  startup_stm32h750xx.o(.text)
    PVD_AVD_IRQHandler                       0x080002c7   Thumb Code     0  startup_stm32h750xx.o(.text)
    QUADSPI_IRQHandler                       0x080002c7   Thumb Code     0  startup_stm32h750xx.o(.text)
    RCC_IRQHandler                           0x080002c7   Thumb Code     0  startup_stm32h750xx.o(.text)
    RTC_Alarm_IRQHandler                     0x080002c7   Thumb Code     0  startup_stm32h750xx.o(.text)
    RTC_WKUP_IRQHandler                      0x080002c7   Thumb Code     0  startup_stm32h750xx.o(.text)
    SAI1_IRQHandler                          0x080002c7   Thumb Code     0  startup_stm32h750xx.o(.text)
    SAI2_IRQHandler                          0x080002c7   Thumb Code     0  startup_stm32h750xx.o(.text)
    SAI3_IRQHandler                          0x080002c7   Thumb Code     0  startup_stm32h750xx.o(.text)
    SAI4_IRQHandler                          0x080002c7   Thumb Code     0  startup_stm32h750xx.o(.text)
    SDMMC1_IRQHandler                        0x080002c7   Thumb Code     0  startup_stm32h750xx.o(.text)
    SDMMC2_IRQHandler                        0x080002c7   Thumb Code     0  startup_stm32h750xx.o(.text)
    SPDIF_RX_IRQHandler                      0x080002c7   Thumb Code     0  startup_stm32h750xx.o(.text)
    SPI1_IRQHandler                          0x080002c7   Thumb Code     0  startup_stm32h750xx.o(.text)
    SPI2_IRQHandler                          0x080002c7   Thumb Code     0  startup_stm32h750xx.o(.text)
    SPI3_IRQHandler                          0x080002c7   Thumb Code     0  startup_stm32h750xx.o(.text)
    SPI4_IRQHandler                          0x080002c7   Thumb Code     0  startup_stm32h750xx.o(.text)
    SPI5_IRQHandler                          0x080002c7   Thumb Code     0  startup_stm32h750xx.o(.text)
    SPI6_IRQHandler                          0x080002c7   Thumb Code     0  startup_stm32h750xx.o(.text)
    SWPMI1_IRQHandler                        0x080002c7   Thumb Code     0  startup_stm32h750xx.o(.text)
    TAMP_STAMP_IRQHandler                    0x080002c7   Thumb Code     0  startup_stm32h750xx.o(.text)
    TIM15_IRQHandler                         0x080002c7   Thumb Code     0  startup_stm32h750xx.o(.text)
    TIM16_IRQHandler                         0x080002c7   Thumb Code     0  startup_stm32h750xx.o(.text)
    TIM17_IRQHandler                         0x080002c7   Thumb Code     0  startup_stm32h750xx.o(.text)
    TIM1_BRK_IRQHandler                      0x080002c7   Thumb Code     0  startup_stm32h750xx.o(.text)
    TIM1_CC_IRQHandler                       0x080002c7   Thumb Code     0  startup_stm32h750xx.o(.text)
    TIM1_TRG_COM_IRQHandler                  0x080002c7   Thumb Code     0  startup_stm32h750xx.o(.text)
    TIM1_UP_IRQHandler                       0x080002c7   Thumb Code     0  startup_stm32h750xx.o(.text)
    TIM2_IRQHandler                          0x080002c7   Thumb Code     0  startup_stm32h750xx.o(.text)
    TIM6_DAC_IRQHandler                      0x080002c7   Thumb Code     0  startup_stm32h750xx.o(.text)
    TIM7_IRQHandler                          0x080002c7   Thumb Code     0  startup_stm32h750xx.o(.text)
    TIM8_BRK_TIM12_IRQHandler                0x080002c7   Thumb Code     0  startup_stm32h750xx.o(.text)
    TIM8_CC_IRQHandler                       0x080002c7   Thumb Code     0  startup_stm32h750xx.o(.text)
    TIM8_TRG_COM_TIM14_IRQHandler            0x080002c7   Thumb Code     0  startup_stm32h750xx.o(.text)
    TIM8_UP_TIM13_IRQHandler                 0x080002c7   Thumb Code     0  startup_stm32h750xx.o(.text)
    UART4_IRQHandler                         0x080002c7   Thumb Code     0  startup_stm32h750xx.o(.text)
    UART5_IRQHandler                         0x080002c7   Thumb Code     0  startup_stm32h750xx.o(.text)
    UART7_IRQHandler                         0x080002c7   Thumb Code     0  startup_stm32h750xx.o(.text)
    UART8_IRQHandler                         0x080002c7   Thumb Code     0  startup_stm32h750xx.o(.text)
    USART3_IRQHandler                        0x080002c7   Thumb Code     0  startup_stm32h750xx.o(.text)
    WAKEUP_PIN_IRQHandler                    0x080002c7   Thumb Code     0  startup_stm32h750xx.o(.text)
    WWDG_IRQHandler                          0x080002c7   Thumb Code     0  startup_stm32h750xx.o(.text)
    __aeabi_uldivmod                         0x080002d1   Thumb Code    98  uldiv.o(.text)
    __aeabi_memset                           0x08000333   Thumb Code    14  memseta.o(.text)
    __aeabi_memset4                          0x08000333   Thumb Code     0  memseta.o(.text)
    __aeabi_memset8                          0x08000333   Thumb Code     0  memseta.o(.text)
    __aeabi_memclr                           0x08000341   Thumb Code     4  memseta.o(.text)
    __aeabi_memclr4                          0x08000341   Thumb Code     0  memseta.o(.text)
    __aeabi_memclr8                          0x08000341   Thumb Code     0  memseta.o(.text)
    _memset$wrapper                          0x08000345   Thumb Code    18  memseta.o(.text)
    __aeabi_llsl                             0x08000357   Thumb Code    30  llshl.o(.text)
    _ll_shift_l                              0x08000357   Thumb Code     0  llshl.o(.text)
    __aeabi_llsr                             0x08000375   Thumb Code    32  llushr.o(.text)
    _ll_ushift_r                             0x08000375   Thumb Code     0  llushr.o(.text)
    __scatterload                            0x08000395   Thumb Code    28  init.o(.text)
    __scatterload_rt2                        0x08000395   Thumb Code     0  init.o(.text)
    BusFault_Handler                         0x080003b9   Thumb Code     2  stm32h7xx_it.o(.text.BusFault_Handler)
    DebugMon_Handler                         0x080003c1   Thumb Code     2  stm32h7xx_it.o(.text.DebugMon_Handler)
    Error_Handler                            0x080003c9   Thumb Code    10  main.o(.text.Error_Handler)
    HAL_DMA_Abort                            0x080003d9   Thumb Code  1326  stm32h7xx_hal_dma.o(.text.HAL_DMA_Abort)
    HAL_DMA_Abort_IT                         0x08000909   Thumb Code   698  stm32h7xx_hal_dma.o(.text.HAL_DMA_Abort_IT)
    HAL_Delay                                0x08000bc9   Thumb Code    40  stm32h7xx_hal.o(.text.HAL_Delay)
    HAL_GPIO_Init                            0x08000bf1   Thumb Code   426  stm32h7xx_hal_gpio.o(.text.HAL_GPIO_Init)
    HAL_GPIO_ReadPin                         0x08000da1   Thumb Code    10  stm32h7xx_hal_gpio.o(.text.HAL_GPIO_ReadPin)
    HAL_GPIO_TogglePin                       0x08000db1   Thumb Code    16  stm32h7xx_hal_gpio.o(.text.HAL_GPIO_TogglePin)
    HAL_GPIO_WritePin                        0x08000dc1   Thumb Code    10  stm32h7xx_hal_gpio.o(.text.HAL_GPIO_WritePin)
    HAL_GetREVID                             0x08000dd1   Thumb Code    14  stm32h7xx_hal.o(.text.HAL_GetREVID)
    HAL_GetTick                              0x08000de1   Thumb Code    12  stm32h7xx_hal.o(.text.HAL_GetTick)
    HAL_I2CEx_ConfigAnalogFilter             0x08000df1   Thumb Code    74  stm32h7xx_hal_i2c_ex.o(.text.HAL_I2CEx_ConfigAnalogFilter)
    HAL_I2CEx_ConfigDigitalFilter            0x08000e41   Thumb Code    72  stm32h7xx_hal_i2c_ex.o(.text.HAL_I2CEx_ConfigDigitalFilter)
    HAL_I2CEx_EnableFastModePlus             0x08000e89   Thumb Code    46  stm32h7xx_hal_i2c_ex.o(.text.HAL_I2CEx_EnableFastModePlus)
    HAL_I2C_Init                             0x08000eb9   Thumb Code   174  stm32h7xx_hal_i2c.o(.text.HAL_I2C_Init)
    HAL_I2C_Mem_Write                        0x08000f69   Thumb Code   564  stm32h7xx_hal_i2c.o(.text.HAL_I2C_Mem_Write)
    HAL_I2C_MspInit                          0x080011a1   Thumb Code   316  i2c.o(.text.HAL_I2C_MspInit)
    HAL_IncTick                              0x080012e1   Thumb Code    26  stm32h7xx_hal.o(.text.HAL_IncTick)
    HAL_Init                                 0x08001301   Thumb Code   100  stm32h7xx_hal.o(.text.HAL_Init)
    HAL_InitTick                             0x08001369   Thumb Code    76  stm32h7xx_hal.o(.text.HAL_InitTick)
    HAL_MPU_ConfigRegion                     0x080013b9   Thumb Code    94  stm32h7xx_hal_cortex.o(.text.HAL_MPU_ConfigRegion)
    HAL_MPU_Disable                          0x08001419   Thumb Code    26  stm32h7xx_hal_cortex.o(.text.HAL_MPU_Disable)
    HAL_MPU_Enable                           0x08001439   Thumb Code    32  stm32h7xx_hal_cortex.o(.text.HAL_MPU_Enable)
    HAL_MspInit                              0x08001459   Thumb Code    32  stm32h7xx_hal_msp.o(.text.HAL_MspInit)
    HAL_NVIC_EnableIRQ                       0x08001479   Thumb Code    34  stm32h7xx_hal_cortex.o(.text.HAL_NVIC_EnableIRQ)
    HAL_NVIC_SetPriority                     0x080014a1   Thumb Code    90  stm32h7xx_hal_cortex.o(.text.HAL_NVIC_SetPriority)
    HAL_NVIC_SetPriorityGrouping             0x08001501   Thumb Code    32  stm32h7xx_hal_cortex.o(.text.HAL_NVIC_SetPriorityGrouping)
    HAL_PWREx_ConfigSupply                   0x08001521   Thumb Code    76  stm32h7xx_hal_pwr_ex.o(.text.HAL_PWREx_ConfigSupply)
    HAL_RCCEx_GetD3PCLK1Freq                 0x08001571   Thumb Code    38  stm32h7xx_hal_rcc_ex.o(.text.HAL_RCCEx_GetD3PCLK1Freq)
    HAL_RCCEx_GetPLL2ClockFreq               0x08001599   Thumb Code   300  stm32h7xx_hal_rcc_ex.o(.text.HAL_RCCEx_GetPLL2ClockFreq)
    HAL_RCCEx_GetPLL3ClockFreq               0x080016c9   Thumb Code   300  stm32h7xx_hal_rcc_ex.o(.text.HAL_RCCEx_GetPLL3ClockFreq)
    HAL_RCCEx_PeriphCLKConfig                0x080017f9   Thumb Code  2876  stm32h7xx_hal_rcc_ex.o(.text.HAL_RCCEx_PeriphCLKConfig)
    HAL_RCC_ClockConfig                      0x08002339   Thumb Code   616  stm32h7xx_hal_rcc.o(.text.HAL_RCC_ClockConfig)
    HAL_RCC_GetHCLKFreq                      0x080025a1   Thumb Code    76  stm32h7xx_hal_rcc.o(.text.HAL_RCC_GetHCLKFreq)
    HAL_RCC_GetPCLK1Freq                     0x080025f1   Thumb Code    96  stm32h7xx_hal_rcc.o(.text.HAL_RCC_GetPCLK1Freq)
    HAL_RCC_GetPCLK2Freq                     0x08002651   Thumb Code    96  stm32h7xx_hal_rcc.o(.text.HAL_RCC_GetPCLK2Freq)
    HAL_RCC_GetSysClockFreq                  0x080026b1   Thumb Code   280  stm32h7xx_hal_rcc.o(.text.HAL_RCC_GetSysClockFreq)
    HAL_RCC_OscConfig                        0x080027c9   Thumb Code  1376  stm32h7xx_hal_rcc.o(.text.HAL_RCC_OscConfig)
    HAL_SYSTICK_Config                       0x08002d29   Thumb Code    46  stm32h7xx_hal_cortex.o(.text.HAL_SYSTICK_Config)
    HAL_TIMEx_Break2Callback                 0x08002d59   Thumb Code     2  stm32h7xx_hal_tim_ex.o(.text.HAL_TIMEx_Break2Callback)
    HAL_TIMEx_BreakCallback                  0x08002d61   Thumb Code     2  stm32h7xx_hal_tim_ex.o(.text.HAL_TIMEx_BreakCallback)
    HAL_TIMEx_CommutCallback                 0x08002d69   Thumb Code     2  stm32h7xx_hal_tim_ex.o(.text.HAL_TIMEx_CommutCallback)
    HAL_TIMEx_MasterConfigSynchronization    0x08002d71   Thumb Code   202  stm32h7xx_hal_tim_ex.o(.text.HAL_TIMEx_MasterConfigSynchronization)
    HAL_TIM_Base_Init                        0x08002e41   Thumb Code    96  stm32h7xx_hal_tim.o(.text.HAL_TIM_Base_Init)
    HAL_TIM_Base_MspInit                     0x08002ea1   Thumb Code    70  tim.o(.text.HAL_TIM_Base_MspInit)
    HAL_TIM_Base_Start_IT                    0x08002ee9   Thumb Code   180  stm32h7xx_hal_tim.o(.text.HAL_TIM_Base_Start_IT)
    HAL_TIM_ConfigClockSource                0x08002fa1   Thumb Code   508  stm32h7xx_hal_tim.o(.text.HAL_TIM_ConfigClockSource)
    HAL_TIM_Encoder_Init                     0x080031a1   Thumb Code   184  stm32h7xx_hal_tim.o(.text.HAL_TIM_Encoder_Init)
    HAL_TIM_Encoder_MspInit                  0x08003259   Thumb Code   200  tim.o(.text.HAL_TIM_Encoder_MspInit)
    HAL_TIM_Encoder_Start                    0x08003321   Thumb Code   188  stm32h7xx_hal_tim.o(.text.HAL_TIM_Encoder_Start)
    HAL_TIM_IC_CaptureCallback               0x080033e1   Thumb Code     2  stm32h7xx_hal_tim.o(.text.HAL_TIM_IC_CaptureCallback)
    HAL_TIM_IRQHandler                       0x080033e9   Thumb Code   364  stm32h7xx_hal_tim.o(.text.HAL_TIM_IRQHandler)
    HAL_TIM_OC_DelayElapsedCallback          0x08003559   Thumb Code     2  stm32h7xx_hal_tim.o(.text.HAL_TIM_OC_DelayElapsedCallback)
    HAL_TIM_PWM_ConfigChannel                0x08003561   Thumb Code  1214  stm32h7xx_hal_tim.o(.text.HAL_TIM_PWM_ConfigChannel)
    HAL_TIM_PWM_Init                         0x08003a21   Thumb Code    96  stm32h7xx_hal_tim.o(.text.HAL_TIM_PWM_Init)
    HAL_TIM_PWM_MspInit                      0x08003a81   Thumb Code    46  tim.o(.text.HAL_TIM_PWM_MspInit)
    HAL_TIM_PWM_PulseFinishedCallback        0x08003ab1   Thumb Code     2  stm32h7xx_hal_tim.o(.text.HAL_TIM_PWM_PulseFinishedCallback)
    HAL_TIM_PWM_Start                        0x08003ab9   Thumb Code   396  stm32h7xx_hal_tim.o(.text.HAL_TIM_PWM_Start)
    HAL_TIM_PeriodElapsedCallback            0x08003c49   Thumb Code   210  main.o(.text.HAL_TIM_PeriodElapsedCallback)
    HAL_TIM_TriggerCallback                  0x08003d21   Thumb Code     2  stm32h7xx_hal_tim.o(.text.HAL_TIM_TriggerCallback)
    HAL_UARTEx_DisableFifoMode               0x08003d29   Thumb Code    54  stm32h7xx_hal_uart_ex.o(.text.HAL_UARTEx_DisableFifoMode)
    HAL_UARTEx_RxEventCallback               0x08003d61   Thumb Code     2  stm32h7xx_hal_uart.o(.text.HAL_UARTEx_RxEventCallback)
    HAL_UARTEx_RxFifoFullCallback            0x08003d69   Thumb Code     2  stm32h7xx_hal_uart_ex.o(.text.HAL_UARTEx_RxFifoFullCallback)
    HAL_UARTEx_SetRxFifoThreshold            0x08003d71   Thumb Code   144  stm32h7xx_hal_uart_ex.o(.text.HAL_UARTEx_SetRxFifoThreshold)
    HAL_UARTEx_SetTxFifoThreshold            0x08003e01   Thumb Code   144  stm32h7xx_hal_uart_ex.o(.text.HAL_UARTEx_SetTxFifoThreshold)
    HAL_UARTEx_TxFifoEmptyCallback           0x08003e91   Thumb Code     2  stm32h7xx_hal_uart_ex.o(.text.HAL_UARTEx_TxFifoEmptyCallback)
    HAL_UARTEx_WakeupCallback                0x08003e99   Thumb Code     2  stm32h7xx_hal_uart_ex.o(.text.HAL_UARTEx_WakeupCallback)
    HAL_UART_ErrorCallback                   0x08003ea1   Thumb Code     2  stm32h7xx_hal_uart.o(.text.HAL_UART_ErrorCallback)
    HAL_UART_IRQHandler                      0x08003ea9   Thumb Code  1880  stm32h7xx_hal_uart.o(.text.HAL_UART_IRQHandler)
    HAL_UART_Init                            0x08004601   Thumb Code   104  stm32h7xx_hal_uart.o(.text.HAL_UART_Init)
    HAL_UART_MspInit                         0x08004669   Thumb Code   352  usart.o(.text.HAL_UART_MspInit)
    HAL_UART_Receive_IT                      0x080047c9   Thumb Code   168  stm32h7xx_hal_uart.o(.text.HAL_UART_Receive_IT)
    HAL_UART_RxCpltCallback                  0x08004871   Thumb Code    76  main.o(.text.HAL_UART_RxCpltCallback)
    HAL_UART_TxCpltCallback                  0x080048c1   Thumb Code     2  stm32h7xx_hal_uart.o(.text.HAL_UART_TxCpltCallback)
    HardFault_Handler                        0x080048c9   Thumb Code     2  stm32h7xx_it.o(.text.HardFault_Handler)
    MX_GPIO_Init                             0x08004c29   Thumb Code   332  gpio.o(.text.MX_GPIO_Init)
    MX_I2C2_Init                             0x08004d79   Thumb Code   108  i2c.o(.text.MX_I2C2_Init)
    MX_I2C3_Init                             0x08004de9   Thumb Code   108  i2c.o(.text.MX_I2C3_Init)
    MX_TIM2_Init                             0x08004e59   Thumb Code   212  tim.o(.text.MX_TIM2_Init)
    MX_TIM3_Init                             0x08004f31   Thumb Code   104  tim.o(.text.MX_TIM3_Init)
    MX_TIM4_Init                             0x08004f99   Thumb Code   104  tim.o(.text.MX_TIM4_Init)
    MX_TIM5_Init                             0x08005001   Thumb Code   118  tim.o(.text.MX_TIM5_Init)
    MX_USART1_UART_Init                      0x08005079   Thumb Code   124  usart.o(.text.MX_USART1_UART_Init)
    MX_USART2_UART_Init                      0x080050f9   Thumb Code   124  usart.o(.text.MX_USART2_UART_Init)
    MX_USART6_UART_Init                      0x08005179   Thumb Code   124  usart.o(.text.MX_USART6_UART_Init)
    MemManage_Handler                        0x080051f9   Thumb Code     2  stm32h7xx_it.o(.text.MemManage_Handler)
    NMI_Handler                              0x08005201   Thumb Code     2  stm32h7xx_it.o(.text.NMI_Handler)
    OLED_FullyClear                          0x08005209   Thumb Code   172  oled.o(.text.OLED_FullyClear)
    OLED_Init                                0x080052b9   Thumb Code    16  oled.o(.text.OLED_Init)
    OLED_ShowChar                            0x080052c9   Thumb Code   990  oled.o(.text.OLED_ShowChar)
    OLED_ShowStr1                            0x080056a9   Thumb Code   350  oled.o(.text.OLED_ShowStr1)
    PendSV_Handler                           0x08005809   Thumb Code     2  stm32h7xx_it.o(.text.PendSV_Handler)
    SVC_Handler                              0x08005a61   Thumb Code     2  stm32h7xx_it.o(.text.SVC_Handler)
    SysTick_Handler                          0x08005a69   Thumb Code     4  stm32h7xx_it.o(.text.SysTick_Handler)
    SystemClock_Config                       0x08005a71   Thumb Code   316  main.o(.text.SystemClock_Config)
    SystemInit                               0x08005bb1   Thumb Code   204  system_stm32h7xx.o(.text.SystemInit)
    TIM3_IRQHandler                          0x08005c81   Thumb Code    12  stm32h7xx_it.o(.text.TIM3_IRQHandler)
    TIM4_IRQHandler                          0x08005c91   Thumb Code    12  stm32h7xx_it.o(.text.TIM4_IRQHandler)
    TIM5_IRQHandler                          0x08005ca1   Thumb Code    12  stm32h7xx_it.o(.text.TIM5_IRQHandler)
    TIM_Base_SetConfig                       0x08005cb1   Thumb Code   356  stm32h7xx_hal_tim.o(.text.TIM_Base_SetConfig)
    UART_AdvFeatureConfig                    0x08005e19   Thumb Code   224  stm32h7xx_hal_uart.o(.text.UART_AdvFeatureConfig)
    UART_CheckIdleState                      0x08005ef9   Thumb Code   374  stm32h7xx_hal_uart.o(.text.UART_CheckIdleState)
    UART_SetConfig                           0x08006a81   Thumb Code  1196  stm32h7xx_hal_uart.o(.text.UART_SetConfig)
    UART_Start_Receive_IT                    0x08006f39   Thumb Code   628  stm32h7xx_hal_uart.o(.text.UART_Start_Receive_IT)
    UART_WaitOnFlagUntilTimeout              0x080071b1   Thumb Code   856  stm32h7xx_hal_uart.o(.text.UART_WaitOnFlagUntilTimeout)
    USART1_IRQHandler                        0x08007509   Thumb Code    12  stm32h7xx_it.o(.text.USART1_IRQHandler)
    USART2_IRQHandler                        0x08007519   Thumb Code    12  stm32h7xx_it.o(.text.USART2_IRQHandler)
    USART6_IRQHandler                        0x08007529   Thumb Code    12  stm32h7xx_it.o(.text.USART6_IRQHandler)
    UsageFault_Handler                       0x08007539   Thumb Code     2  stm32h7xx_it.o(.text.UsageFault_Handler)
    WriteCmd                                 0x08007541   Thumb Code   606  oled.o(.text.WriteCmd)
    dianjiA                                  0x080077a1   Thumb Code    96  motor.o(.text.dianjiA)
    dianjiB                                  0x08007801   Thumb Code   114  motor.o(.text.dianjiB)
    line_pid                                 0x08007879   Thumb Code   136  control.o(.text.line_pid)
    main                                     0x08007901   Thumb Code  1112  main.o(.text.main)
    motor_handle                             0x08007d59   Thumb Code   456  motor.o(.text.motor_handle)
    motor_init                               0x08007f21   Thumb Code    98  motor.o(.text.motor_init)
    turn                                     0x08007f89   Thumb Code    64  control.o(.text.turn)
    uart_it_init                             0x08007fc9   Thumb Code    18  uart_it.o(.text.uart_it_init)
    uart_it_receive                          0x08007fe1   Thumb Code   116  uart_it.o(.text.uart_it_receive)
    uart_it_receive1                         0x08008059   Thumb Code   152  uart_it.o(.text.uart_it_receive1)
    __scatterload_copy                       0x080080f1   Thumb Code    14  handlers.o(i.__scatterload_copy)
    __scatterload_null                       0x080080ff   Thumb Code     2  handlers.o(i.__scatterload_null)
    __scatterload_zeroinit                   0x08008101   Thumb Code    14  handlers.o(i.__scatterload_zeroinit)
    D1CorePrescTable                         0x0800811a   Data          16  system_stm32h7xx.o(.rodata.D1CorePrescTable)
    F6x8                                     0x0800812a   Data         552  oled.o(.rodata.F6x8)
    F8X16                                    0x08008352   Data        1504  oled.o(.rodata.F8X16)
    UARTPrescTable                           0x08008932   Data          24  stm32h7xx_hal_uart.o(.rodata.UARTPrescTable)
    Region$$Table$$Base                      0x0800895c   Number         0  anon$$obj.o(Region$$Table)
    Region$$Table$$Limit                     0x0800897c   Number         0  anon$$obj.o(Region$$Table)
    uwTickFreq                               0x24000000   Data           1  stm32h7xx_hal.o(.data..L_MergedGlobals)
    uwTickPrio                               0x24000004   Data           4  stm32h7xx_hal.o(.data..L_MergedGlobals)
    SystemCoreClock                          0x24000008   Data           4  system_stm32h7xx.o(.data..L_MergedGlobals)
    SystemD2Clock                            0x2400000c   Data           4  system_stm32h7xx.o(.data..L_MergedGlobals)
    Tv_A                                     0x24000010   Data           4  motor.o(.data..L_MergedGlobals)
    Tv_B                                     0x24000014   Data           4  motor.o(.data..L_MergedGlobals)
    exA                                      0x24000018   Data           4  motor.o(.data..L_MergedGlobals)
    exB                                      0x2400001c   Data           4  motor.o(.data..L_MergedGlobals)
    z_A                                      0x24000020   Data           4  motor.o(.data..L_MergedGlobals)
    z_B                                      0x24000024   Data           4  motor.o(.data..L_MergedGlobals)
    CMD_Data                                 0x24000028   Data          27  oled.o(.data.CMD_Data)
    direction                                0x24000043   Data           1  main.o(.data.direction)
    now                                      0x24000044   Data           4  control.o(.data.now)
    state                                    0x24000048   Data           1  main.o(.bss..L_MergedGlobals)
    state1                                   0x24000049   Data           1  main.o(.bss..L_MergedGlobals)
    tick                                     0x2400004a   Data           1  main.o(.bss..L_MergedGlobals)
    ticks                                    0x2400004b   Data           1  main.o(.bss..L_MergedGlobals)
    T_num                                    0x2400004c   Data           1  main.o(.bss..L_MergedGlobals)
    shuliang                                 0x2400004e   Data           2  main.o(.bss..L_MergedGlobals)
    statue                                   0x24000050   Data           4  main.o(.bss..L_MergedGlobals)
    number                                   0x24000054   Data           8  main.o(.bss..L_MergedGlobals)
    ff_s                                     0x24000060   Data           8  main.o(.bss..L_MergedGlobals)
    Date                                     0x24000068   Data          10  main.o(.bss..L_MergedGlobals)
    Date1                                    0x24000072   Data          20  main.o(.bss..L_MergedGlobals)
    err                                      0x24000088   Data           4  control.o(.bss..L_MergedGlobals)
    last_err                                 0x2400008c   Data           4  control.o(.bss..L_MergedGlobals)
    ceh_A                                    0x24000098   Data           4  motor.o(.bss..L_MergedGlobals.1)
    ceh_B                                    0x2400009c   Data           4  motor.o(.bss..L_MergedGlobals.1)
    v_A                                      0x240000a0   Data           4  motor.o(.bss..L_MergedGlobals.1)
    v_B                                      0x240000a4   Data           4  motor.o(.bss..L_MergedGlobals.1)
    error_v_A                                0x240000a8   Data           4  motor.o(.bss..L_MergedGlobals.1)
    error_v_B                                0x240000ac   Data           4  motor.o(.bss..L_MergedGlobals.1)
    last_error_v_A                           0x240000b0   Data           4  motor.o(.bss..L_MergedGlobals.1)
    last_error_v_B                           0x240000b4   Data           4  motor.o(.bss..L_MergedGlobals.1)
    pwmA                                     0x240000b8   Data           4  motor.o(.bss..L_MergedGlobals.1)
    pwmB                                     0x240000bc   Data           4  motor.o(.bss..L_MergedGlobals.1)
    pid_out_VA                               0x240000c0   Data           4  motor.o(.bss..L_MergedGlobals.1)
    pid_out_VB                               0x240000c4   Data           4  motor.o(.bss..L_MergedGlobals.1)
    lz_A                                     0x240000c8   Data           4  motor.o(.bss..L_MergedGlobals.1)
    lz_B                                     0x240000cc   Data           4  motor.o(.bss..L_MergedGlobals.1)
    fffff                                    0x240000d0   Data           4  motor.o(.bss..L_MergedGlobals.1)
    hi2c2                                    0x240000d4   Data          84  i2c.o(.bss.hi2c2)
    hi2c3                                    0x24000128   Data          84  i2c.o(.bss.hi2c3)
    htim2                                    0x2400017c   Data          76  tim.o(.bss.htim2)
    htim3                                    0x240001c8   Data          76  tim.o(.bss.htim3)
    htim4                                    0x24000214   Data          76  tim.o(.bss.htim4)
    htim5                                    0x24000260   Data          76  tim.o(.bss.htim5)
    huart1                                   0x240002ac   Data         148  usart.o(.bss.huart1)
    huart2                                   0x24000340   Data         148  usart.o(.bss.huart2)
    huart6                                   0x240003d4   Data         148  usart.o(.bss.huart6)
    uwTick                                   0x24000468   Data           4  stm32h7xx_hal.o(.bss.uwTick)
    width                                    0x2400046c   Data           4  control.o(.bss.width)
    __initial_sp                             0x24000870   Data           0  startup_stm32h750xx.o(STACK)



==============================================================================

Memory Map of the image

  Image Entry point : 0x08000299

  Load Region LR_IROM1 (Base: 0x08000000, Size: 0x000089c8, Max: 0x00020000, ABSOLUTE)

    Execution Region ER_IROM1 (Exec base: 0x08000000, Load base: 0x08000000, Size: 0x0000897c, Max: 0x00020000, ABSOLUTE)

    Exec Addr    Load Addr    Size         Type   Attr      Idx    E Section Name        Object

    0x08000000   0x08000000   0x00000298   Data   RO            3    RESET               startup_stm32h750xx.o
    0x08000298   0x08000298   0x00000000   Code   RO         1849  * .ARM.Collect$$$$00000000  mc_w.l(entry.o)
    0x08000298   0x08000298   0x00000004   Code   RO         2163    .ARM.Collect$$$$00000001  mc_w.l(entry2.o)
    0x0800029c   0x0800029c   0x00000004   Code   RO         2166    .ARM.Collect$$$$00000004  mc_w.l(entry5.o)
    0x080002a0   0x080002a0   0x00000000   Code   RO         2168    .ARM.Collect$$$$00000008  mc_w.l(entry7b.o)
    0x080002a0   0x080002a0   0x00000000   Code   RO         2170    .ARM.Collect$$$$0000000A  mc_w.l(entry8b.o)
    0x080002a0   0x080002a0   0x00000008   Code   RO         2171    .ARM.Collect$$$$0000000B  mc_w.l(entry9a.o)
    0x080002a8   0x080002a8   0x00000000   Code   RO         2173    .ARM.Collect$$$$0000000D  mc_w.l(entry10a.o)
    0x080002a8   0x080002a8   0x00000000   Code   RO         2175    .ARM.Collect$$$$0000000F  mc_w.l(entry11a.o)
    0x080002a8   0x080002a8   0x00000004   Code   RO         2164    .ARM.Collect$$$$00002712  mc_w.l(entry2.o)
    0x080002ac   0x080002ac   0x00000024   Code   RO            4    .text               startup_stm32h750xx.o
    0x080002d0   0x080002d0   0x00000062   Code   RO         1856    .text               mc_w.l(uldiv.o)
    0x08000332   0x08000332   0x00000024   Code   RO         1860    .text               mc_w.l(memseta.o)
    0x08000356   0x08000356   0x0000001e   Code   RO         2189    .text               mc_w.l(llshl.o)
    0x08000374   0x08000374   0x00000020   Code   RO         2191    .text               mc_w.l(llushr.o)
    0x08000394   0x08000394   0x00000024   Code   RO         2211    .text               mc_w.l(init.o)
    0x080003b8   0x080003b8   0x00000002   Code   RO          142    .text.BusFault_Handler  stm32h7xx_it.o
    0x080003ba   0x080003ba   0x00000006   PAD
    0x080003c0   0x080003c0   0x00000002   Code   RO          148    .text.DebugMon_Handler  stm32h7xx_it.o
    0x080003c2   0x080003c2   0x00000006   PAD
    0x080003c8   0x080003c8   0x0000000a   Code   RO           15    .text.Error_Handler  main.o
    0x080003d2   0x080003d2   0x00000006   PAD
    0x080003d8   0x080003d8   0x0000052e   Code   RO          634    .text.HAL_DMA_Abort  stm32h7xx_hal_dma.o
    0x08000906   0x08000906   0x00000002   PAD
    0x08000908   0x08000908   0x000002ba   Code   RO          636    .text.HAL_DMA_Abort_IT  stm32h7xx_hal_dma.o
    0x08000bc2   0x08000bc2   0x00000006   PAD
    0x08000bc8   0x08000bc8   0x00000028   Code   RO          880    .text.HAL_Delay     stm32h7xx_hal.o
    0x08000bf0   0x08000bf0   0x000001aa   Code   RO          568    .text.HAL_GPIO_Init  stm32h7xx_hal_gpio.o
    0x08000d9a   0x08000d9a   0x00000006   PAD
    0x08000da0   0x08000da0   0x0000000a   Code   RO          572    .text.HAL_GPIO_ReadPin  stm32h7xx_hal_gpio.o
    0x08000daa   0x08000daa   0x00000006   PAD
    0x08000db0   0x08000db0   0x00000010   Code   RO          576    .text.HAL_GPIO_TogglePin  stm32h7xx_hal_gpio.o
    0x08000dc0   0x08000dc0   0x0000000a   Code   RO          574    .text.HAL_GPIO_WritePin  stm32h7xx_hal_gpio.o
    0x08000dca   0x08000dca   0x00000006   PAD
    0x08000dd0   0x08000dd0   0x0000000e   Code   RO          888    .text.HAL_GetREVID  stm32h7xx_hal.o
    0x08000dde   0x08000dde   0x00000002   PAD
    0x08000de0   0x08000de0   0x0000000c   Code   RO          872    .text.HAL_GetTick   stm32h7xx_hal.o
    0x08000dec   0x08000dec   0x00000004   PAD
    0x08000df0   0x08000df0   0x0000004a   Code   RO          387    .text.HAL_I2CEx_ConfigAnalogFilter  stm32h7xx_hal_i2c_ex.o
    0x08000e3a   0x08000e3a   0x00000006   PAD
    0x08000e40   0x08000e40   0x00000048   Code   RO          389    .text.HAL_I2CEx_ConfigDigitalFilter  stm32h7xx_hal_i2c_ex.o
    0x08000e88   0x08000e88   0x0000002e   Code   RO          395    .text.HAL_I2CEx_EnableFastModePlus  stm32h7xx_hal_i2c_ex.o
    0x08000eb6   0x08000eb6   0x00000002   PAD
    0x08000eb8   0x08000eb8   0x000000ae   Code   RO          233    .text.HAL_I2C_Init  stm32h7xx_hal_i2c.o
    0x08000f66   0x08000f66   0x00000002   PAD
    0x08000f68   0x08000f68   0x00000234   Code   RO          291    .text.HAL_I2C_Mem_Write  stm32h7xx_hal_i2c.o
    0x0800119c   0x0800119c   0x00000004   PAD
    0x080011a0   0x080011a0   0x0000013c   Code   RO           67    .text.HAL_I2C_MspInit  i2c.o
    0x080012dc   0x080012dc   0x00000004   PAD
    0x080012e0   0x080012e0   0x0000001a   Code   RO          870    .text.HAL_IncTick   stm32h7xx_hal.o
    0x080012fa   0x080012fa   0x00000006   PAD
    0x08001300   0x08001300   0x00000064   Code   RO          860    .text.HAL_Init      stm32h7xx_hal.o
    0x08001364   0x08001364   0x00000004   PAD
    0x08001368   0x08001368   0x0000004c   Code   RO          862    .text.HAL_InitTick  stm32h7xx_hal.o
    0x080013b4   0x080013b4   0x00000004   PAD
    0x080013b8   0x080013b8   0x0000005e   Code   RO          203    .text.HAL_MPU_ConfigRegion  stm32h7xx_hal_cortex.o
    0x08001416   0x08001416   0x00000002   PAD
    0x08001418   0x08001418   0x0000001a   Code   RO          195    .text.HAL_MPU_Disable  stm32h7xx_hal_cortex.o
    0x08001432   0x08001432   0x00000006   PAD
    0x08001438   0x08001438   0x00000020   Code   RO          197    .text.HAL_MPU_Enable  stm32h7xx_hal_cortex.o
    0x08001458   0x08001458   0x00000020   Code   RO          173    .text.HAL_MspInit   stm32h7xx_hal_msp.o
    0x08001478   0x08001478   0x00000022   Code   RO          185    .text.HAL_NVIC_EnableIRQ  stm32h7xx_hal_cortex.o
    0x0800149a   0x0800149a   0x00000006   PAD
    0x080014a0   0x080014a0   0x0000005a   Code   RO          183    .text.HAL_NVIC_SetPriority  stm32h7xx_hal_cortex.o
    0x080014fa   0x080014fa   0x00000006   PAD
    0x08001500   0x08001500   0x00000020   Code   RO          181    .text.HAL_NVIC_SetPriorityGrouping  stm32h7xx_hal_cortex.o
    0x08001520   0x08001520   0x0000004c   Code   RO          772    .text.HAL_PWREx_ConfigSupply  stm32h7xx_hal_pwr_ex.o
    0x0800156c   0x0800156c   0x00000004   PAD
    0x08001570   0x08001570   0x00000026   Code   RO          459    .text.HAL_RCCEx_GetD3PCLK1Freq  stm32h7xx_hal_rcc_ex.o
    0x08001596   0x08001596   0x00000002   PAD
    0x08001598   0x08001598   0x0000012c   Code   RO          455    .text.HAL_RCCEx_GetPLL2ClockFreq  stm32h7xx_hal_rcc_ex.o
    0x080016c4   0x080016c4   0x00000004   PAD
    0x080016c8   0x080016c8   0x0000012c   Code   RO          457    .text.HAL_RCCEx_GetPLL3ClockFreq  stm32h7xx_hal_rcc_ex.o
    0x080017f4   0x080017f4   0x00000004   PAD
    0x080017f8   0x080017f8   0x00000b3c   Code   RO          443    .text.HAL_RCCEx_PeriphCLKConfig  stm32h7xx_hal_rcc_ex.o
    0x08002334   0x08002334   0x00000004   PAD
    0x08002338   0x08002338   0x00000268   Code   RO          411    .text.HAL_RCC_ClockConfig  stm32h7xx_hal_rcc.o
    0x080025a0   0x080025a0   0x0000004c   Code   RO          421    .text.HAL_RCC_GetHCLKFreq  stm32h7xx_hal_rcc.o
    0x080025ec   0x080025ec   0x00000004   PAD
    0x080025f0   0x080025f0   0x00000060   Code   RO          423    .text.HAL_RCC_GetPCLK1Freq  stm32h7xx_hal_rcc.o
    0x08002650   0x08002650   0x00000060   Code   RO          425    .text.HAL_RCC_GetPCLK2Freq  stm32h7xx_hal_rcc.o
    0x080026b0   0x080026b0   0x00000118   Code   RO          413    .text.HAL_RCC_GetSysClockFreq  stm32h7xx_hal_rcc.o
    0x080027c8   0x080027c8   0x00000560   Code   RO          409    .text.HAL_RCC_OscConfig  stm32h7xx_hal_rcc.o
    0x08002d28   0x08002d28   0x0000002e   Code   RO          193    .text.HAL_SYSTICK_Config  stm32h7xx_hal_cortex.o
    0x08002d56   0x08002d56   0x00000002   PAD
    0x08002d58   0x08002d58   0x00000002   Code   RO         1305    .text.HAL_TIMEx_Break2Callback  stm32h7xx_hal_tim_ex.o
    0x08002d5a   0x08002d5a   0x00000006   PAD
    0x08002d60   0x08002d60   0x00000002   Code   RO         1303    .text.HAL_TIMEx_BreakCallback  stm32h7xx_hal_tim_ex.o
    0x08002d62   0x08002d62   0x00000006   PAD
    0x08002d68   0x08002d68   0x00000002   Code   RO         1299    .text.HAL_TIMEx_CommutCallback  stm32h7xx_hal_tim_ex.o
    0x08002d6a   0x08002d6a   0x00000006   PAD
    0x08002d70   0x08002d70   0x000000ca   Code   RO         1287    .text.HAL_TIMEx_MasterConfigSynchronization  stm32h7xx_hal_tim_ex.o
    0x08002e3a   0x08002e3a   0x00000006   PAD
    0x08002e40   0x08002e40   0x00000060   Code   RO          992    .text.HAL_TIM_Base_Init  stm32h7xx_hal_tim.o
    0x08002ea0   0x08002ea0   0x00000046   Code   RO           95    .text.HAL_TIM_Base_MspInit  tim.o
    0x08002ee6   0x08002ee6   0x00000002   PAD
    0x08002ee8   0x08002ee8   0x000000b4   Code   RO         1006    .text.HAL_TIM_Base_Start_IT  stm32h7xx_hal_tim.o
    0x08002f9c   0x08002f9c   0x00000004   PAD
    0x08002fa0   0x08002fa0   0x000001fc   Code   RO         1172    .text.HAL_TIM_ConfigClockSource  stm32h7xx_hal_tim.o
    0x0800319c   0x0800319c   0x00000004   PAD
    0x080031a0   0x080031a0   0x000000b8   Code   RO         1106    .text.HAL_TIM_Encoder_Init  stm32h7xx_hal_tim.o
    0x08003258   0x08003258   0x000000c8   Code   RO           93    .text.HAL_TIM_Encoder_MspInit  tim.o
    0x08003320   0x08003320   0x000000bc   Code   RO         1114    .text.HAL_TIM_Encoder_Start  stm32h7xx_hal_tim.o
    0x080033dc   0x080033dc   0x00000004   PAD
    0x080033e0   0x080033e0   0x00000002   Code   RO         1128    .text.HAL_TIM_IC_CaptureCallback  stm32h7xx_hal_tim.o
    0x080033e2   0x080033e2   0x00000006   PAD
    0x080033e8   0x080033e8   0x0000016c   Code   RO         1126    .text.HAL_TIM_IRQHandler  stm32h7xx_hal_tim.o
    0x08003554   0x08003554   0x00000004   PAD
    0x08003558   0x08003558   0x00000002   Code   RO         1130    .text.HAL_TIM_OC_DelayElapsedCallback  stm32h7xx_hal_tim.o
    0x0800355a   0x0800355a   0x00000006   PAD
    0x08003560   0x08003560   0x000004be   Code   RO         1146    .text.HAL_TIM_PWM_ConfigChannel  stm32h7xx_hal_tim.o
    0x08003a1e   0x08003a1e   0x00000002   PAD
    0x08003a20   0x08003a20   0x00000060   Code   RO         1046    .text.HAL_TIM_PWM_Init  stm32h7xx_hal_tim.o
    0x08003a80   0x08003a80   0x0000002e   Code   RO           91    .text.HAL_TIM_PWM_MspInit  tim.o
    0x08003aae   0x08003aae   0x00000002   PAD
    0x08003ab0   0x08003ab0   0x00000002   Code   RO         1132    .text.HAL_TIM_PWM_PulseFinishedCallback  stm32h7xx_hal_tim.o
    0x08003ab2   0x08003ab2   0x00000006   PAD
    0x08003ab8   0x08003ab8   0x0000018c   Code   RO         1054    .text.HAL_TIM_PWM_Start  stm32h7xx_hal_tim.o
    0x08003c44   0x08003c44   0x00000004   PAD
    0x08003c48   0x08003c48   0x000000d2   Code   RO           21    .text.HAL_TIM_PeriodElapsedCallback  main.o
    0x08003d1a   0x08003d1a   0x00000006   PAD
    0x08003d20   0x08003d20   0x00000002   Code   RO         1136    .text.HAL_TIM_TriggerCallback  stm32h7xx_hal_tim.o
    0x08003d22   0x08003d22   0x00000006   PAD
    0x08003d28   0x08003d28   0x00000036   Code   RO         1482    .text.HAL_UARTEx_DisableFifoMode  stm32h7xx_hal_uart_ex.o
    0x08003d5e   0x08003d5e   0x00000002   PAD
    0x08003d60   0x08003d60   0x00000002   Code   RO         1409    .text.HAL_UARTEx_RxEventCallback  stm32h7xx_hal_uart.o
    0x08003d62   0x08003d62   0x00000006   PAD
    0x08003d68   0x08003d68   0x00000002   Code   RO         1468    .text.HAL_UARTEx_RxFifoFullCallback  stm32h7xx_hal_uart_ex.o
    0x08003d6a   0x08003d6a   0x00000006   PAD
    0x08003d70   0x08003d70   0x00000090   Code   RO         1486    .text.HAL_UARTEx_SetRxFifoThreshold  stm32h7xx_hal_uart_ex.o
    0x08003e00   0x08003e00   0x00000090   Code   RO         1484    .text.HAL_UARTEx_SetTxFifoThreshold  stm32h7xx_hal_uart_ex.o
    0x08003e90   0x08003e90   0x00000002   Code   RO         1470    .text.HAL_UARTEx_TxFifoEmptyCallback  stm32h7xx_hal_uart_ex.o
    0x08003e92   0x08003e92   0x00000006   PAD
    0x08003e98   0x08003e98   0x00000002   Code   RO         1466    .text.HAL_UARTEx_WakeupCallback  stm32h7xx_hal_uart_ex.o
    0x08003e9a   0x08003e9a   0x00000006   PAD
    0x08003ea0   0x08003ea0   0x00000002   Code   RO         1407    .text.HAL_UART_ErrorCallback  stm32h7xx_hal_uart.o
    0x08003ea2   0x08003ea2   0x00000006   PAD
    0x08003ea8   0x08003ea8   0x00000758   Code   RO         1403    .text.HAL_UART_IRQHandler  stm32h7xx_hal_uart.o
    0x08004600   0x08004600   0x00000068   Code   RO         1319    .text.HAL_UART_Init  stm32h7xx_hal_uart.o
    0x08004668   0x08004668   0x00000160   Code   RO          121    .text.HAL_UART_MspInit  usart.o
    0x080047c8   0x080047c8   0x000000a8   Code   RO         1355    .text.HAL_UART_Receive_IT  stm32h7xx_hal_uart.o
    0x08004870   0x08004870   0x0000004c   Code   RO           19    .text.HAL_UART_RxCpltCallback  main.o
    0x080048bc   0x080048bc   0x00000004   PAD
    0x080048c0   0x080048c0   0x00000002   Code   RO         1411    .text.HAL_UART_TxCpltCallback  stm32h7xx_hal_uart.o
    0x080048c2   0x080048c2   0x00000006   PAD
    0x080048c8   0x080048c8   0x00000002   Code   RO          138    .text.HardFault_Handler  stm32h7xx_it.o
    0x080048ca   0x080048ca   0x00000006   PAD
    0x080048d0   0x080048d0   0x00000160   Code   RO          377    .text.I2C_IsErrorOccurred  stm32h7xx_hal_i2c.o
    0x08004a30   0x08004a30   0x000000e0   Code   RO          243    .text.I2C_WaitOnFlagUntilTimeout  stm32h7xx_hal_i2c.o
    0x08004b10   0x08004b10   0x0000007c   Code   RO          247    .text.I2C_WaitOnSTOPFlagUntilTimeout  stm32h7xx_hal_i2c.o
    0x08004b8c   0x08004b8c   0x00000004   PAD
    0x08004b90   0x08004b90   0x00000094   Code   RO          245    .text.I2C_WaitOnTXISFlagUntilTimeout  stm32h7xx_hal_i2c.o
    0x08004c24   0x08004c24   0x00000004   PAD
    0x08004c28   0x08004c28   0x0000014c   Code   RO           54    .text.MX_GPIO_Init  gpio.o
    0x08004d74   0x08004d74   0x00000004   PAD
    0x08004d78   0x08004d78   0x0000006c   Code   RO           63    .text.MX_I2C2_Init  i2c.o
    0x08004de4   0x08004de4   0x00000004   PAD
    0x08004de8   0x08004de8   0x0000006c   Code   RO           65    .text.MX_I2C3_Init  i2c.o
    0x08004e54   0x08004e54   0x00000004   PAD
    0x08004e58   0x08004e58   0x000000d4   Code   RO           81    .text.MX_TIM2_Init  tim.o
    0x08004f2c   0x08004f2c   0x00000004   PAD
    0x08004f30   0x08004f30   0x00000068   Code   RO           85    .text.MX_TIM3_Init  tim.o
    0x08004f98   0x08004f98   0x00000068   Code   RO           87    .text.MX_TIM4_Init  tim.o
    0x08005000   0x08005000   0x00000076   Code   RO           89    .text.MX_TIM5_Init  tim.o
    0x08005076   0x08005076   0x00000002   PAD
    0x08005078   0x08005078   0x0000007c   Code   RO          115    .text.MX_USART1_UART_Init  usart.o
    0x080050f4   0x080050f4   0x00000004   PAD
    0x080050f8   0x080050f8   0x0000007c   Code   RO          117    .text.MX_USART2_UART_Init  usart.o
    0x08005174   0x08005174   0x00000004   PAD
    0x08005178   0x08005178   0x0000007c   Code   RO          119    .text.MX_USART6_UART_Init  usart.o
    0x080051f4   0x080051f4   0x00000004   PAD
    0x080051f8   0x080051f8   0x00000002   Code   RO          140    .text.MemManage_Handler  stm32h7xx_it.o
    0x080051fa   0x080051fa   0x00000006   PAD
    0x08005200   0x08005200   0x00000002   Code   RO          136    .text.NMI_Handler   stm32h7xx_it.o
    0x08005202   0x08005202   0x00000006   PAD
    0x08005208   0x08005208   0x000000ac   Code   RO         1527    .text.OLED_FullyClear  oled.o
    0x080052b4   0x080052b4   0x00000004   PAD
    0x080052b8   0x080052b8   0x00000010   Code   RO         1525    .text.OLED_Init     oled.o
    0x080052c8   0x080052c8   0x000003de   Code   RO         1541    .text.OLED_ShowChar  oled.o
    0x080056a6   0x080056a6   0x00000002   PAD
    0x080056a8   0x080056a8   0x0000015e   Code   RO         1539    .text.OLED_ShowStr1  oled.o
    0x08005806   0x08005806   0x00000002   PAD
    0x08005808   0x08005808   0x00000002   Code   RO          150    .text.PendSV_Handler  stm32h7xx_it.o
    0x0800580a   0x0800580a   0x00000006   PAD
    0x08005810   0x08005810   0x00000122   Code   RO          445    .text.RCCEx_PLL2_Config  stm32h7xx_hal_rcc_ex.o
    0x08005932   0x08005932   0x00000006   PAD
    0x08005938   0x08005938   0x00000122   Code   RO          447    .text.RCCEx_PLL3_Config  stm32h7xx_hal_rcc_ex.o
    0x08005a5a   0x08005a5a   0x00000006   PAD
    0x08005a60   0x08005a60   0x00000002   Code   RO          146    .text.SVC_Handler   stm32h7xx_it.o
    0x08005a62   0x08005a62   0x00000006   PAD
    0x08005a68   0x08005a68   0x00000004   Code   RO          152    .text.SysTick_Handler  stm32h7xx_it.o
    0x08005a6c   0x08005a6c   0x00000004   PAD
    0x08005a70   0x08005a70   0x0000013c   Code   RO           13    .text.SystemClock_Config  main.o
    0x08005bac   0x08005bac   0x00000004   PAD
    0x08005bb0   0x08005bb0   0x000000cc   Code   RO         1505    .text.SystemInit    system_stm32h7xx.o
    0x08005c7c   0x08005c7c   0x00000004   PAD
    0x08005c80   0x08005c80   0x0000000c   Code   RO          154    .text.TIM3_IRQHandler  stm32h7xx_it.o
    0x08005c8c   0x08005c8c   0x00000004   PAD
    0x08005c90   0x08005c90   0x0000000c   Code   RO          156    .text.TIM4_IRQHandler  stm32h7xx_it.o
    0x08005c9c   0x08005c9c   0x00000004   PAD
    0x08005ca0   0x08005ca0   0x0000000c   Code   RO          162    .text.TIM5_IRQHandler  stm32h7xx_it.o
    0x08005cac   0x08005cac   0x00000004   PAD
    0x08005cb0   0x08005cb0   0x00000164   Code   RO          996    .text.TIM_Base_SetConfig  stm32h7xx_hal_tim.o
    0x08005e14   0x08005e14   0x00000004   PAD
    0x08005e18   0x08005e18   0x000000e0   Code   RO         1323    .text.UART_AdvFeatureConfig  stm32h7xx_hal_uart.o
    0x08005ef8   0x08005ef8   0x00000176   Code   RO         1327    .text.UART_CheckIdleState  stm32h7xx_hal_uart.o
    0x0800606e   0x0800606e   0x00000002   PAD
    0x08006070   0x08006070   0x00000010   Code   RO         1405    .text.UART_DMAAbortOnError  stm32h7xx_hal_uart.o
    0x08006080   0x08006080   0x000001c4   Code   RO         1445    .text.UART_RxISR_16BIT  stm32h7xx_hal_uart.o
    0x08006244   0x08006244   0x00000004   PAD
    0x08006248   0x08006248   0x00000334   Code   RO         1441    .text.UART_RxISR_16BIT_FIFOEN  stm32h7xx_hal_uart.o
    0x0800657c   0x0800657c   0x00000004   PAD
    0x08006580   0x08006580   0x000001c8   Code   RO         1447    .text.UART_RxISR_8BIT  stm32h7xx_hal_uart.o
    0x08006748   0x08006748   0x00000338   Code   RO         1443    .text.UART_RxISR_8BIT_FIFOEN  stm32h7xx_hal_uart.o
    0x08006a80   0x08006a80   0x000004b4   Code   RO         1325    .text.UART_SetConfig  stm32h7xx_hal_uart.o
    0x08006f34   0x08006f34   0x00000004   PAD
    0x08006f38   0x08006f38   0x00000274   Code   RO         1357    .text.UART_Start_Receive_IT  stm32h7xx_hal_uart.o
    0x080071ac   0x080071ac   0x00000004   PAD
    0x080071b0   0x080071b0   0x00000358   Code   RO         1341    .text.UART_WaitOnFlagUntilTimeout  stm32h7xx_hal_uart.o
    0x08007508   0x08007508   0x0000000c   Code   RO          158    .text.USART1_IRQHandler  stm32h7xx_it.o
    0x08007514   0x08007514   0x00000004   PAD
    0x08007518   0x08007518   0x0000000c   Code   RO          160    .text.USART2_IRQHandler  stm32h7xx_it.o
    0x08007524   0x08007524   0x00000004   PAD
    0x08007528   0x08007528   0x0000000c   Code   RO          164    .text.USART6_IRQHandler  stm32h7xx_it.o
    0x08007534   0x08007534   0x00000004   PAD
    0x08007538   0x08007538   0x00000002   Code   RO          144    .text.UsageFault_Handler  stm32h7xx_it.o
    0x0800753a   0x0800753a   0x00000006   PAD
    0x08007540   0x08007540   0x0000025e   Code   RO         1519    .text.WriteCmd      oled.o
    0x0800779e   0x0800779e   0x00000002   PAD
    0x080077a0   0x080077a0   0x00000060   Code   RO         1583    .text.dianjiA       motor.o
    0x08007800   0x08007800   0x00000072   Code   RO         1585    .text.dianjiB       motor.o
    0x08007872   0x08007872   0x00000006   PAD
    0x08007878   0x08007878   0x00000088   Code   RO         1563    .text.line_pid      control.o
    0x08007900   0x08007900   0x00000458   Code   RO           11    .text.main          main.o
    0x08007d58   0x08007d58   0x000001c8   Code   RO         1591    .text.motor_handle  motor.o
    0x08007f20   0x08007f20   0x00000062   Code   RO         1581    .text.motor_init    motor.o
    0x08007f82   0x08007f82   0x00000006   PAD
    0x08007f88   0x08007f88   0x00000040   Code   RO         1565    .text.turn          control.o
    0x08007fc8   0x08007fc8   0x00000012   Code   RO         1603    .text.uart_it_init  uart_it.o
    0x08007fda   0x08007fda   0x00000006   PAD
    0x08007fe0   0x08007fe0   0x00000074   Code   RO         1605    .text.uart_it_receive  uart_it.o
    0x08008054   0x08008054   0x00000004   PAD
    0x08008058   0x08008058   0x00000098   Code   RO         1607    .text.uart_it_receive1  uart_it.o
    0x080080f0   0x080080f0   0x0000000e   Code   RO         2219    i.__scatterload_copy  mc_w.l(handlers.o)
    0x080080fe   0x080080fe   0x00000002   Code   RO         2220    i.__scatterload_null  mc_w.l(handlers.o)
    0x08008100   0x08008100   0x0000000e   Code   RO         2221    i.__scatterload_zeroinit  mc_w.l(handlers.o)
    0x0800810e   0x0800810e   0x00000006   Data   RO         1454    .rodata..Lswitch.table.UART_SetConfig.5  stm32h7xx_hal_uart.o
    0x08008114   0x08008114   0x00000006   Data   RO         1455    .rodata..Lswitch.table.UART_SetConfig.7  stm32h7xx_hal_uart.o
    0x0800811a   0x0800811a   0x00000010   Data   RO         1509    .rodata.D1CorePrescTable  system_stm32h7xx.o
    0x0800812a   0x0800812a   0x00000228   Data   RO         1551    .rodata.F6x8        oled.o
    0x08008352   0x08008352   0x000005e0   Data   RO         1552    .rodata.F8X16       oled.o
    0x08008932   0x08008932   0x00000018   Data   RO         1453    .rodata.UARTPrescTable  stm32h7xx_hal_uart.o
    0x0800894a   0x0800894a   0x00000010   Data   RO         1496    .rodata.cst8        stm32h7xx_hal_uart_ex.o
    0x0800895a   0x0800895a   0x00000002   PAD
    0x0800895c   0x0800895c   0x00000020   Data   RO         2218    Region$$Table       anon$$obj.o


    Execution Region RW_IRAM1 (Exec base: 0x20000000, Load base: 0x0800897c, Size: 0x00000000, Max: 0x00020000, ABSOLUTE)

    **** No section assigned to this execution region ****


    Execution Region RW_IRAM2 (Exec base: 0x24000000, Load base: 0x08008980, Size: 0x00000870, Max: 0x00080000, ABSOLUTE)

    Exec Addr    Load Addr    Size         Type   Attr      Idx    E Section Name        Object

    0x24000000   0x08008980   0x00000008   Data   RW          957    .data..L_MergedGlobals  stm32h7xx_hal.o
    0x24000008   0x08008988   0x00000008   Data   RW         1510    .data..L_MergedGlobals  system_stm32h7xx.o
    0x24000010   0x08008990   0x00000018   Data   RW         1593    .data..L_MergedGlobals  motor.o
    0x24000028   0x080089a8   0x0000001b   Data   RW         1554    .data.CMD_Data      oled.o
    0x24000043   0x080089c3   0x00000001   Data   RW           42    .data.direction     main.o
    0x24000044   0x080089c4   0x00000004   Data   RW         1571    .data.now           control.o
    0x24000048        -       0x0000003e   Zero   RW           45    .bss..L_MergedGlobals  main.o
    0x24000086   0x080089c8   0x00000002   PAD
    0x24000088        -       0x00000008   Zero   RW         1572    .bss..L_MergedGlobals  control.o
    0x24000090        -       0x00000007   Zero   RW         1609    .bss..L_MergedGlobals  uart_it.o
    0x24000097   0x080089c8   0x00000001   PAD
    0x24000098        -       0x0000003c   Zero   RW         1594    .bss..L_MergedGlobals.1  motor.o
    0x240000d4        -       0x00000054   Zero   RW           71    .bss.hi2c2          i2c.o
    0x24000128        -       0x00000054   Zero   RW           72    .bss.hi2c3          i2c.o
    0x2400017c        -       0x0000004c   Zero   RW          103    .bss.htim2          tim.o
    0x240001c8        -       0x0000004c   Zero   RW          104    .bss.htim3          tim.o
    0x24000214        -       0x0000004c   Zero   RW          105    .bss.htim4          tim.o
    0x24000260        -       0x0000004c   Zero   RW          106    .bss.htim5          tim.o
    0x240002ac        -       0x00000094   Zero   RW          125    .bss.huart1         usart.o
    0x24000340        -       0x00000094   Zero   RW          126    .bss.huart2         usart.o
    0x240003d4        -       0x00000094   Zero   RW          127    .bss.huart6         usart.o
    0x24000468        -       0x00000004   Zero   RW          956    .bss.uwTick         stm32h7xx_hal.o
    0x2400046c        -       0x00000004   Zero   RW         1569    .bss.width          control.o
    0x24000470        -       0x00000400   Zero   RW            1    STACK               startup_stm32h750xx.o


==============================================================================

Image component sizes


      Code (inc. data)   RO Data    RW Data    ZI Data      Debug   Object Name

       200         16          0          4         12       1614   control.o
       332          0          0          0          0       3093   gpio.o
       532          0          0          0        168       8503   i2c.o
      1724          0          0          1         62      13879   main.o
       764         12          0         24         60       6745   motor.o
      2134          0       2056         27          0      13285   oled.o
        36          8        664          0       1024        832   startup_stm32h750xx.o
       268          0          0          8          4      14987   stm32h7xx_hal.o
       354          0          0          0          0      12542   stm32h7xx_hal_cortex.o
      2024          0          0          0          0      18181   stm32h7xx_hal_dma.o
       462          0          0          0          0       6947   stm32h7xx_hal_gpio.o
      1586          0          0          0          0      61292   stm32h7xx_hal_i2c.o
       192          0          0          0          0       7572   stm32h7xx_hal_i2c_ex.o
        32          0          0          0          0       2206   stm32h7xx_hal_msp.o
        76          0          0          0          0      10603   stm32h7xx_hal_pwr_ex.o
      2540         16          0          0          0      11716   stm32h7xx_hal_rcc.o
      4094        146          0          0          0      20267   stm32h7xx_hal_rcc_ex.o
      3590         22          0          0          0      64565   stm32h7xx_hal_tim.o
       208          0          0          0          0      25365   stm32h7xx_hal_tim_ex.o
      8012        332         36          0          0      43532   stm32h7xx_hal_uart.o
       348          0         16          0          0      11576   stm32h7xx_hal_uart_ex.o
        92          0          0          0          0       7053   stm32h7xx_it.o
       204          0         16          8          0       5897   system_stm32h7xx.o
       854          0          0          0        304      12892   tim.o
       286          0          0          0          7       5305   uart_it.o
       724          0          0          0        444      12071   usart.o

    ----------------------------------------------------------------------
     32092        564       2822         72       2088     402520   Object Totals
         0          0         32          0          0          0   (incl. Generated)
       424         12          2          0          3          0   (incl. Padding)

    ----------------------------------------------------------------------

      Code (inc. data)   RO Data    RW Data    ZI Data      Debug   Library Member Name

         0          0          0          0          0          0   entry.o
         0          0          0          0          0          0   entry10a.o
         0          0          0          0          0          0   entry11a.o
         8          4          0          0          0          0   entry2.o
         4          0          0          0          0          0   entry5.o
         0          0          0          0          0          0   entry7b.o
         0          0          0          0          0          0   entry8b.o
         8          4          0          0          0          0   entry9a.o
        30          0          0          0          0          0   handlers.o
        36          8          0          0          0         68   init.o
        30          0          0          0          0         68   llshl.o
        32          0          0          0          0         68   llushr.o
        36          0          0          0          0        108   memseta.o
        98          0          0          0          0         92   uldiv.o

    ----------------------------------------------------------------------
       282         16          0          0          0        404   Library Totals
         0          0          0          0          0          0   (incl. Padding)

    ----------------------------------------------------------------------

      Code (inc. data)   RO Data    RW Data    ZI Data      Debug   Library Name

       282         16          0          0          0        404   mc_w.l

    ----------------------------------------------------------------------
       282         16          0          0          0        404   Library Totals

    ----------------------------------------------------------------------

==============================================================================


      Code (inc. data)   RO Data    RW Data    ZI Data      Debug   

     32374        580       2822         72       2088     402544   Grand Totals
     32374        580       2822         72       2088     402544   ELF Image Totals
     32374        580       2822         72          0          0   ROM Totals

==============================================================================

    Total RO  Size (Code + RO Data)                35196 (  34.37kB)
    Total RW  Size (RW Data + ZI Data)              2160 (   2.11kB)
    Total ROM Size (Code + RO Data + RW Data)      35268 (  34.44kB)

==============================================================================

