Component: Arm Compiler for Embedded 6.19 Tool: armlink [5e73cb00]

==============================================================================

Section Cross References

    startup_stm32h750xx.o(STACK) refers (Special) to heapauxi.o(.text) for __use_two_region_memory
    startup_stm32h750xx.o(HEAP) refers (Special) to heapauxi.o(.text) for __use_two_region_memory
    startup_stm32h750xx.o(RESET) refers (Special) to heapauxi.o(.text) for __use_two_region_memory
    startup_stm32h750xx.o(RESET) refers to startup_stm32h750xx.o(STACK) for __initial_sp
    startup_stm32h750xx.o(RESET) refers to startup_stm32h750xx.o(.text) for Reset_Handler
    startup_stm32h750xx.o(RESET) refers to stm32h7xx_it.o(.text.NMI_Handler) for NMI_Handler
    startup_stm32h750xx.o(RESET) refers to stm32h7xx_it.o(.text.HardFault_Handler) for HardFault_Handler
    startup_stm32h750xx.o(RESET) refers to stm32h7xx_it.o(.text.MemManage_Handler) for MemManage_Handler
    startup_stm32h750xx.o(RESET) refers to stm32h7xx_it.o(.text.BusFault_Handler) for BusFault_Handler
    startup_stm32h750xx.o(RESET) refers to stm32h7xx_it.o(.text.UsageFault_Handler) for UsageFault_Handler
    startup_stm32h750xx.o(RESET) refers to stm32h7xx_it.o(.text.SVC_Handler) for SVC_Handler
    startup_stm32h750xx.o(RESET) refers to stm32h7xx_it.o(.text.DebugMon_Handler) for DebugMon_Handler
    startup_stm32h750xx.o(RESET) refers to stm32h7xx_it.o(.text.PendSV_Handler) for PendSV_Handler
    startup_stm32h750xx.o(RESET) refers to stm32h7xx_it.o(.text.SysTick_Handler) for SysTick_Handler
    startup_stm32h750xx.o(RESET) refers to stm32h7xx_it.o(.text.TIM2_IRQHandler) for TIM2_IRQHandler
    startup_stm32h750xx.o(RESET) refers to stm32h7xx_it.o(.text.TIM4_IRQHandler) for TIM4_IRQHandler
    startup_stm32h750xx.o(RESET) refers to stm32h7xx_it.o(.text.USART1_IRQHandler) for USART1_IRQHandler
    startup_stm32h750xx.o(RESET) refers to stm32h7xx_it.o(.text.USART3_IRQHandler) for USART3_IRQHandler
    startup_stm32h750xx.o(RESET) refers to stm32h7xx_it.o(.text.TIM8_BRK_TIM12_IRQHandler) for TIM8_BRK_TIM12_IRQHandler
    startup_stm32h750xx.o(RESET) refers to stm32h7xx_it.o(.text.TIM8_UP_TIM13_IRQHandler) for TIM8_UP_TIM13_IRQHandler
    startup_stm32h750xx.o(RESET) refers to stm32h7xx_it.o(.text.TIM8_TRG_COM_TIM14_IRQHandler) for TIM8_TRG_COM_TIM14_IRQHandler
    startup_stm32h750xx.o(RESET) refers to stm32h7xx_it.o(.text.TIM8_CC_IRQHandler) for TIM8_CC_IRQHandler
    startup_stm32h750xx.o(.text) refers (Special) to heapauxi.o(.text) for __use_two_region_memory
    startup_stm32h750xx.o(.text) refers to system_stm32h7xx.o(.text.SystemInit) for SystemInit
    startup_stm32h750xx.o(.text) refers to __main.o(!!!main) for __main
    startup_stm32h750xx.o(.text) refers to startup_stm32h750xx.o(HEAP) for Heap_Mem
    startup_stm32h750xx.o(.text) refers to startup_stm32h750xx.o(STACK) for Stack_Mem
    main.o(.text.main) refers to stm32h7xx_hal_cortex.o(.text.HAL_MPU_Disable) for HAL_MPU_Disable
    main.o(.text.main) refers to stm32h7xx_hal_cortex.o(.text.HAL_MPU_ConfigRegion) for HAL_MPU_ConfigRegion
    main.o(.text.main) refers to stm32h7xx_hal_cortex.o(.text.HAL_MPU_Enable) for HAL_MPU_Enable
    main.o(.text.main) refers to stm32h7xx_hal.o(.text.HAL_Init) for HAL_Init
    main.o(.text.main) refers to main.o(.text.SystemClock_Config) for SystemClock_Config
    main.o(.text.main) refers to gpio.o(.text.MX_GPIO_Init) for MX_GPIO_Init
    main.o(.text.main) refers to usart.o(.text.MX_USART1_UART_Init) for MX_USART1_UART_Init
    main.o(.text.main) refers to i2c.o(.text.MX_I2C2_Init) for MX_I2C2_Init
    main.o(.text.main) refers to tim.o(.text.MX_TIM2_Init) for MX_TIM2_Init
    main.o(.text.main) refers to tim.o(.text.MX_TIM8_Init) for MX_TIM8_Init
    main.o(.text.main) refers to tim.o(.text.MX_TIM3_Init) for MX_TIM3_Init
    main.o(.text.main) refers to tim.o(.text.MX_TIM4_Init) for MX_TIM4_Init
    main.o(.text.main) refers to usart.o(.text.MX_USART3_UART_Init) for MX_USART3_UART_Init
    main.o(.text.main) refers to tim.o(.text.MX_TIM15_Init) for MX_TIM15_Init
    main.o(.text.main) refers to oled.o(.text.OLED_Init) for OLED_Init
    main.o(.text.main) refers to oled.o(.text.OLED_FullyClear) for OLED_FullyClear
    main.o(.text.main) refers to motor.o(.text.motor_init) for motor_init
    main.o(.text.main) refers to stm32h7xx_hal.o(.text.HAL_GetTick) for HAL_GetTick
    main.o(.text.main) refers to usart.o(.bss.huart1) for huart1
    main.o(.text.main) refers to uart_it.o(.text.uart_it_init) for uart_it_init
    main.o(.text.main) refers to usart.o(.bss.huart3) for huart3
    main.o(.text.main) refers to stm32h7xx_hal.o(.text.HAL_Delay) for HAL_Delay
    main.o(.text.main) refers to main.o(.data..L_MergedGlobals) for .L_MergedGlobals
    main.o(.text.main) refers to tim.o(.bss.htim15) for htim15
    main.o(.text.main) refers to stm32h7xx_hal_tim.o(.text.HAL_TIM_PWM_Start) for HAL_TIM_PWM_Start
[...]
    [Anonymous Symbol]                       0x08004828   Section        0  usart.o(.text.HAL_UART_MspInit)
    [Anonymous Symbol]                       0x08004930   Section        0  stm32h7xx_hal_uart.o(.text.HAL_UART_Receive_IT)
    [Anonymous Symbol]                       0x080049d8   Section        0  main.o(.text.HAL_UART_RxCpltCallback)
    [Anonymous Symbol]                       0x08004a28   Section        0  stm32h7xx_hal_uart.o(.text.HAL_UART_TxCpltCallback)
    [Anonymous Symbol]                       0x08004a30   Section        0  stm32h7xx_it.o(.text.HardFault_Handler)
    I2C_IsErrorOccurred                      0x08004a39   Thumb Code   352  stm32h7xx_hal_i2c.o(.text.I2C_IsErrorOccurred)
    [Anonymous Symbol]                       0x08004a38   Section        0  stm32h7xx_hal_i2c.o(.text.I2C_IsErrorOccurred)
    I2C_WaitOnFlagUntilTimeout               0x08004b99   Thumb Code   224  stm32h7xx_hal_i2c.o(.text.I2C_WaitOnFlagUntilTimeout)
    [Anonymous Symbol]                       0x08004b98   Section        0  stm32h7xx_hal_i2c.o(.text.I2C_WaitOnFlagUntilTimeout)
    I2C_WaitOnSTOPFlagUntilTimeout           0x08004c79   Thumb Code   124  stm32h7xx_hal_i2c.o(.text.I2C_WaitOnSTOPFlagUntilTimeout)
    [Anonymous Symbol]                       0x08004c78   Section        0  stm32h7xx_hal_i2c.o(.text.I2C_WaitOnSTOPFlagUntilTimeout)
    I2C_WaitOnTXISFlagUntilTimeout           0x08004cf9   Thumb Code   148  stm32h7xx_hal_i2c.o(.text.I2C_WaitOnTXISFlagUntilTimeout)
    [Anonymous Symbol]                       0x08004cf8   Section        0  stm32h7xx_hal_i2c.o(.text.I2C_WaitOnTXISFlagUntilTimeout)
    [Anonymous Symbol]                       0x08004d90   Section        0  gpio.o(.text.MX_GPIO_Init)
    [Anonymous Symbol]                       0x08004e90   Section        0  i2c.o(.text.MX_I2C2_Init)
    [Anonymous Symbol]                       0x08004f00   Section        0  tim.o(.text.MX_TIM15_Init)
    [Anonymous Symbol]                       0x08005068   Section        0  tim.o(.text.MX_TIM2_Init)
    [Anonymous Symbol]                       0x080050d0   Section        0  tim.o(.text.MX_TIM3_Init)
    [Anonymous Symbol]                       0x080051d8   Section        0  tim.o(.text.MX_TIM4_Init)
    [Anonymous Symbol]                       0x08005250   Section        0  tim.o(.text.MX_TIM8_Init)
    [Anonymous Symbol]                       0x080052c0   Section        0  usart.o(.text.MX_USART1_UART_Init)
    [Anonymous Symbol]                       0x08005340   Section        0  usart.o(.text.MX_USART3_UART_Init)
    [Anonymous Symbol]                       0x080053c0   Section        0  stm32h7xx_it.o(.text.MemManage_Handler)
    [Anonymous Symbol]                       0x080053c8   Section        0  stm32h7xx_it.o(.text.NMI_Handler)
    [Anonymous Symbol]                       0x080053d0   Section        0  oled.o(.text.OLED_FullyClear)
    [Anonymous Symbol]                       0x08005480   Section        0  oled.o(.text.OLED_Init)
    [Anonymous Symbol]                       0x08005490   Section        0  oled.o(.text.OLED_ShowChar)
    [Anonymous Symbol]                       0x08005870   Section        0  oled.o(.text.OLED_ShowStr1)
    [Anonymous Symbol]                       0x080059d0   Section        0  stm32h7xx_it.o(.text.PendSV_Handler)
    RCCEx_PLL2_Config                        0x080059d9   Thumb Code   290  stm32h7xx_hal_rcc_ex.o(.text.RCCEx_PLL2_Config)
    [Anonymous Symbol]                       0x080059d8   Section        0  stm32h7xx_hal_rcc_ex.o(.text.RCCEx_PLL2_Config)
    RCCEx_PLL3_Config                        0x08005b01   Thumb Code   290  stm32h7xx_hal_rcc_ex.o(.text.RCCEx_PLL3_Config)
    [Anonymous Symbol]                       0x08005b00   Section        0  stm32h7xx_hal_rcc_ex.o(.text.RCCEx_PLL3_Config)
    [Anonymous Symbol]                       0x08005c28   Section        0  stm32h7xx_it.o(.text.SVC_Handler)
    [Anonymous Symbol]                       0x08005c30   Section        0  stm32h7xx_it.o(.text.SysTick_Handler)
    [Anonymous Symbol]                       0x08005c38   Section        0  main.o(.text.SystemClock_Config)
    [Anonymous Symbol]                       0x08005d78   Section        0  system_stm32h7xx.o(.text.SystemInit)
    [Anonymous Symbol]                       0x08005e48   Section        0  stm32h7xx_it.o(.text.TIM2_IRQHandler)
    [Anonymous Symbol]                       0x08005e58   Section        0  stm32h7xx_it.o(.text.TIM4_IRQHandler)
    [Anonymous Symbol]                       0x08005e68   Section        0  stm32h7xx_it.o(.text.TIM8_BRK_TIM12_IRQHandler)
    [Anonymous Symbol]                       0x08005e78   Section        0  stm32h7xx_it.o(.text.TIM8_CC_IRQHandler)
    [Anonymous Symbol]                       0x08005e88   Section        0  stm32h7xx_it.o(.text.TIM8_TRG_COM_TIM14_IRQHandler)
    [Anonymous Symbol]                       0x08005e98   Section        0  stm32h7xx_it.o(.text.TIM8_UP_TIM13_IRQHandler)
    [Anonymous Symbol]                       0x08005ea8   Section        0  stm32h7xx_hal_tim.o(.text.TIM_Base_SetConfig)
    [Anonymous Symbol]                       0x08006010   Section        0  stm32h7xx_hal_uart.o(.text.UART_AdvFeatureConfig)
    [Anonymous Symbol]                       0x080060f0   Section        0  stm32h7xx_hal_uart.o(.text.UART_CheckIdleState)
    UART_DMAAbortOnError                     0x08006269   Thumb Code    16  stm32h7xx_hal_uart.o(.text.UART_DMAAbortOnError)
    [Anonymous Symbol]                       0x08006268   Section        0  stm32h7xx_hal_uart.o(.text.UART_DMAAbortOnError)
    UART_RxISR_16BIT                         0x08006279   Thumb Code   452  stm32h7xx_hal_uart.o(.text.UART_RxISR_16BIT)
    [Anonymous Symbol]                       0x08006278   Section        0  stm32h7xx_hal_uart.o(.text.UART_RxISR_16BIT)
    UART_RxISR_16BIT_FIFOEN                  0x08006441   Thumb Code   820  stm32h7xx_hal_uart.o(.text.UART_RxISR_16BIT_FIFOEN)
    [Anonymous Symbol]                       0x08006440   Section        0  stm32h7xx_hal_uart.o(.text.UART_RxISR_16BIT_FIFOEN)
    UART_RxISR_8BIT                          0x08006779   Thumb Code   456  stm32h7xx_hal_uart.o(.text.UART_RxISR_8BIT)
    [Anonymous Symbol]                       0x08006778   Section        0  stm32h7xx_hal_uart.o(.text.UART_RxISR_8BIT)
    UART_RxISR_8BIT_FIFOEN                   0x08006941   Thumb Code   824  stm32h7xx_hal_uart.o(.text.UART_RxISR_8BIT_FIFOEN)
    [Anonymous Symbol]                       0x08006940   Section        0  stm32h7xx_hal_uart.o(.text.UART_RxISR_8BIT_FIFOEN)
    [Anonymous Symbol]                       0x08006c78   Section        0  stm32h7xx_hal_uart.o(.text.UART_SetConfig)
    [Anonymous Symbol]                       0x08007130   Section        0  stm32h7xx_hal_uart.o(.text.UART_Start_Receive_IT)
    [Anonymous Symbol]                       0x080073a8   Section        0  stm32h7xx_hal_uart.o(.text.UART_WaitOnFlagUntilTimeout)
    [Anonymous Symbol]                       0x08007700   Section        0  stm32h7xx_it.o(.text.USART1_IRQHandler)
    [Anonymous Symbol]                       0x08007710   Section        0  stm32h7xx_it.o(.text.USART3_IRQHandler)
    [Anonymous Symbol]                       0x08007720   Section        0  stm32h7xx_it.o(.text.UsageFault_Handler)
    [Anonymous Symbol]                       0x08007728   Section        0  oled.o(.text.WriteCmd)
    [Anonymous Symbol]                       0x08007988   Section        0  motor.o(.text.dianjiB)
    [Anonymous Symbol]                       0x08007a00   Section        0  control.o(.text.line_pid)
    [Anonymous Symbol]                       0x08007a88   Section        0  main.o(.text.main)
    [Anonymous Symbol]                       0x08007ea8   Section        0  motor.o(.text.motor_handle)
    [Anonymous Symbol]                       0x08008068   Section        0  motor.o(.text.motor_init)
    [Anonymous Symbol]                       0x080080f0   Section        0  control.o(.text.turn)
    [Anonymous Symbol]                       0x08008130   Section        0  uart_it.o(.text.uart_it_init)
    [Anonymous Symbol]                       0x08008148   Section        0  uart_it.o(.text.uart_it_receive)
    [Anonymous Symbol]                       0x080081c0   Section        0  uart_it.o(.text.uart_it_receive1)
    $v0                                      0x08008258   Number         0  fpinit.o(x$fpl$fpinit)
    x$fpl$fpinit                             0x08008258   Section       26  fpinit.o(x$fpl$fpinit)
    .Lswitch.table.UART_SetConfig.5          0x08008272   Data           6  stm32h7xx_hal_uart.o(.rodata..Lswitch.table.UART_SetConfig.5)
    .Lswitch.table.UART_SetConfig.7          0x08008278   Data           6  stm32h7xx_hal_uart.o(.rodata..Lswitch.table.UART_SetConfig.7)
    UARTEx_SetNbDataToProcess.numerator      0x08008aae   Data           8  stm32h7xx_hal_uart_ex.o(.rodata.cst8)
    [Anonymous Symbol]                       0x08008aae   Section        0  stm32h7xx_hal_uart_ex.o(.rodata.cst8)
    UARTEx_SetNbDataToProcess.denominator    0x08008ab6   Data           8  stm32h7xx_hal_uart_ex.o(.rodata.cst8)
    .L_MergedGlobals                         0x24000000   Data           2  main.o(.data..L_MergedGlobals)
    [Anonymous Symbol]                       0x24000000   Section        0  main.o(.data..L_MergedGlobals)
    .L_MergedGlobals                         0x24000004   Data           8  stm32h7xx_hal.o(.data..L_MergedGlobals)
    [Anonymous Symbol]                       0x24000004   Section        0  stm32h7xx_hal.o(.data..L_MergedGlobals)
    .L_MergedGlobals                         0x2400000c   Data           8  system_stm32h7xx.o(.data..L_MergedGlobals)
    [Anonymous Symbol]                       0x2400000c   Section        0  system_stm32h7xx.o(.data..L_MergedGlobals)
    .L_MergedGlobals                         0x24000014   Data          24  motor.o(.data..L_MergedGlobals)
    [Anonymous Symbol]                       0x24000014   Section        0  motor.o(.data..L_MergedGlobals)
    .bss                                     0x24000050   Section       96  libspace.o(.bss)
    .L_MergedGlobals                         0x240000b0   Data           8  control.o(.bss..L_MergedGlobals)
    [Anonymous Symbol]                       0x240000b0   Section        0  control.o(.bss..L_MergedGlobals)
    .L_MergedGlobals                         0x240000b8   Data           7  uart_it.o(.bss..L_MergedGlobals)
    com_date                                 0x240000b8   Data           1  uart_it.o(.bss..L_MergedGlobals)
    [Anonymous Symbol]                       0x240000b8   Section        0  uart_it.o(.bss..L_MergedGlobals)
    Rx_state                                 0x240000b9   Data           1  uart_it.o(.bss..L_MergedGlobals)
    Rx_counter                               0x240000ba   Data           1  uart_it.o(.bss..L_MergedGlobals)
    Rx_state1                                0x240000bb   Data           1  uart_it.o(.bss..L_MergedGlobals)
    com_date1                                0x240000bc   Data           1  uart_it.o(.bss..L_MergedGlobals)
    Rx_counter1                              0x240000bd   Data           1  uart_it.o(.bss..L_MergedGlobals)
    a                                        0x240000be   Data           1  uart_it.o(.bss..L_MergedGlobals)
    .L_MergedGlobals.1                       0x240000c0   Data          62  main.o(.bss..L_MergedGlobals.1)
    [Anonymous Symbol]                       0x240000c0   Section        0  main.o(.bss..L_MergedGlobals.1)
    .L_MergedGlobals.1                       0x24000100   Data          60  motor.o(.bss..L_MergedGlobals.1)
    [Anonymous Symbol]                       0x24000100   Section        0  motor.o(.bss..L_MergedGlobals.1)
    Heap_Mem                                 0x24000440   Data         512  startup_stm32h750xx.o(HEAP)
    HEAP                                     0x24000440   Section      512  startup_stm32h750xx.o(HEAP)
    Stack_Mem                                0x24000640   Data        1024  startup_stm32h750xx.o(STACK)
    STACK                                    0x24000640   Section     1024  startup_stm32h750xx.o(STACK)
    __initial_sp                             0x24000a40   Data           0  startup_stm32h750xx.o(STACK)

    Global Symbols

    Symbol Name                              Value     Ov Type        Size  Object(Section)

    BuildAttributes$$THM_ISAv4$E$P$D$K$B$S$7EM$VFPv5_D16$PE$PLD8$A:L22UL41UL21$X:L11$S22US41US21$IEEE1$IW$~IW$USESV6$~STKCKD$USESV7$~SHL$OTIME$ROPI$EBA8$UX$STANDARDLIB$REQ8$PRES8$EABIv2 0x00000000   Number         0  anon$$obj.o ABSOLUTE
    __ARM_exceptions_init                     - Undefined Weak Reference
    __alloca_initialize                       - Undefined Weak Reference
    __arm_preinit_                            - Undefined Weak Reference
    __arm_relocate_pie_                       - Undefined Weak Reference
    __cpp_initialize__aeabi_                  - Undefined Weak Reference
    __cxa_finalize                            - Undefined Weak Reference
    __rt_locale                               - Undefined Weak Reference
    __sigvec_lookup                           - Undefined Weak Reference
    _atexit_init                              - Undefined Weak Reference
    _call_atexit_fns                          - Undefined Weak Reference
    _clock_init                               - Undefined Weak Reference
    _fp_trap_init                             - Undefined Weak Reference
    _fp_trap_shutdown                         - Undefined Weak Reference
    _get_lc_collate                           - Undefined Weak Reference
    _get_lc_ctype                             - Undefined Weak Reference
    _get_lc_monetary                          - Undefined Weak Reference
    _get_lc_numeric                           - Undefined Weak Reference
    _get_lc_time                              - Undefined Weak Reference
    _getenv_init                              - Undefined Weak Reference
    _handle_redirection                       - Undefined Weak Reference
    _init_alloc                               - Undefined Weak Reference
    _init_user_alloc                          - Undefined Weak Reference
    _initio                                   - Undefined Weak Reference
    _rand_init                                - Undefined Weak Reference
    _signal_finish                            - Undefined Weak Reference
    _signal_init                              - Undefined Weak Reference
    _terminate_alloc                          - Undefined Weak Reference
    _terminate_user_alloc                     - Undefined Weak Reference
    _terminateio                              - Undefined Weak Reference
    __Vectors_Size                           0x00000298   Number         0  startup_stm32h750xx.o ABSOLUTE
    __Vectors                                0x08000000   Data           4  startup_stm32h750xx.o(RESET)
    __Vectors_End                            0x08000298   Data           0  startup_stm32h750xx.o(RESET)
    __main                                   0x08000299   Thumb Code     8  __main.o(!!!main)
    __scatterload                            0x080002a1   Thumb Code     0  __scatter.o(!!!scatter)
    __scatterload_rt2                        0x080002a1   Thumb Code    44  __scatter.o(!!!scatter)
    __scatterload_rt2_thumb_only             0x080002a1   Thumb Code     0  __scatter.o(!!!scatter)
    __scatterload_null                       0x080002af   Thumb Code     0  __scatter.o(!!!scatter)
    __scatterload_copy                       0x080002d5   Thumb Code    26  __scatter_copy.o(!!handler_copy)
    __scatterload_zeroinit                   0x080002f1   Thumb Code    28  __scatter_zi.o(!!handler_zi)
    __rt_lib_init                            0x0800030d   Thumb Code     0  libinit.o(.ARM.Collect$$libinit$$00000000)
    __rt_lib_init_fp_1                       0x0800030f   Thumb Code     0  libinit2.o(.ARM.Collect$$libinit$$00000001)
    __rt_lib_init_alloca_1                   0x08000313   Thumb Code     0  libinit2.o(.ARM.Collect$$libinit$$00000030)
    __rt_lib_init_argv_1                     0x08000313   Thumb Code     0  libinit2.o(.ARM.Collect$$libinit$$0000002E)
    __rt_lib_init_atexit_1                   0x08000313   Thumb Code     0  libinit2.o(.ARM.Collect$$libinit$$0000001D)
    __rt_lib_init_clock_1                    0x08000313   Thumb Code     0  libinit2.o(.ARM.Collect$$libinit$$00000023)
    __rt_lib_init_cpp_1                      0x08000313   Thumb Code     0  libinit2.o(.ARM.Collect$$libinit$$00000034)
    __rt_lib_init_exceptions_1               0x08000313   Thumb Code     0  libinit2.o(.ARM.Collect$$libinit$$00000032)
    __rt_lib_init_fp_trap_1                  0x08000313   Thumb Code     0  libinit2.o(.ARM.Collect$$libinit$$00000021)
    __rt_lib_init_getenv_1                   0x08000313   Thumb Code     0  libinit2.o(.ARM.Collect$$libinit$$00000025)
    __rt_lib_init_heap_1                     0x08000313   Thumb Code     0  libinit2.o(.ARM.Collect$$libinit$$0000000C)
    __rt_lib_init_lc_collate_1               0x08000313   Thumb Code     0  libinit2.o(.ARM.Collect$$libinit$$00000013)
    __rt_lib_init_lc_ctype_1                 0x08000313   Thumb Code     0  libinit2.o(.ARM.Collect$$libinit$$00000015)
    __rt_lib_init_lc_monetary_1              0x08000313   Thumb Code     0  libinit2.o(.ARM.Collect$$libinit$$00000017)
    __rt_lib_init_lc_numeric_1               0x08000313   Thumb Code     0  libinit2.o(.ARM.Collect$$libinit$$00000019)
    __rt_lib_init_lc_time_1                  0x08000313   Thumb Code     0  libinit2.o(.ARM.Collect$$libinit$$0000001B)
    __rt_lib_init_preinit_1                  0x08000313   Thumb Code     0  libinit2.o(.ARM.Collect$$libinit$$00000006)
    __rt_lib_init_rand_1                     0x08000313   Thumb Code     0  libinit2.o(.ARM.Collect$$libinit$$00000010)
    __rt_lib_init_relocate_pie_1             0x08000313   Thumb Code     0  libinit2.o(.ARM.Collect$$libinit$$00000004)
    __rt_lib_init_return                     0x08000313   Thumb Code     0  libinit2.o(.ARM.Collect$$libinit$$00000035)
    __rt_lib_init_signal_1                   0x08000313   Thumb Code     0  libinit2.o(.ARM.Collect$$libinit$$0000001F)
    __rt_lib_init_stdio_1                    0x08000313   Thumb Code     0  libinit2.o(.ARM.Collect$$libinit$$00000027)
    __rt_lib_init_user_alloc_1               0x08000313   Thumb Code     0  libinit2.o(.ARM.Collect$$libinit$$0000000E)
    __rt_lib_shutdown                        0x08000315   Thumb Code     0  libshutdown.o(.ARM.Collect$$libshutdown$$00000000)
    __rt_lib_shutdown_cpp_1                  0x08000317   Thumb Code     0  libshutdown2.o(.ARM.Collect$$libshutdown$$00000002)
    __rt_lib_shutdown_fp_trap_1              0x08000317   Thumb Code     0  libshutdown2.o(.ARM.Collect$$libshutdown$$00000007)
    __rt_lib_shutdown_heap_1                 0x08000317   Thumb Code     0  libshutdown2.o(.ARM.Collect$$libshutdown$$0000000F)
    __rt_lib_shutdown_return                 0x08000317   Thumb Code     0  libshutdown2.o(.ARM.Collect$$libshutdown$$00000010)
    __rt_lib_shutdown_signal_1               0x08000317   Thumb Code     0  libshutdown2.o(.ARM.Collect$$libshutdown$$0000000A)
    __rt_lib_shutdown_stdio_1                0x08000317   Thumb Code     0  libshutdown2.o(.ARM.Collect$$libshutdown$$00000004)
    __rt_lib_shutdown_user_alloc_1           0x08000317   Thumb Code     0  libshutdown2.o(.ARM.Collect$$libshutdown$$0000000C)
    __rt_entry                               0x08000319   Thumb Code     0  __rtentry.o(.ARM.Collect$$rtentry$$00000000)
    __rt_entry_presh_1                       0x08000319   Thumb Code     0  __rtentry2.o(.ARM.Collect$$rtentry$$00000002)
    __rt_entry_sh                            0x08000319   Thumb Code     0  __rtentry4.o(.ARM.Collect$$rtentry$$00000004)
    __rt_entry_li                            0x0800031f   Thumb Code     0  __rtentry2.o(.ARM.Collect$$rtentry$$0000000A)
    __rt_entry_postsh_1                      0x0800031f   Thumb Code     0  __rtentry2.o(.ARM.Collect$$rtentry$$00000009)
    __rt_entry_main                          0x08000323   Thumb Code     0  __rtentry2.o(.ARM.Collect$$rtentry$$0000000D)
    __rt_entry_postli_1                      0x08000323   Thumb Code     0  __rtentry2.o(.ARM.Collect$$rtentry$$0000000C)
    __rt_exit                                0x0800032b   Thumb Code     0  rtexit.o(.ARM.Collect$$rtexit$$00000000)
    __rt_exit_ls                             0x0800032d   Thumb Code     0  rtexit2.o(.ARM.Collect$$rtexit$$00000003)
    __rt_exit_prels_1                        0x0800032d   Thumb Code     0  rtexit2.o(.ARM.Collect$$rtexit$$00000002)
    __rt_exit_exit                           0x08000331   Thumb Code     0  rtexit2.o(.ARM.Collect$$rtexit$$00000004)
    Reset_Handler                            0x08000339   Thumb Code     8  startup_stm32h750xx.o(.text)
    ADC3_IRQHandler                          0x08000353   Thumb Code     0  startup_stm32h750xx.o(.text)
    ADC_IRQHandler                           0x08000353   Thumb Code     0  startup_stm32h750xx.o(.text)
    BDMA_Channel0_IRQHandler                 0x08000353   Thumb Code     0  startup_stm32h750xx.o(.text)
    BDMA_Channel1_IRQHandler                 0x08000353   Thumb Code     0  startup_stm32h750xx.o(.text)
    BDMA_Channel2_IRQHandler                 0x08000353   Thumb Code     0  startup_stm32h750xx.o(.text)
    BDMA_Channel3_IRQHandler                 0x08000353   Thumb Code     0  startup_stm32h750xx.o(.text)
    BDMA_Channel4_IRQHandler                 0x08000353   Thumb Code     0  startup_stm32h750xx.o(.text)
    BDMA_Channel5_IRQHandler                 0x08000353   Thumb Code     0  startup_stm32h750xx.o(.text)
    BDMA_Channel6_IRQHandler                 0x08000353   Thumb Code     0  startup_stm32h750xx.o(.text)
    BDMA_Channel7_IRQHandler                 0x08000353   Thumb Code     0  startup_stm32h750xx.o(.text)
    CEC_IRQHandler                           0x08000353   Thumb Code     0  startup_stm32h750xx.o(.text)
    COMP1_IRQHandler                         0x08000353   Thumb Code     0  startup_stm32h750xx.o(.text)
    CRS_IRQHandler                           0x08000353   Thumb Code     0  startup_stm32h750xx.o(.text)
    CRYP_IRQHandler                          0x08000353   Thumb Code     0  startup_stm32h750xx.o(.text)
    DCMI_IRQHandler                          0x08000353   Thumb Code     0  startup_stm32h750xx.o(.text)
    DFSDM1_FLT0_IRQHandler                   0x08000353   Thumb Code     0  startup_stm32h750xx.o(.text)
    DFSDM1_FLT1_IRQHandler                   0x08000353   Thumb Code     0  startup_stm32h750xx.o(.text)
    DFSDM1_FLT2_IRQHandler                   0x08000353   Thumb Code     0  startup_stm32h750xx.o(.text)
    DFSDM1_FLT3_IRQHandler                   0x08000353   Thumb Code     0  startup_stm32h750xx.o(.text)
    DMA1_Stream0_IRQHandler                  0x08000353   Thumb Code     0  startup_stm32h750xx.o(.text)
    DMA1_Stream1_IRQHandler                  0x08000353   Thumb Code     0  startup_stm32h750xx.o(.text)
    DMA1_Stream2_IRQHandler                  0x08000353   Thumb Code     0  startup_stm32h750xx.o(.text)
    DMA1_Stream3_IRQHandler                  0x08000353   Thumb Code     0  startup_stm32h750xx.o(.text)
    DMA1_Stream4_IRQHandler                  0x08000353   Thumb Code     0  startup_stm32h750xx.o(.text)
    DMA1_Stream5_IRQHandler                  0x08000353   Thumb Code     0  startup_stm32h750xx.o(.text)
    DMA1_Stream6_IRQHandler                  0x08000353   Thumb Code     0  startup_stm32h750xx.o(.text)
    DMA1_Stream7_IRQHandler                  0x08000353   Thumb Code     0  startup_stm32h750xx.o(.text)
    DMA2D_IRQHandler                         0x08000353   Thumb Code     0  startup_stm32h750xx.o(.text)
    DMA2_Stream0_IRQHandler                  0x08000353   Thumb Code     0  startup_stm32h750xx.o(.text)
    DMA2_Stream1_IRQHandler                  0x08000353   Thumb Code     0  startup_stm32h750xx.o(.text)
    DMA2_Stream2_IRQHandler                  0x08000353   Thumb Code     0  startup_stm32h750xx.o(.text)
    DMA2_Stream3_IRQHandler                  0x08000353   Thumb Code     0  startup_stm32h750xx.o(.text)
    DMA2_Stream4_IRQHandler                  0x08000353   Thumb Code     0  startup_stm32h750xx.o(.text)
    DMA2_Stream5_IRQHandler                  0x08000353   Thumb Code     0  startup_stm32h750xx.o(.text)
    DMA2_Stream6_IRQHandler                  0x08000353   Thumb Code     0  startup_stm32h750xx.o(.text)
    DMA2_Stream7_IRQHandler                  0x08000353   Thumb Code     0  startup_stm32h750xx.o(.text)
    DMAMUX1_OVR_IRQHandler                   0x08000353   Thumb Code     0  startup_stm32h750xx.o(.text)
    DMAMUX2_OVR_IRQHandler                   0x08000353   Thumb Code     0  startup_stm32h750xx.o(.text)
    ECC_IRQHandler                           0x08000353   Thumb Code     0  startup_stm32h750xx.o(.text)
    ETH_IRQHandler                           0x08000353   Thumb Code     0  startup_stm32h750xx.o(.text)
    ETH_WKUP_IRQHandler                      0x08000353   Thumb Code     0  startup_stm32h750xx.o(.text)
    EXTI0_IRQHandler                         0x08000353   Thumb Code     0  startup_stm32h750xx.o(.text)
    EXTI15_10_IRQHandler                     0x08000353   Thumb Code     0  startup_stm32h750xx.o(.text)
    EXTI1_IRQHandler                         0x08000353   Thumb Code     0  startup_stm32h750xx.o(.text)
    EXTI2_IRQHandler                         0x08000353   Thumb Code     0  startup_stm32h750xx.o(.text)
    EXTI3_IRQHandler                         0x08000353   Thumb Code     0  startup_stm32h750xx.o(.text)
    EXTI4_IRQHandler                         0x08000353   Thumb Code     0  startup_stm32h750xx.o(.text)
    EXTI9_5_IRQHandler                       0x08000353   Thumb Code     0  startup_stm32h750xx.o(.text)
    FDCAN1_IT0_IRQHandler                    0x08000353   Thumb Code     0  startup_stm32h750xx.o(.text)
    FDCAN1_IT1_IRQHandler                    0x08000353   Thumb Code     0  startup_stm32h750xx.o(.text)
    FDCAN2_IT0_IRQHandler                    0x08000353   Thumb Code     0  startup_stm32h750xx.o(.text)
    FDCAN2_IT1_IRQHandler                    0x08000353   Thumb Code     0  startup_stm32h750xx.o(.text)
    FDCAN_CAL_IRQHandler                     0x08000353   Thumb Code     0  startup_stm32h750xx.o(.text)
    FLASH_IRQHandler                         0x08000353   Thumb Code     0  startup_stm32h750xx.o(.text)
    FMC_IRQHandler                           0x08000353   Thumb Code     0  startup_stm32h750xx.o(.text)
    FPU_IRQHandler                           0x08000353   Thumb Code     0  startup_stm32h750xx.o(.text)
    HASH_RNG_IRQHandler                      0x08000353   Thumb Code     0  startup_stm32h750xx.o(.text)
    HRTIM1_FLT_IRQHandler                    0x08000353   Thumb Code     0  startup_stm32h750xx.o(.text)
    HRTIM1_Master_IRQHandler                 0x08000353   Thumb Code     0  startup_stm32h750xx.o(.text)
    HRTIM1_TIMA_IRQHandler                   0x08000353   Thumb Code     0  startup_stm32h750xx.o(.text)
    HRTIM1_TIMB_IRQHandler                   0x08000353   Thumb Code     0  startup_stm32h750xx.o(.text)
    HRTIM1_TIMC_IRQHandler                   0x08000353   Thumb Code     0  startup_stm32h750xx.o(.text)
    HRTIM1_TIMD_IRQHandler                   0x08000353   Thumb Code     0  startup_stm32h750xx.o(.text)
    HRTIM1_TIME_IRQHandler                   0x08000353   Thumb Code     0  startup_stm32h750xx.o(.text)
    HSEM1_IRQHandler                         0x08000353   Thumb Code     0  startup_stm32h750xx.o(.text)
    I2C1_ER_IRQHandler                       0x08000353   Thumb Code     0  startup_stm32h750xx.o(.text)
    I2C1_EV_IRQHandler                       0x08000353   Thumb Code     0  startup_stm32h750xx.o(.text)
    I2C2_ER_IRQHandler                       0x08000353   Thumb Code     0  startup_stm32h750xx.o(.text)
    I2C2_EV_IRQHandler                       0x08000353   Thumb Code     0  startup_stm32h750xx.o(.text)
    I2C3_ER_IRQHandler                       0x08000353   Thumb Code     0  startup_stm32h750xx.o(.text)
    I2C3_EV_IRQHandler                       0x08000353   Thumb Code     0  startup_stm32h750xx.o(.text)
    I2C4_ER_IRQHandler                       0x08000353   Thumb Code     0  startup_stm32h750xx.o(.text)
    I2C4_EV_IRQHandler                       0x08000353   Thumb Code     0  startup_stm32h750xx.o(.text)
    JPEG_IRQHandler                          0x08000353   Thumb Code     0  startup_stm32h750xx.o(.text)
    LPTIM1_IRQHandler                        0x08000353   Thumb Code     0  startup_stm32h750xx.o(.text)
    LPTIM2_IRQHandler                        0x08000353   Thumb Code     0  startup_stm32h750xx.o(.text)
    LPTIM3_IRQHandler                        0x08000353   Thumb Code     0  startup_stm32h750xx.o(.text)
    LPTIM4_IRQHandler                        0x08000353   Thumb Code     0  startup_stm32h750xx.o(.text)
    LPTIM5_IRQHandler                        0x08000353   Thumb Code     0  startup_stm32h750xx.o(.text)
    LPUART1_IRQHandler                       0x08000353   Thumb Code     0  startup_stm32h750xx.o(.text)
    LTDC_ER_IRQHandler                       0x08000353   Thumb Code     0  startup_stm32h750xx.o(.text)
    LTDC_IRQHandler                          0x08000353   Thumb Code     0  startup_stm32h750xx.o(.text)
    MDIOS_IRQHandler                         0x08000353   Thumb Code     0  startup_stm32h750xx.o(.text)
    MDIOS_WKUP_IRQHandler                    0x08000353   Thumb Code     0  startup_stm32h750xx.o(.text)
    MDMA_IRQHandler                          0x08000353   Thumb Code     0  startup_stm32h750xx.o(.text)
    OTG_FS_EP1_IN_IRQHandler                 0x08000353   Thumb Code     0  startup_stm32h750xx.o(.text)
    OTG_FS_EP1_OUT_IRQHandler                0x08000353   Thumb Code     0  startup_stm32h750xx.o(.text)
    OTG_FS_IRQHandler                        0x08000353   Thumb Code     0  startup_stm32h750xx.o(.text)
    OTG_FS_WKUP_IRQHandler                   0x08000353   Thumb Code     0  startup_stm32h750xx.o(.text)
    OTG_HS_EP1_IN_IRQHandler                 0x08000353   Thumb Code     0  startup_stm32h750xx.o(.text)
    OTG_HS_EP1_OUT_IRQHandler                0x08000353   Thumb Code     0  startup_stm32h750xx.o(.text)
    OTG_HS_IRQHandler                        0x08000353   Thumb Code     0  startup_stm32h750xx.o(.text)
    OTG_HS_WKUP_IRQHandler                   0x08000353   Thumb Code     0  startup_stm32h750xx.o(.text)
    PVD_AVD_IRQHandler                       0x08000353   Thumb Code     0  startup_stm32h750xx.o(.text)
    QUADSPI_IRQHandler                       0x08000353   Thumb Code     0  startup_stm32h750xx.o(.text)
    RCC_IRQHandler                           0x08000353   Thumb Code     0  startup_stm32h750xx.o(.text)
    RTC_Alarm_IRQHandler                     0x08000353   Thumb Code     0  startup_stm32h750xx.o(.text)
    RTC_WKUP_IRQHandler                      0x08000353   Thumb Code     0  startup_stm32h750xx.o(.text)
    SAI1_IRQHandler                          0x08000353   Thumb Code     0  startup_stm32h750xx.o(.text)
    SAI2_IRQHandler                          0x08000353   Thumb Code     0  startup_stm32h750xx.o(.text)
    SAI3_IRQHandler                          0x08000353   Thumb Code     0  startup_stm32h750xx.o(.text)
    SAI4_IRQHandler                          0x08000353   Thumb Code     0  startup_stm32h750xx.o(.text)
    SDMMC1_IRQHandler                        0x08000353   Thumb Code     0  startup_stm32h750xx.o(.text)
    SDMMC2_IRQHandler                        0x08000353   Thumb Code     0  startup_stm32h750xx.o(.text)
    SPDIF_RX_IRQHandler                      0x08000353   Thumb Code     0  startup_stm32h750xx.o(.text)
    SPI1_IRQHandler                          0x08000353   Thumb Code     0  startup_stm32h750xx.o(.text)
    SPI2_IRQHandler                          0x08000353   Thumb Code     0  startup_stm32h750xx.o(.text)
    SPI3_IRQHandler                          0x08000353   Thumb Code     0  startup_stm32h750xx.o(.text)
    SPI4_IRQHandler                          0x08000353   Thumb Code     0  startup_stm32h750xx.o(.text)
    SPI5_IRQHandler                          0x08000353   Thumb Code     0  startup_stm32h750xx.o(.text)
    SPI6_IRQHandler                          0x08000353   Thumb Code     0  startup_stm32h750xx.o(.text)
    SWPMI1_IRQHandler                        0x08000353   Thumb Code     0  startup_stm32h750xx.o(.text)
    TAMP_STAMP_IRQHandler                    0x08000353   Thumb Code     0  startup_stm32h750xx.o(.text)
    TIM15_IRQHandler                         0x08000353   Thumb Code     0  startup_stm32h750xx.o(.text)
    TIM16_IRQHandler                         0x08000353   Thumb Code     0  startup_stm32h750xx.o(.text)
    TIM17_IRQHandler                         0x08000353   Thumb Code     0  startup_stm32h750xx.o(.text)
    TIM1_BRK_IRQHandler                      0x08000353   Thumb Code     0  startup_stm32h750xx.o(.text)
    TIM1_CC_IRQHandler                       0x08000353   Thumb Code     0  startup_stm32h750xx.o(.text)
    TIM1_TRG_COM_IRQHandler                  0x08000353   Thumb Code     0  startup_stm32h750xx.o(.text)
    TIM1_UP_IRQHandler                       0x08000353   Thumb Code     0  startup_stm32h750xx.o(.text)
    TIM3_IRQHandler                          0x08000353   Thumb Code     0  startup_stm32h750xx.o(.text)
    TIM5_IRQHandler                          0x08000353   Thumb Code     0  startup_stm32h750xx.o(.text)
    TIM6_DAC_IRQHandler                      0x08000353   Thumb Code     0  startup_stm32h750xx.o(.text)
    TIM7_IRQHandler                          0x08000353   Thumb Code     0  startup_stm32h750xx.o(.text)
    UART4_IRQHandler                         0x08000353   Thumb Code     0  startup_stm32h750xx.o(.text)
    UART5_IRQHandler                         0x08000353   Thumb Code     0  startup_stm32h750xx.o(.text)
    UART7_IRQHandler                         0x08000353   Thumb Code     0  startup_stm32h750xx.o(.text)
    UART8_IRQHandler                         0x08000353   Thumb Code     0  startup_stm32h750xx.o(.text)
    USART2_IRQHandler                        0x08000353   Thumb Code     0  startup_stm32h750xx.o(.text)
    USART6_IRQHandler                        0x08000353   Thumb Code     0  startup_stm32h750xx.o(.text)
    WAKEUP_PIN_IRQHandler                    0x08000353   Thumb Code     0  startup_stm32h750xx.o(.text)
    WWDG_IRQHandler                          0x08000353   Thumb Code     0  startup_stm32h750xx.o(.text)
    __user_initial_stackheap                 0x08000355   Thumb Code     0  startup_stm32h750xx.o(.text)
    __aeabi_uldivmod                         0x08000379   Thumb Code     0  lludivv7m.o(.text)
    _ll_udiv                                 0x08000379   Thumb Code   240  lludivv7m.o(.text)
    __aeabi_memclr4                          0x08000469   Thumb Code     0  rt_memclr_w.o(.text)
    __aeabi_memclr8                          0x08000469   Thumb Code     0  rt_memclr_w.o(.text)
    __rt_memclr_w                            0x08000469   Thumb Code     0  rt_memclr_w.o(.text)
    _memset_w                                0x0800046d   Thumb Code    74  rt_memclr_w.o(.text)
    __use_two_region_memory                  0x080004b7   Thumb Code     2  heapauxi.o(.text)
    __rt_heap_escrow$2region                 0x080004b9   Thumb Code     2  heapauxi.o(.text)
    __rt_heap_expand$2region                 0x080004bb   Thumb Code     2  heapauxi.o(.text)
    __user_setup_stackheap                   0x080004bd   Thumb Code    74  sys_stackheap_outer.o(.text)
    exit                                     0x08000507   Thumb Code    18  exit.o(.text)
    __user_libspace                          0x08000519   Thumb Code     8  libspace.o(.text)
    __user_perproc_libspace                  0x08000519   Thumb Code     0  libspace.o(.text)
    __user_perthread_libspace                0x08000519   Thumb Code     0  libspace.o(.text)
    _sys_exit                                0x08000521   Thumb Code     8  sys_exit.o(.text)
    __I$use$semihosting                      0x0800052d   Thumb Code     0  use_no_semi.o(.text)
    __use_no_semihosting_swi                 0x0800052d   Thumb Code     2  use_no_semi.o(.text)
    __semihosting_library_function           0x0800052f   Thumb Code     0  indicate_semi.o(.text)
    BusFault_Handler                         0x08000531   Thumb Code     2  stm32h7xx_it.o(.text.BusFault_Handler)
    DebugMon_Handler                         0x08000539   Thumb Code     2  stm32h7xx_it.o(.text.DebugMon_Handler)
    Error_Handler                            0x08000541   Thumb Code    10  main.o(.text.Error_Handler)
    HAL_DMA_Abort                            0x08000551   Thumb Code  1326  stm32h7xx_hal_dma.o(.text.HAL_DMA_Abort)
    HAL_DMA_Abort_IT                         0x08000a81   Thumb Code   698  stm32h7xx_hal_dma.o(.text.HAL_DMA_Abort_IT)
    HAL_Delay                                0x08000d41   Thumb Code    40  stm32h7xx_hal.o(.text.HAL_Delay)
    HAL_GPIO_Init                            0x08000d69   Thumb Code   426  stm32h7xx_hal_gpio.o(.text.HAL_GPIO_Init)
    HAL_GPIO_ReadPin                         0x08000f19   Thumb Code    10  stm32h7xx_hal_gpio.o(.text.HAL_GPIO_ReadPin)
    HAL_GPIO_WritePin                        0x08000f29   Thumb Code    10  stm32h7xx_hal_gpio.o(.text.HAL_GPIO_WritePin)
    HAL_GetREVID                             0x08000f39   Thumb Code    14  stm32h7xx_hal.o(.text.HAL_GetREVID)
    HAL_GetTick                              0x08000f49   Thumb Code    12  stm32h7xx_hal.o(.text.HAL_GetTick)
    HAL_I2CEx_ConfigAnalogFilter             0x08000f59   Thumb Code    74  stm32h7xx_hal_i2c_ex.o(.text.HAL_I2CEx_ConfigAnalogFilter)
    HAL_I2CEx_ConfigDigitalFilter            0x08000fa9   Thumb Code    72  stm32h7xx_hal_i2c_ex.o(.text.HAL_I2CEx_ConfigDigitalFilter)
    HAL_I2CEx_EnableFastModePlus             0x08000ff1   Thumb Code    46  stm32h7xx_hal_i2c_ex.o(.text.HAL_I2CEx_EnableFastModePlus)
    HAL_I2C_Init                             0x08001021   Thumb Code   174  stm32h7xx_hal_i2c.o(.text.HAL_I2C_Init)
    HAL_I2C_Mem_Write                        0x080010d1   Thumb Code   564  stm32h7xx_hal_i2c.o(.text.HAL_I2C_Mem_Write)
    HAL_I2C_MspInit                          0x08001309   Thumb Code   136  i2c.o(.text.HAL_I2C_MspInit)
    HAL_IncTick                              0x08001391   Thumb Code    26  stm32h7xx_hal.o(.text.HAL_IncTick)
    HAL_Init                                 0x080013b1   Thumb Code   100  stm32h7xx_hal.o(.text.HAL_Init)
    HAL_InitTick                             0x08001419   Thumb Code    76  stm32h7xx_hal.o(.text.HAL_InitTick)
    HAL_MPU_ConfigRegion                     0x08001469   Thumb Code    94  stm32h7xx_hal_cortex.o(.text.HAL_MPU_ConfigRegion)
    HAL_MPU_Disable                          0x080014c9   Thumb Code    26  stm32h7xx_hal_cortex.o(.text.HAL_MPU_Disable)
    HAL_MPU_Enable                           0x080014e9   Thumb Code    32  stm32h7xx_hal_cortex.o(.text.HAL_MPU_Enable)
    HAL_MspInit                              0x08001509   Thumb Code    32  stm32h7xx_hal_msp.o(.text.HAL_MspInit)
    HAL_NVIC_EnableIRQ                       0x08001529   Thumb Code    34  stm32h7xx_hal_cortex.o(.text.HAL_NVIC_EnableIRQ)
    HAL_NVIC_SetPriority                     0x08001551   Thumb Code    90  stm32h7xx_hal_cortex.o(.text.HAL_NVIC_SetPriority)
    HAL_NVIC_SetPriorityGrouping             0x080015b1   Thumb Code    32  stm32h7xx_hal_cortex.o(.text.HAL_NVIC_SetPriorityGrouping)
    HAL_PWREx_ConfigSupply                   0x080015d1   Thumb Code    76  stm32h7xx_hal_pwr_ex.o(.text.HAL_PWREx_ConfigSupply)
    HAL_RCCEx_GetD3PCLK1Freq                 0x08001621   Thumb Code    38  stm32h7xx_hal_rcc_ex.o(.text.HAL_RCCEx_GetD3PCLK1Freq)
    HAL_RCCEx_GetPLL2ClockFreq               0x08001649   Thumb Code   300  stm32h7xx_hal_rcc_ex.o(.text.HAL_RCCEx_GetPLL2ClockFreq)
    HAL_RCCEx_GetPLL3ClockFreq               0x08001779   Thumb Code   300  stm32h7xx_hal_rcc_ex.o(.text.HAL_RCCEx_GetPLL3ClockFreq)
    HAL_RCCEx_PeriphCLKConfig                0x080018a9   Thumb Code  2876  stm32h7xx_hal_rcc_ex.o(.text.HAL_RCCEx_PeriphCLKConfig)
    HAL_RCC_ClockConfig                      0x080023e9   Thumb Code   616  stm32h7xx_hal_rcc.o(.text.HAL_RCC_ClockConfig)
    HAL_RCC_GetHCLKFreq                      0x08002651   Thumb Code    76  stm32h7xx_hal_rcc.o(.text.HAL_RCC_GetHCLKFreq)
    HAL_RCC_GetPCLK1Freq                     0x080026a1   Thumb Code    96  stm32h7xx_hal_rcc.o(.text.HAL_RCC_GetPCLK1Freq)
    HAL_RCC_GetPCLK2Freq                     0x08002701   Thumb Code    96  stm32h7xx_hal_rcc.o(.text.HAL_RCC_GetPCLK2Freq)
    HAL_RCC_GetSysClockFreq                  0x08002761   Thumb Code   280  stm32h7xx_hal_rcc.o(.text.HAL_RCC_GetSysClockFreq)
    HAL_RCC_OscConfig                        0x08002879   Thumb Code  1376  stm32h7xx_hal_rcc.o(.text.HAL_RCC_OscConfig)
    HAL_SYSTICK_Config                       0x08002dd9   Thumb Code    46  stm32h7xx_hal_cortex.o(.text.HAL_SYSTICK_Config)
    HAL_TIMEx_Break2Callback                 0x08002e09   Thumb Code     2  stm32h7xx_hal_tim_ex.o(.text.HAL_TIMEx_Break2Callback)
    HAL_TIMEx_BreakCallback                  0x08002e11   Thumb Code     2  stm32h7xx_hal_tim_ex.o(.text.HAL_TIMEx_BreakCallback)
    HAL_TIMEx_CommutCallback                 0x08002e19   Thumb Code     2  stm32h7xx_hal_tim_ex.o(.text.HAL_TIMEx_CommutCallback)
    HAL_TIMEx_ConfigBreakDeadTime            0x08002e21   Thumb Code   158  stm32h7xx_hal_tim_ex.o(.text.HAL_TIMEx_ConfigBreakDeadTime)
    HAL_TIMEx_MasterConfigSynchronization    0x08002ec1   Thumb Code   202  stm32h7xx_hal_tim_ex.o(.text.HAL_TIMEx_MasterConfigSynchronization)
    HAL_TIM_Base_Init                        0x08002f91   Thumb Code    96  stm32h7xx_hal_tim.o(.text.HAL_TIM_Base_Init)
    HAL_TIM_Base_MspInit                     0x08002ff1   Thumb Code   110  tim.o(.text.HAL_TIM_Base_MspInit)
    HAL_TIM_Base_Start_IT                    0x08003061   Thumb Code   180  stm32h7xx_hal_tim.o(.text.HAL_TIM_Base_Start_IT)
    HAL_TIM_ConfigClockSource                0x08003119   Thumb Code   508  stm32h7xx_hal_tim.o(.text.HAL_TIM_ConfigClockSource)
    HAL_TIM_Encoder_Init                     0x08003319   Thumb Code   184  stm32h7xx_hal_tim.o(.text.HAL_TIM_Encoder_Init)
    HAL_TIM_Encoder_MspInit                  0x080033d1   Thumb Code   258  tim.o(.text.HAL_TIM_Encoder_MspInit)
    HAL_TIM_Encoder_Start                    0x080034d9   Thumb Code   188  stm32h7xx_hal_tim.o(.text.HAL_TIM_Encoder_Start)
    HAL_TIM_IC_CaptureCallback               0x08003599   Thumb Code     2  stm32h7xx_hal_tim.o(.text.HAL_TIM_IC_CaptureCallback)
    HAL_TIM_IRQHandler                       0x080035a1   Thumb Code   364  stm32h7xx_hal_tim.o(.text.HAL_TIM_IRQHandler)
    HAL_TIM_OC_DelayElapsedCallback          0x08003711   Thumb Code     2  stm32h7xx_hal_tim.o(.text.HAL_TIM_OC_DelayElapsedCallback)
    HAL_TIM_PWM_ConfigChannel                0x08003719   Thumb Code  1214  stm32h7xx_hal_tim.o(.text.HAL_TIM_PWM_ConfigChannel)
    HAL_TIM_PWM_Init                         0x08003bd9   Thumb Code    96  stm32h7xx_hal_tim.o(.text.HAL_TIM_PWM_Init)
    HAL_TIM_PWM_MspInit                      0x08003c39   Thumb Code    50  tim.o(.text.HAL_TIM_PWM_MspInit)
    HAL_TIM_PWM_PulseFinishedCallback        0x08003c71   Thumb Code     2  stm32h7xx_hal_tim.o(.text.HAL_TIM_PWM_PulseFinishedCallback)
    HAL_TIM_PWM_Start                        0x08003c79   Thumb Code   396  stm32h7xx_hal_tim.o(.text.HAL_TIM_PWM_Start)
    HAL_TIM_PeriodElapsedCallback            0x08003e09   Thumb Code   210  main.o(.text.HAL_TIM_PeriodElapsedCallback)
    HAL_TIM_TriggerCallback                  0x08003ee1   Thumb Code     2  stm32h7xx_hal_tim.o(.text.HAL_TIM_TriggerCallback)
    HAL_UARTEx_DisableFifoMode               0x08003ee9   Thumb Code    54  stm32h7xx_hal_uart_ex.o(.text.HAL_UARTEx_DisableFifoMode)
    HAL_UARTEx_RxEventCallback               0x08003f21   Thumb Code     2  stm32h7xx_hal_uart.o(.text.HAL_UARTEx_RxEventCallback)
    HAL_UARTEx_RxFifoFullCallback            0x08003f29   Thumb Code     2  stm32h7xx_hal_uart_ex.o(.text.HAL_UARTEx_RxFifoFullCallback)
    HAL_UARTEx_SetRxFifoThreshold            0x08003f31   Thumb Code   144  stm32h7xx_hal_uart_ex.o(.text.HAL_UARTEx_SetRxFifoThreshold)
    HAL_UARTEx_SetTxFifoThreshold            0x08003fc1   Thumb Code   144  stm32h7xx_hal_uart_ex.o(.text.HAL_UARTEx_SetTxFifoThreshold)
    HAL_UARTEx_TxFifoEmptyCallback           0x08004051   Thumb Code     2  stm32h7xx_hal_uart_ex.o(.text.HAL_UARTEx_TxFifoEmptyCallback)
    HAL_UARTEx_WakeupCallback                0x08004059   Thumb Code     2  stm32h7xx_hal_uart_ex.o(.text.HAL_UARTEx_WakeupCallback)
    HAL_UART_ErrorCallback                   0x08004061   Thumb Code     2  stm32h7xx_hal_uart.o(.text.HAL_UART_ErrorCallback)
    HAL_UART_IRQHandler                      0x08004069   Thumb Code  1880  stm32h7xx_hal_uart.o(.text.HAL_UART_IRQHandler)
    HAL_UART_Init                            0x080047c1   Thumb Code   104  stm32h7xx_hal_uart.o(.text.HAL_UART_Init)
    HAL_UART_MspInit                         0x08004829   Thumb Code   258  usart.o(.text.HAL_UART_MspInit)
    HAL_UART_Receive_IT                      0x08004931   Thumb Code   168  stm32h7xx_hal_uart.o(.text.HAL_UART_Receive_IT)
    HAL_UART_RxCpltCallback                  0x080049d9   Thumb Code    76  main.o(.text.HAL_UART_RxCpltCallback)
    HAL_UART_TxCpltCallback                  0x08004a29   Thumb Code     2  stm32h7xx_hal_uart.o(.text.HAL_UART_TxCpltCallback)
    HardFault_Handler                        0x08004a31   Thumb Code     2  stm32h7xx_it.o(.text.HardFault_Handler)
    MX_GPIO_Init                             0x08004d91   Thumb Code   254  gpio.o(.text.MX_GPIO_Init)
    MX_I2C2_Init                             0x08004e91   Thumb Code   108  i2c.o(.text.MX_I2C2_Init)
    MX_TIM15_Init                            0x08004f01   Thumb Code   360  tim.o(.text.MX_TIM15_Init)
    MX_TIM2_Init                             0x08005069   Thumb Code   100  tim.o(.text.MX_TIM2_Init)
    MX_TIM3_Init                             0x080050d1   Thumb Code   264  tim.o(.text.MX_TIM3_Init)
    MX_TIM4_Init                             0x080051d9   Thumb Code   118  tim.o(.text.MX_TIM4_Init)
    MX_TIM8_Init                             0x08005251   Thumb Code   112  tim.o(.text.MX_TIM8_Init)
    MX_USART1_UART_Init                      0x080052c1   Thumb Code   124  usart.o(.text.MX_USART1_UART_Init)
    MX_USART3_UART_Init                      0x08005341   Thumb Code   124  usart.o(.text.MX_USART3_UART_Init)
    MemManage_Handler                        0x080053c1   Thumb Code     2  stm32h7xx_it.o(.text.MemManage_Handler)
    NMI_Handler                              0x080053c9   Thumb Code     2  stm32h7xx_it.o(.text.NMI_Handler)
    OLED_FullyClear                          0x080053d1   Thumb Code   172  oled.o(.text.OLED_FullyClear)
    OLED_Init                                0x08005481   Thumb Code    16  oled.o(.text.OLED_Init)
    OLED_ShowChar                            0x08005491   Thumb Code   990  oled.o(.text.OLED_ShowChar)
    OLED_ShowStr1                            0x08005871   Thumb Code   350  oled.o(.text.OLED_ShowStr1)
    PendSV_Handler                           0x080059d1   Thumb Code     2  stm32h7xx_it.o(.text.PendSV_Handler)
    SVC_Handler                              0x08005c29   Thumb Code     2  stm32h7xx_it.o(.text.SVC_Handler)
    SysTick_Handler                          0x08005c31   Thumb Code     4  stm32h7xx_it.o(.text.SysTick_Handler)
    SystemClock_Config                       0x08005c39   Thumb Code   316  main.o(.text.SystemClock_Config)
    SystemInit                               0x08005d79   Thumb Code   204  system_stm32h7xx.o(.text.SystemInit)
    TIM2_IRQHandler                          0x08005e49   Thumb Code    12  stm32h7xx_it.o(.text.TIM2_IRQHandler)
    TIM4_IRQHandler                          0x08005e59   Thumb Code    12  stm32h7xx_it.o(.text.TIM4_IRQHandler)
    TIM8_BRK_TIM12_IRQHandler                0x08005e69   Thumb Code    12  stm32h7xx_it.o(.text.TIM8_BRK_TIM12_IRQHandler)
    TIM8_CC_IRQHandler                       0x08005e79   Thumb Code    12  stm32h7xx_it.o(.text.TIM8_CC_IRQHandler)
    TIM8_TRG_COM_TIM14_IRQHandler            0x08005e89   Thumb Code    12  stm32h7xx_it.o(.text.TIM8_TRG_COM_TIM14_IRQHandler)
    TIM8_UP_TIM13_IRQHandler                 0x08005e99   Thumb Code    12  stm32h7xx_it.o(.text.TIM8_UP_TIM13_IRQHandler)
    TIM_Base_SetConfig                       0x08005ea9   Thumb Code   356  stm32h7xx_hal_tim.o(.text.TIM_Base_SetConfig)
    UART_AdvFeatureConfig                    0x08006011   Thumb Code   224  stm32h7xx_hal_uart.o(.text.UART_AdvFeatureConfig)
    UART_CheckIdleState                      0x080060f1   Thumb Code   374  stm32h7xx_hal_uart.o(.text.UART_CheckIdleState)
    UART_SetConfig                           0x08006c79   Thumb Code  1196  stm32h7xx_hal_uart.o(.text.UART_SetConfig)
    UART_Start_Receive_IT                    0x08007131   Thumb Code   628  stm32h7xx_hal_uart.o(.text.UART_Start_Receive_IT)
    UART_WaitOnFlagUntilTimeout              0x080073a9   Thumb Code   856  stm32h7xx_hal_uart.o(.text.UART_WaitOnFlagUntilTimeout)
    USART1_IRQHandler                        0x08007701   Thumb Code    12  stm32h7xx_it.o(.text.USART1_IRQHandler)
    USART3_IRQHandler                        0x08007711   Thumb Code    12  stm32h7xx_it.o(.text.USART3_IRQHandler)
    UsageFault_Handler                       0x08007721   Thumb Code     2  stm32h7xx_it.o(.text.UsageFault_Handler)
    WriteCmd                                 0x08007729   Thumb Code   606  oled.o(.text.WriteCmd)
    dianjiB                                  0x08007989   Thumb Code   116  motor.o(.text.dianjiB)
    line_pid                                 0x08007a01   Thumb Code   136  control.o(.text.line_pid)
    main                                     0x08007a89   Thumb Code  1052  main.o(.text.main)
    motor_handle                             0x08007ea9   Thumb Code   444  motor.o(.text.motor_handle)
    motor_init                               0x08008069   Thumb Code   130  motor.o(.text.motor_init)
    turn                                     0x080080f1   Thumb Code    64  control.o(.text.turn)
    uart_it_init                             0x08008131   Thumb Code    18  uart_it.o(.text.uart_it_init)
    uart_it_receive                          0x08008149   Thumb Code   116  uart_it.o(.text.uart_it_receive)
    uart_it_receive1                         0x080081c1   Thumb Code   152  uart_it.o(.text.uart_it_receive1)
    _fp_init                                 0x08008259   Thumb Code    26  fpinit.o(x$fpl$fpinit)
    __fplib_config_fpu_vfp                   0x08008271   Thumb Code     0  fpinit.o(x$fpl$fpinit)
    __fplib_config_pureend_doubles           0x08008271   Thumb Code     0  fpinit.o(x$fpl$fpinit)
    D1CorePrescTable                         0x0800827e   Data          16  system_stm32h7xx.o(.rodata.D1CorePrescTable)
    F6x8                                     0x0800828e   Data         552  oled.o(.rodata.F6x8)
    F8X16                                    0x080084b6   Data        1504  oled.o(.rodata.F8X16)
    UARTPrescTable                           0x08008a96   Data          24  stm32h7xx_hal_uart.o(.rodata.UARTPrescTable)
    Region$$Table$$Base                      0x08008ac0   Number         0  anon$$obj.o(Region$$Table)
    Region$$Table$$Limit                     0x08008ae0   Number         0  anon$$obj.o(Region$$Table)
    angle                                    0x24000000   Data           1  main.o(.data..L_MergedGlobals)
    direction                                0x24000001   Data           1  main.o(.data..L_MergedGlobals)
    uwTickFreq                               0x24000004   Data           1  stm32h7xx_hal.o(.data..L_MergedGlobals)
    uwTickPrio                               0x24000008   Data           4  stm32h7xx_hal.o(.data..L_MergedGlobals)
    SystemCoreClock                          0x2400000c   Data           4  system_stm32h7xx.o(.data..L_MergedGlobals)
    SystemD2Clock                            0x24000010   Data           4  system_stm32h7xx.o(.data..L_MergedGlobals)
    Tv_A                                     0x24000014   Data           4  motor.o(.data..L_MergedGlobals)
    Tv_B                                     0x24000018   Data           4  motor.o(.data..L_MergedGlobals)
    exA                                      0x2400001c   Data           4  motor.o(.data..L_MergedGlobals)
    exB                                      0x24000020   Data           4  motor.o(.data..L_MergedGlobals)
    z_A                                      0x24000024   Data           4  motor.o(.data..L_MergedGlobals)
    z_B                                      0x24000028   Data           4  motor.o(.data..L_MergedGlobals)
    CMD_Data                                 0x2400002c   Data          27  oled.o(.data.CMD_Data)
    now                                      0x24000048   Data           4  control.o(.data.now)
    __libspace_start                         0x24000050   Data          96  libspace.o(.bss)
    __temporary_stack_top$libspace           0x240000b0   Data           0  libspace.o(.bss)
    err                                      0x240000b0   Data           4  control.o(.bss..L_MergedGlobals)
    last_err                                 0x240000b4   Data           4  control.o(.bss..L_MergedGlobals)
    state                                    0x240000c0   Data           1  main.o(.bss..L_MergedGlobals.1)
    state1                                   0x240000c1   Data           1  main.o(.bss..L_MergedGlobals.1)
    tick                                     0x240000c2   Data           1  main.o(.bss..L_MergedGlobals.1)
    ticks                                    0x240000c3   Data           1  main.o(.bss..L_MergedGlobals.1)
    T_num                                    0x240000c4   Data           1  main.o(.bss..L_MergedGlobals.1)
    shuliang                                 0x240000c6   Data           2  main.o(.bss..L_MergedGlobals.1)
    statue                                   0x240000c8   Data           4  main.o(.bss..L_MergedGlobals.1)
    number                                   0x240000cc   Data           8  main.o(.bss..L_MergedGlobals.1)
    ff_s                                     0x240000d8   Data           8  main.o(.bss..L_MergedGlobals.1)
    Date                                     0x240000e0   Data          10  main.o(.bss..L_MergedGlobals.1)
    Date1                                    0x240000ea   Data          20  main.o(.bss..L_MergedGlobals.1)
    ceh_A                                    0x24000100   Data           4  motor.o(.bss..L_MergedGlobals.1)
    ceh_B                                    0x24000104   Data           4  motor.o(.bss..L_MergedGlobals.1)
    v_A                                      0x24000108   Data           4  motor.o(.bss..L_MergedGlobals.1)
    v_B                                      0x2400010c   Data           4  motor.o(.bss..L_MergedGlobals.1)
    error_v_A                                0x24000110   Data           4  motor.o(.bss..L_MergedGlobals.1)
    error_v_B                                0x24000114   Data           4  motor.o(.bss..L_MergedGlobals.1)
    last_error_v_A                           0x24000118   Data           4  motor.o(.bss..L_MergedGlobals.1)
    last_error_v_B                           0x2400011c   Data           4  motor.o(.bss..L_MergedGlobals.1)
    pwmA                                     0x24000120   Data           4  motor.o(.bss..L_MergedGlobals.1)
    pwmB                                     0x24000124   Data           4  motor.o(.bss..L_MergedGlobals.1)
    pid_out_VA                               0x24000128   Data           4  motor.o(.bss..L_MergedGlobals.1)
    pid_out_VB                               0x2400012c   Data           4  motor.o(.bss..L_MergedGlobals.1)
    lz_A                                     0x24000130   Data           4  motor.o(.bss..L_MergedGlobals.1)
    lz_B                                     0x24000134   Data           4  motor.o(.bss..L_MergedGlobals.1)
    fffff                                    0x24000138   Data           4  motor.o(.bss..L_MergedGlobals.1)
    hi2c2                                    0x2400013c   Data          84  i2c.o(.bss.hi2c2)
    htim15                                   0x24000190   Data          76  tim.o(.bss.htim15)
    htim2                                    0x240001dc   Data          76  tim.o(.bss.htim2)
    htim3                                    0x24000228   Data          76  tim.o(.bss.htim3)
    htim4                                    0x24000274   Data          76  tim.o(.bss.htim4)
    htim8                                    0x240002c0   Data          76  tim.o(.bss.htim8)
    huart1                                   0x2400030c   Data         148  usart.o(.bss.huart1)
    huart3                                   0x240003a0   Data         148  usart.o(.bss.huart3)
    uwTick                                   0x24000434   Data           4  stm32h7xx_hal.o(.bss.uwTick)
    width                                    0x24000438   Data           4  control.o(.bss.width)



==============================================================================

Memory Map of the image

  Image Entry point : 0x08000299

  Load Region LR_IROM1 (Base: 0x08000000, Size: 0x00008b30, Max: 0x00020000, ABSOLUTE)

    Execution Region ER_IROM1 (Exec base: 0x08000000, Load base: 0x08000000, Size: 0x00008ae0, Max: 0x00020000, ABSOLUTE)

    Exec Addr    Load Addr    Size         Type   Attr      Idx    E Section Name        Object

    0x08000000   0x08000000   0x00000298   Data   RO            3    RESET               startup_stm32h750xx.o
    0x08000298   0x08000298   0x00000008   Code   RO         1623  * !!!main             c_w.l(__main.o)
    0x080002a0   0x080002a0   0x00000034   Code   RO         1798    !!!scatter          c_w.l(__scatter.o)
    0x080002d4   0x080002d4   0x0000001a   Code   RO         1800    !!handler_copy      c_w.l(__scatter_copy.o)
    0x080002ee   0x080002ee   0x00000002   PAD
    0x080002f0   0x080002f0   0x0000001c   Code   RO         1802    !!handler_zi        c_w.l(__scatter_zi.o)
    0x0800030c   0x0800030c   0x00000002   Code   RO         1660    .ARM.Collect$$libinit$$00000000  c_w.l(libinit.o)
    0x0800030e   0x0800030e   0x00000004   Code   RO         1672    .ARM.Collect$$libinit$$00000001  c_w.l(libinit2.o)
    0x08000312   0x08000312   0x00000000   Code   RO         1675    .ARM.Collect$$libinit$$00000004  c_w.l(libinit2.o)
    0x08000312   0x08000312   0x00000000   Code   RO         1677    .ARM.Collect$$libinit$$00000006  c_w.l(libinit2.o)
    0x08000312   0x08000312   0x00000000   Code   RO         1680    .ARM.Collect$$libinit$$0000000C  c_w.l(libinit2.o)
    0x08000312   0x08000312   0x00000000   Code   RO         1682    .ARM.Collect$$libinit$$0000000E  c_w.l(libinit2.o)
    0x08000312   0x08000312   0x00000000   Code   RO         1684    .ARM.Collect$$libinit$$00000010  c_w.l(libinit2.o)
    0x08000312   0x08000312   0x00000000   Code   RO         1687    .ARM.Collect$$libinit$$00000013  c_w.l(libinit2.o)
    0x08000312   0x08000312   0x00000000   Code   RO         1689    .ARM.Collect$$libinit$$00000015  c_w.l(libinit2.o)
    0x08000312   0x08000312   0x00000000   Code   RO         1691    .ARM.Collect$$libinit$$00000017  c_w.l(libinit2.o)
    0x08000312   0x08000312   0x00000000   Code   RO         1693    .ARM.Collect$$libinit$$00000019  c_w.l(libinit2.o)
    0x08000312   0x08000312   0x00000000   Code   RO         1695    .ARM.Collect$$libinit$$0000001B  c_w.l(libinit2.o)
    0x08000312   0x08000312   0x00000000   Code   RO         1697    .ARM.Collect$$libinit$$0000001D  c_w.l(libinit2.o)
    0x08000312   0x08000312   0x00000000   Code   RO         1699    .ARM.Collect$$libinit$$0000001F  c_w.l(libinit2.o)
    0x08000312   0x08000312   0x00000000   Code   RO         1701    .ARM.Collect$$libinit$$00000021  c_w.l(libinit2.o)
    0x08000312   0x08000312   0x00000000   Code   RO         1703    .ARM.Collect$$libinit$$00000023  c_w.l(libinit2.o)
    0x08000312   0x08000312   0x00000000   Code   RO         1705    .ARM.Collect$$libinit$$00000025  c_w.l(libinit2.o)
    0x08000312   0x08000312   0x00000000   Code   RO         1707    .ARM.Collect$$libinit$$00000027  c_w.l(libinit2.o)
    0x08000312   0x08000312   0x00000000   Code   RO         1711    .ARM.Collect$$libinit$$0000002E  c_w.l(libinit2.o)
    0x08000312   0x08000312   0x00000000   Code   RO         1713    .ARM.Collect$$libinit$$00000030  c_w.l(libinit2.o)
    0x08000312   0x08000312   0x00000000   Code   RO         1715    .ARM.Collect$$libinit$$00000032  c_w.l(libinit2.o)
    0x08000312   0x08000312   0x00000000   Code   RO         1717    .ARM.Collect$$libinit$$00000034  c_w.l(libinit2.o)
    0x08000312   0x08000312   0x00000002   Code   RO         1718    .ARM.Collect$$libinit$$00000035  c_w.l(libinit2.o)
    0x08000314   0x08000314   0x00000002   Code   RO         1753    .ARM.Collect$$libshutdown$$00000000  c_w.l(libshutdown.o)
    0x08000316   0x08000316   0x00000000   Code   RO         1781    .ARM.Collect$$libshutdown$$00000002  c_w.l(libshutdown2.o)
    0x08000316   0x08000316   0x00000000   Code   RO         1783    .ARM.Collect$$libshutdown$$00000004  c_w.l(libshutdown2.o)
    0x08000316   0x08000316   0x00000000   Code   RO         1786    .ARM.Collect$$libshutdown$$00000007  c_w.l(libshutdown2.o)
    0x08000316   0x08000316   0x00000000   Code   RO         1789    .ARM.Collect$$libshutdown$$0000000A  c_w.l(libshutdown2.o)
    0x08000316   0x08000316   0x00000000   Code   RO         1791    .ARM.Collect$$libshutdown$$0000000C  c_w.l(libshutdown2.o)
    0x08000316   0x08000316   0x00000000   Code   RO         1794    .ARM.Collect$$libshutdown$$0000000F  c_w.l(libshutdown2.o)
    0x08000316   0x08000316   0x00000002   Code   RO         1795    .ARM.Collect$$libshutdown$$00000010  c_w.l(libshutdown2.o)
    0x08000318   0x08000318   0x00000000   Code   RO         1625    .ARM.Collect$$rtentry$$00000000  c_w.l(__rtentry.o)
    0x08000318   0x08000318   0x00000000   Code   RO         1631    .ARM.Collect$$rtentry$$00000002  c_w.l(__rtentry2.o)
    0x08000318   0x08000318   0x00000006   Code   RO         1643    .ARM.Collect$$rtentry$$00000004  c_w.l(__rtentry4.o)
    0x0800031e   0x0800031e   0x00000000   Code   RO         1633    .ARM.Collect$$rtentry$$00000009  c_w.l(__rtentry2.o)
    0x0800031e   0x0800031e   0x00000004   Code   RO         1634    .ARM.Collect$$rtentry$$0000000A  c_w.l(__rtentry2.o)
    0x08000322   0x08000322   0x00000000   Code   RO         1636    .ARM.Collect$$rtentry$$0000000C  c_w.l(__rtentry2.o)
    0x08000322   0x08000322   0x00000008   Code   RO         1637    .ARM.Collect$$rtentry$$0000000D  c_w.l(__rtentry2.o)
    0x0800032a   0x0800032a   0x00000002   Code   RO         1664    .ARM.Collect$$rtexit$$00000000  c_w.l(rtexit.o)
    0x0800032c   0x0800032c   0x00000000   Code   RO         1724    .ARM.Collect$$rtexit$$00000002  c_w.l(rtexit2.o)
    0x0800032c   0x0800032c   0x00000004   Code   RO         1725    .ARM.Collect$$rtexit$$00000003  c_w.l(rtexit2.o)
    0x08000330   0x08000330   0x00000006   Code   RO         1726    .ARM.Collect$$rtexit$$00000004  c_w.l(rtexit2.o)
    0x08000336   0x08000336   0x00000002   PAD
    0x08000338   0x08000338   0x00000040   Code   RO            4    .text               startup_stm32h750xx.o
    0x08000378   0x08000378   0x000000f0   Code   RO         1617    .text               c_w.l(lludivv7m.o)
    0x08000468   0x08000468   0x0000004e   Code   RO         1619    .text               c_w.l(rt_memclr_w.o)
    0x080004b6   0x080004b6   0x00000006   Code   RO         1621    .text               c_w.l(heapauxi.o)
    0x080004bc   0x080004bc   0x0000004a   Code   RO         1647    .text               c_w.l(sys_stackheap_outer.o)
    0x08000506   0x08000506   0x00000012   Code   RO         1649    .text               c_w.l(exit.o)
    0x08000518   0x08000518   0x00000008   Code   RO         1661    .text               c_w.l(libspace.o)
    0x08000520   0x08000520   0x0000000c   Code   RO         1719    .text               c_w.l(sys_exit.o)
    0x0800052c   0x0800052c   0x00000002   Code   RO         1742    .text               c_w.l(use_no_semi.o)
    0x0800052e   0x0800052e   0x00000000   Code   RO         1744    .text               c_w.l(indicate_semi.o)
    0x0800052e   0x0800052e   0x00000002   PAD
    0x08000530   0x08000530   0x00000002   Code   RO          136    .text.BusFault_Handler  stm32h7xx_it.o
    0x08000532   0x08000532   0x00000006   PAD
    0x08000538   0x08000538   0x00000002   Code   RO          142    .text.DebugMon_Handler  stm32h7xx_it.o
    0x0800053a   0x0800053a   0x00000006   PAD
    0x08000540   0x08000540   0x0000000a   Code   RO           15    .text.Error_Handler  main.o
    0x0800054a   0x0800054a   0x00000006   PAD
    0x08000550   0x08000550   0x0000052e   Code   RO          632    .text.HAL_DMA_Abort  stm32h7xx_hal_dma.o
    0x08000a7e   0x08000a7e   0x00000002   PAD
    0x08000a80   0x08000a80   0x000002ba   Code   RO          634    .text.HAL_DMA_Abort_IT  stm32h7xx_hal_dma.o
    0x08000d3a   0x08000d3a   0x00000006   PAD
    0x08000d40   0x08000d40   0x00000028   Code   RO          878    .text.HAL_Delay     stm32h7xx_hal.o
    0x08000d68   0x08000d68   0x000001aa   Code   RO          566    .text.HAL_GPIO_Init  stm32h7xx_hal_gpio.o
    0x08000f12   0x08000f12   0x00000006   PAD
    0x08000f18   0x08000f18   0x0000000a   Code   RO          570    .text.HAL_GPIO_ReadPin  stm32h7xx_hal_gpio.o
    0x08000f22   0x08000f22   0x00000006   PAD
    0x08000f28   0x08000f28   0x0000000a   Code   RO          572    .text.HAL_GPIO_WritePin  stm32h7xx_hal_gpio.o
    0x08000f32   0x08000f32   0x00000006   PAD
    0x08000f38   0x08000f38   0x0000000e   Code   RO          886    .text.HAL_GetREVID  stm32h7xx_hal.o
    0x08000f46   0x08000f46   0x00000002   PAD
    0x08000f48   0x08000f48   0x0000000c   Code   RO          870    .text.HAL_GetTick   stm32h7xx_hal.o
    0x08000f54   0x08000f54   0x00000004   PAD
    0x08000f58   0x08000f58   0x0000004a   Code   RO          385    .text.HAL_I2CEx_ConfigAnalogFilter  stm32h7xx_hal_i2c_ex.o
    0x08000fa2   0x08000fa2   0x00000006   PAD
    0x08000fa8   0x08000fa8   0x00000048   Code   RO          387    .text.HAL_I2CEx_ConfigDigitalFilter  stm32h7xx_hal_i2c_ex.o
    0x08000ff0   0x08000ff0   0x0000002e   Code   RO          393    .text.HAL_I2CEx_EnableFastModePlus  stm32h7xx_hal_i2c_ex.o
    0x0800101e   0x0800101e   0x00000002   PAD
    0x08001020   0x08001020   0x000000ae   Code   RO          231    .text.HAL_I2C_Init  stm32h7xx_hal_i2c.o
    0x080010ce   0x080010ce   0x00000002   PAD
    0x080010d0   0x080010d0   0x00000234   Code   RO          289    .text.HAL_I2C_Mem_Write  stm32h7xx_hal_i2c.o
    0x08001304   0x08001304   0x00000004   PAD
    0x08001308   0x08001308   0x00000088   Code   RO           62    .text.HAL_I2C_MspInit  i2c.o
    0x08001390   0x08001390   0x0000001a   Code   RO          868    .text.HAL_IncTick   stm32h7xx_hal.o
    0x080013aa   0x080013aa   0x00000006   PAD
    0x080013b0   0x080013b0   0x00000064   Code   RO          858    .text.HAL_Init      stm32h7xx_hal.o
    0x08001414   0x08001414   0x00000004   PAD
    0x08001418   0x08001418   0x0000004c   Code   RO          860    .text.HAL_InitTick  stm32h7xx_hal.o
    0x08001464   0x08001464   0x00000004   PAD
    0x08001468   0x08001468   0x0000005e   Code   RO          201    .text.HAL_MPU_ConfigRegion  stm32h7xx_hal_cortex.o
    0x080014c6   0x080014c6   0x00000002   PAD
    0x080014c8   0x080014c8   0x0000001a   Code   RO          193    .text.HAL_MPU_Disable  stm32h7xx_hal_cortex.o
    0x080014e2   0x080014e2   0x00000006   PAD
    0x080014e8   0x080014e8   0x00000020   Code   RO          195    .text.HAL_MPU_Enable  stm32h7xx_hal_cortex.o
    0x08001508   0x08001508   0x00000020   Code   RO          171    .text.HAL_MspInit   stm32h7xx_hal_msp.o
    0x08001528   0x08001528   0x00000022   Code   RO          183    .text.HAL_NVIC_EnableIRQ  stm32h7xx_hal_cortex.o
    0x0800154a   0x0800154a   0x00000006   PAD
    0x08001550   0x08001550   0x0000005a   Code   RO          181    .text.HAL_NVIC_SetPriority  stm32h7xx_hal_cortex.o
    0x080015aa   0x080015aa   0x00000006   PAD
    0x080015b0   0x080015b0   0x00000020   Code   RO          179    .text.HAL_NVIC_SetPriorityGrouping  stm32h7xx_hal_cortex.o
    0x080015d0   0x080015d0   0x0000004c   Code   RO          770    .text.HAL_PWREx_ConfigSupply  stm32h7xx_hal_pwr_ex.o
    0x0800161c   0x0800161c   0x00000004   PAD
    0x08001620   0x08001620   0x00000026   Code   RO          457    .text.HAL_RCCEx_GetD3PCLK1Freq  stm32h7xx_hal_rcc_ex.o
    0x08001646   0x08001646   0x00000002   PAD
    0x08001648   0x08001648   0x0000012c   Code   RO          453    .text.HAL_RCCEx_GetPLL2ClockFreq  stm32h7xx_hal_rcc_ex.o
    0x08001774   0x08001774   0x00000004   PAD
    0x08001778   0x08001778   0x0000012c   Code   RO          455    .text.HAL_RCCEx_GetPLL3ClockFreq  stm32h7xx_hal_rcc_ex.o
    0x080018a4   0x080018a4   0x00000004   PAD
    0x080018a8   0x080018a8   0x00000b3c   Code   RO          441    .text.HAL_RCCEx_PeriphCLKConfig  stm32h7xx_hal_rcc_ex.o
    0x080023e4   0x080023e4   0x00000004   PAD
    0x080023e8   0x080023e8   0x00000268   Code   RO          409    .text.HAL_RCC_ClockConfig  stm32h7xx_hal_rcc.o
    0x08002650   0x08002650   0x0000004c   Code   RO          419    .text.HAL_RCC_GetHCLKFreq  stm32h7xx_hal_rcc.o
    0x0800269c   0x0800269c   0x00000004   PAD
    0x080026a0   0x080026a0   0x00000060   Code   RO          421    .text.HAL_RCC_GetPCLK1Freq  stm32h7xx_hal_rcc.o
    0x08002700   0x08002700   0x00000060   Code   RO          423    .text.HAL_RCC_GetPCLK2Freq  stm32h7xx_hal_rcc.o
    0x08002760   0x08002760   0x00000118   Code   RO          411    .text.HAL_RCC_GetSysClockFreq  stm32h7xx_hal_rcc.o
    0x08002878   0x08002878   0x00000560   Code   RO          407    .text.HAL_RCC_OscConfig  stm32h7xx_hal_rcc.o
    0x08002dd8   0x08002dd8   0x0000002e   Code   RO          191    .text.HAL_SYSTICK_Config  stm32h7xx_hal_cortex.o
    0x08002e06   0x08002e06   0x00000002   PAD
    0x08002e08   0x08002e08   0x00000002   Code   RO         1303    .text.HAL_TIMEx_Break2Callback  stm32h7xx_hal_tim_ex.o
    0x08002e0a   0x08002e0a   0x00000006   PAD
    0x08002e10   0x08002e10   0x00000002   Code   RO         1301    .text.HAL_TIMEx_BreakCallback  stm32h7xx_hal_tim_ex.o
    0x08002e12   0x08002e12   0x00000006   PAD
    0x08002e18   0x08002e18   0x00000002   Code   RO         1297    .text.HAL_TIMEx_CommutCallback  stm32h7xx_hal_tim_ex.o
    0x08002e1a   0x08002e1a   0x00000006   PAD
    0x08002e20   0x08002e20   0x0000009e   Code   RO         1287    .text.HAL_TIMEx_ConfigBreakDeadTime  stm32h7xx_hal_tim_ex.o
    0x08002ebe   0x08002ebe   0x00000002   PAD
    0x08002ec0   0x08002ec0   0x000000ca   Code   RO         1285    .text.HAL_TIMEx_MasterConfigSynchronization  stm32h7xx_hal_tim_ex.o
    0x08002f8a   0x08002f8a   0x00000006   PAD
    0x08002f90   0x08002f90   0x00000060   Code   RO          990    .text.HAL_TIM_Base_Init  stm32h7xx_hal_tim.o
    0x08002ff0   0x08002ff0   0x0000006e   Code   RO           91    .text.HAL_TIM_Base_MspInit  tim.o
    0x0800305e   0x0800305e   0x00000002   PAD
    0x08003060   0x08003060   0x000000b4   Code   RO         1004    .text.HAL_TIM_Base_Start_IT  stm32h7xx_hal_tim.o
    0x08003114   0x08003114   0x00000004   PAD
    0x08003118   0x08003118   0x000001fc   Code   RO         1170    .text.HAL_TIM_ConfigClockSource  stm32h7xx_hal_tim.o
    0x08003314   0x08003314   0x00000004   PAD
    0x08003318   0x08003318   0x000000b8   Code   RO         1104    .text.HAL_TIM_Encoder_Init  stm32h7xx_hal_tim.o
    0x080033d0   0x080033d0   0x00000102   Code   RO           87    .text.HAL_TIM_Encoder_MspInit  tim.o
    0x080034d2   0x080034d2   0x00000006   PAD
    0x080034d8   0x080034d8   0x000000bc   Code   RO         1112    .text.HAL_TIM_Encoder_Start  stm32h7xx_hal_tim.o
    0x08003594   0x08003594   0x00000004   PAD
    0x08003598   0x08003598   0x00000002   Code   RO         1126    .text.HAL_TIM_IC_CaptureCallback  stm32h7xx_hal_tim.o
    0x0800359a   0x0800359a   0x00000006   PAD
    0x080035a0   0x080035a0   0x0000016c   Code   RO         1124    .text.HAL_TIM_IRQHandler  stm32h7xx_hal_tim.o
    0x0800370c   0x0800370c   0x00000004   PAD
    0x08003710   0x08003710   0x00000002   Code   RO         1128    .text.HAL_TIM_OC_DelayElapsedCallback  stm32h7xx_hal_tim.o
    0x08003712   0x08003712   0x00000006   PAD
    0x08003718   0x08003718   0x000004be   Code   RO         1144    .text.HAL_TIM_PWM_ConfigChannel  stm32h7xx_hal_tim.o
    0x08003bd6   0x08003bd6   0x00000002   PAD
    0x08003bd8   0x08003bd8   0x00000060   Code   RO         1044    .text.HAL_TIM_PWM_Init  stm32h7xx_hal_tim.o
    0x08003c38   0x08003c38   0x00000032   Code   RO           89    .text.HAL_TIM_PWM_MspInit  tim.o
    0x08003c6a   0x08003c6a   0x00000006   PAD
    0x08003c70   0x08003c70   0x00000002   Code   RO         1130    .text.HAL_TIM_PWM_PulseFinishedCallback  stm32h7xx_hal_tim.o
    0x08003c72   0x08003c72   0x00000006   PAD
    0x08003c78   0x08003c78   0x0000018c   Code   RO         1052    .text.HAL_TIM_PWM_Start  stm32h7xx_hal_tim.o
    0x08003e04   0x08003e04   0x00000004   PAD
    0x08003e08   0x08003e08   0x000000d2   Code   RO           19    .text.HAL_TIM_PeriodElapsedCallback  main.o
    0x08003eda   0x08003eda   0x00000006   PAD
    0x08003ee0   0x08003ee0   0x00000002   Code   RO         1134    .text.HAL_TIM_TriggerCallback  stm32h7xx_hal_tim.o
    0x08003ee2   0x08003ee2   0x00000006   PAD
    0x08003ee8   0x08003ee8   0x00000036   Code   RO         1480    .text.HAL_UARTEx_DisableFifoMode  stm32h7xx_hal_uart_ex.o
    0x08003f1e   0x08003f1e   0x00000002   PAD
    0x08003f20   0x08003f20   0x00000002   Code   RO         1407    .text.HAL_UARTEx_RxEventCallback  stm32h7xx_hal_uart.o
    0x08003f22   0x08003f22   0x00000006   PAD
    0x08003f28   0x08003f28   0x00000002   Code   RO         1466    .text.HAL_UARTEx_RxFifoFullCallback  stm32h7xx_hal_uart_ex.o
    0x08003f2a   0x08003f2a   0x00000006   PAD
    0x08003f30   0x08003f30   0x00000090   Code   RO         1484    .text.HAL_UARTEx_SetRxFifoThreshold  stm32h7xx_hal_uart_ex.o
    0x08003fc0   0x08003fc0   0x00000090   Code   RO         1482    .text.HAL_UARTEx_SetTxFifoThreshold  stm32h7xx_hal_uart_ex.o
    0x08004050   0x08004050   0x00000002   Code   RO         1468    .text.HAL_UARTEx_TxFifoEmptyCallback  stm32h7xx_hal_uart_ex.o
    0x08004052   0x08004052   0x00000006   PAD
    0x08004058   0x08004058   0x00000002   Code   RO         1464    .text.HAL_UARTEx_WakeupCallback  stm32h7xx_hal_uart_ex.o
    0x0800405a   0x0800405a   0x00000006   PAD
    0x08004060   0x08004060   0x00000002   Code   RO         1405    .text.HAL_UART_ErrorCallback  stm32h7xx_hal_uart.o
    0x08004062   0x08004062   0x00000006   PAD
    0x08004068   0x08004068   0x00000758   Code   RO         1401    .text.HAL_UART_IRQHandler  stm32h7xx_hal_uart.o
    0x080047c0   0x080047c0   0x00000068   Code   RO         1317    .text.HAL_UART_Init  stm32h7xx_hal_uart.o
    0x08004828   0x08004828   0x00000102   Code   RO          116    .text.HAL_UART_MspInit  usart.o
    0x0800492a   0x0800492a   0x00000006   PAD
    0x08004930   0x08004930   0x000000a8   Code   RO         1353    .text.HAL_UART_Receive_IT  stm32h7xx_hal_uart.o
    0x080049d8   0x080049d8   0x0000004c   Code   RO           17    .text.HAL_UART_RxCpltCallback  main.o
    0x08004a24   0x08004a24   0x00000004   PAD
    0x08004a28   0x08004a28   0x00000002   Code   RO         1409    .text.HAL_UART_TxCpltCallback  stm32h7xx_hal_uart.o
    0x08004a2a   0x08004a2a   0x00000006   PAD
    0x08004a30   0x08004a30   0x00000002   Code   RO          132    .text.HardFault_Handler  stm32h7xx_it.o
    0x08004a32   0x08004a32   0x00000006   PAD
    0x08004a38   0x08004a38   0x00000160   Code   RO          375    .text.I2C_IsErrorOccurred  stm32h7xx_hal_i2c.o
    0x08004b98   0x08004b98   0x000000e0   Code   RO          241    .text.I2C_WaitOnFlagUntilTimeout  stm32h7xx_hal_i2c.o
    0x08004c78   0x08004c78   0x0000007c   Code   RO          245    .text.I2C_WaitOnSTOPFlagUntilTimeout  stm32h7xx_hal_i2c.o
    0x08004cf4   0x08004cf4   0x00000004   PAD
    0x08004cf8   0x08004cf8   0x00000094   Code   RO          243    .text.I2C_WaitOnTXISFlagUntilTimeout  stm32h7xx_hal_i2c.o
    0x08004d8c   0x08004d8c   0x00000004   PAD
    0x08004d90   0x08004d90   0x000000fe   Code   RO           51    .text.MX_GPIO_Init  gpio.o
    0x08004e8e   0x08004e8e   0x00000002   PAD
    0x08004e90   0x08004e90   0x0000006c   Code   RO           60    .text.MX_I2C2_Init  i2c.o
    0x08004efc   0x08004efc   0x00000004   PAD
    0x08004f00   0x08004f00   0x00000168   Code   RO           85    .text.MX_TIM15_Init  tim.o
    0x08005068   0x08005068   0x00000064   Code   RO           75    .text.MX_TIM2_Init  tim.o
    0x080050cc   0x080050cc   0x00000004   PAD
    0x080050d0   0x080050d0   0x00000108   Code   RO           77    .text.MX_TIM3_Init  tim.o
    0x080051d8   0x080051d8   0x00000076   Code   RO           81    .text.MX_TIM4_Init  tim.o
    0x0800524e   0x0800524e   0x00000002   PAD
    0x08005250   0x08005250   0x00000070   Code   RO           83    .text.MX_TIM8_Init  tim.o
    0x080052c0   0x080052c0   0x0000007c   Code   RO          112    .text.MX_USART1_UART_Init  usart.o
    0x0800533c   0x0800533c   0x00000004   PAD
    0x08005340   0x08005340   0x0000007c   Code   RO          114    .text.MX_USART3_UART_Init  usart.o
    0x080053bc   0x080053bc   0x00000004   PAD
    0x080053c0   0x080053c0   0x00000002   Code   RO          134    .text.MemManage_Handler  stm32h7xx_it.o
    0x080053c2   0x080053c2   0x00000006   PAD
    0x080053c8   0x080053c8   0x00000002   Code   RO          130    .text.NMI_Handler   stm32h7xx_it.o
    0x080053ca   0x080053ca   0x00000006   PAD
    0x080053d0   0x080053d0   0x000000ac   Code   RO         1525    .text.OLED_FullyClear  oled.o
    0x0800547c   0x0800547c   0x00000004   PAD
    0x08005480   0x08005480   0x00000010   Code   RO         1523    .text.OLED_Init     oled.o
    0x08005490   0x08005490   0x000003de   Code   RO         1539    .text.OLED_ShowChar  oled.o
    0x0800586e   0x0800586e   0x00000002   PAD
    0x08005870   0x08005870   0x0000015e   Code   RO         1537    .text.OLED_ShowStr1  oled.o
    0x080059ce   0x080059ce   0x00000002   PAD
    0x080059d0   0x080059d0   0x00000002   Code   RO          144    .text.PendSV_Handler  stm32h7xx_it.o
    0x080059d2   0x080059d2   0x00000006   PAD
    0x080059d8   0x080059d8   0x00000122   Code   RO          443    .text.RCCEx_PLL2_Config  stm32h7xx_hal_rcc_ex.o
    0x08005afa   0x08005afa   0x00000006   PAD
    0x08005b00   0x08005b00   0x00000122   Code   RO          445    .text.RCCEx_PLL3_Config  stm32h7xx_hal_rcc_ex.o
    0x08005c22   0x08005c22   0x00000006   PAD
    0x08005c28   0x08005c28   0x00000002   Code   RO          140    .text.SVC_Handler   stm32h7xx_it.o
    0x08005c2a   0x08005c2a   0x00000006   PAD
    0x08005c30   0x08005c30   0x00000004   Code   RO          146    .text.SysTick_Handler  stm32h7xx_it.o
    0x08005c34   0x08005c34   0x00000004   PAD
    0x08005c38   0x08005c38   0x0000013c   Code   RO           13    .text.SystemClock_Config  main.o
    0x08005d74   0x08005d74   0x00000004   PAD
    0x08005d78   0x08005d78   0x000000cc   Code   RO         1503    .text.SystemInit    system_stm32h7xx.o
    0x08005e44   0x08005e44   0x00000004   PAD
    0x08005e48   0x08005e48   0x0000000c   Code   RO          148    .text.TIM2_IRQHandler  stm32h7xx_it.o
    0x08005e54   0x08005e54   0x00000004   PAD
    0x08005e58   0x08005e58   0x0000000c   Code   RO          150    .text.TIM4_IRQHandler  stm32h7xx_it.o
    0x08005e64   0x08005e64   0x00000004   PAD
    0x08005e68   0x08005e68   0x0000000c   Code   RO          156    .text.TIM8_BRK_TIM12_IRQHandler  stm32h7xx_it.o
    0x08005e74   0x08005e74   0x00000004   PAD
    0x08005e78   0x08005e78   0x0000000c   Code   RO          162    .text.TIM8_CC_IRQHandler  stm32h7xx_it.o
    0x08005e84   0x08005e84   0x00000004   PAD
    0x08005e88   0x08005e88   0x0000000c   Code   RO          160    .text.TIM8_TRG_COM_TIM14_IRQHandler  stm32h7xx_it.o
    0x08005e94   0x08005e94   0x00000004   PAD
    0x08005e98   0x08005e98   0x0000000c   Code   RO          158    .text.TIM8_UP_TIM13_IRQHandler  stm32h7xx_it.o
    0x08005ea4   0x08005ea4   0x00000004   PAD
    0x08005ea8   0x08005ea8   0x00000164   Code   RO          994    .text.TIM_Base_SetConfig  stm32h7xx_hal_tim.o
    0x0800600c   0x0800600c   0x00000004   PAD
    0x08006010   0x08006010   0x000000e0   Code   RO         1321    .text.UART_AdvFeatureConfig  stm32h7xx_hal_uart.o
    0x080060f0   0x080060f0   0x00000176   Code   RO         1325    .text.UART_CheckIdleState  stm32h7xx_hal_uart.o
    0x08006266   0x08006266   0x00000002   PAD
    0x08006268   0x08006268   0x00000010   Code   RO         1403    .text.UART_DMAAbortOnError  stm32h7xx_hal_uart.o
    0x08006278   0x08006278   0x000001c4   Code   RO         1443    .text.UART_RxISR_16BIT  stm32h7xx_hal_uart.o
    0x0800643c   0x0800643c   0x00000004   PAD
    0x08006440   0x08006440   0x00000334   Code   RO         1439    .text.UART_RxISR_16BIT_FIFOEN  stm32h7xx_hal_uart.o
    0x08006774   0x08006774   0x00000004   PAD
    0x08006778   0x08006778   0x000001c8   Code   RO         1445    .text.UART_RxISR_8BIT  stm32h7xx_hal_uart.o
    0x08006940   0x08006940   0x00000338   Code   RO         1441    .text.UART_RxISR_8BIT_FIFOEN  stm32h7xx_hal_uart.o
    0x08006c78   0x08006c78   0x000004b4   Code   RO         1323    .text.UART_SetConfig  stm32h7xx_hal_uart.o
    0x0800712c   0x0800712c   0x00000004   PAD
    0x08007130   0x08007130   0x00000274   Code   RO         1355    .text.UART_Start_Receive_IT  stm32h7xx_hal_uart.o
    0x080073a4   0x080073a4   0x00000004   PAD
    0x080073a8   0x080073a8   0x00000358   Code   RO         1339    .text.UART_WaitOnFlagUntilTimeout  stm32h7xx_hal_uart.o
    0x08007700   0x08007700   0x0000000c   Code   RO          152    .text.USART1_IRQHandler  stm32h7xx_it.o
    0x0800770c   0x0800770c   0x00000004   PAD
    0x08007710   0x08007710   0x0000000c   Code   RO          154    .text.USART3_IRQHandler  stm32h7xx_it.o
    0x0800771c   0x0800771c   0x00000004   PAD
    0x08007720   0x08007720   0x00000002   Code   RO          138    .text.UsageFault_Handler  stm32h7xx_it.o
    0x08007722   0x08007722   0x00000006   PAD
    0x08007728   0x08007728   0x0000025e   Code   RO         1517    .text.WriteCmd      oled.o
    0x08007986   0x08007986   0x00000002   PAD
    0x08007988   0x08007988   0x00000074   Code   RO         1565    .text.dianjiB       motor.o
    0x080079fc   0x080079fc   0x00000004   PAD
    0x08007a00   0x08007a00   0x00000088   Code   RO         1583    .text.line_pid      control.o
    0x08007a88   0x08007a88   0x0000041c   Code   RO           11    .text.main          main.o
    0x08007ea4   0x08007ea4   0x00000004   PAD
    0x08007ea8   0x08007ea8   0x000001bc   Code   RO         1571    .text.motor_handle  motor.o
    0x08008064   0x08008064   0x00000004   PAD
    0x08008068   0x08008068   0x00000082   Code   RO         1561    .text.motor_init    motor.o
    0x080080ea   0x080080ea   0x00000006   PAD
    0x080080f0   0x080080f0   0x00000040   Code   RO         1585    .text.turn          control.o
    0x08008130   0x08008130   0x00000012   Code   RO         1601    .text.uart_it_init  uart_it.o
    0x08008142   0x08008142   0x00000006   PAD
    0x08008148   0x08008148   0x00000074   Code   RO         1603    .text.uart_it_receive  uart_it.o
    0x080081bc   0x080081bc   0x00000004   PAD
    0x080081c0   0x080081c0   0x00000098   Code   RO         1605    .text.uart_it_receive1  uart_it.o
    0x08008258   0x08008258   0x0000001a   Code   RO         1736    x$fpl$fpinit        fz_wv.l(fpinit.o)
    0x08008272   0x08008272   0x00000006   Data   RO         1452    .rodata..Lswitch.table.UART_SetConfig.5  stm32h7xx_hal_uart.o
    0x08008278   0x08008278   0x00000006   Data   RO         1453    .rodata..Lswitch.table.UART_SetConfig.7  stm32h7xx_hal_uart.o
    0x0800827e   0x0800827e   0x00000010   Data   RO         1507    .rodata.D1CorePrescTable  system_stm32h7xx.o
    0x0800828e   0x0800828e   0x00000228   Data   RO         1549    .rodata.F6x8        oled.o
    0x080084b6   0x080084b6   0x000005e0   Data   RO         1550    .rodata.F8X16       oled.o
    0x08008a96   0x08008a96   0x00000018   Data   RO         1451    .rodata.UARTPrescTable  stm32h7xx_hal_uart.o
    0x08008aae   0x08008aae   0x00000010   Data   RO         1494    .rodata.cst8        stm32h7xx_hal_uart_ex.o
    0x08008abe   0x08008abe   0x00000002   PAD
    0x08008ac0   0x08008ac0   0x00000020   Data   RO         1797    Region$$Table       anon$$obj.o


    Execution Region RW_IRAM1 (Exec base: 0x20000000, Load base: 0x08008ae0, Size: 0x00000000, Max: 0x00020000, ABSOLUTE)

    **** No section assigned to this execution region ****


    Execution Region RW_IRAM2 (Exec base: 0x24000000, Load base: 0x08008ae0, Size: 0x00000a40, Max: 0x00080000, ABSOLUTE)

    Exec Addr    Load Addr    Size         Type   Attr      Idx    E Section Name        Object

    0x24000000   0x08008ae0   0x00000002   Data   RW           41    .data..L_MergedGlobals  main.o
    0x24000002   0x08008ae2   0x00000002   PAD
    0x24000004   0x08008ae4   0x00000008   Data   RW          955    .data..L_MergedGlobals  stm32h7xx_hal.o
    0x2400000c   0x08008aec   0x00000008   Data   RW         1508    .data..L_MergedGlobals  system_stm32h7xx.o
    0x24000014   0x08008af4   0x00000018   Data   RW         1573    .data..L_MergedGlobals  motor.o
    0x2400002c   0x08008b0c   0x0000001b   Data   RW         1552    .data.CMD_Data      oled.o
    0x24000047   0x08008b27   0x00000001   PAD
    0x24000048   0x08008b28   0x00000004   Data   RW         1591    .data.now           control.o
    0x2400004c   0x08008b2c   0x00000004   PAD
    0x24000050        -       0x00000060   Zero   RW         1662    .bss                c_w.l(libspace.o)
    0x240000b0        -       0x00000008   Zero   RW         1592    .bss..L_MergedGlobals  control.o
    0x240000b8        -       0x00000007   Zero   RW         1607    .bss..L_MergedGlobals  uart_it.o
    0x240000bf   0x08008b2c   0x00000001   PAD
    0x240000c0        -       0x0000003e   Zero   RW           42    .bss..L_MergedGlobals.1  main.o
    0x240000fe   0x08008b2c   0x00000002   PAD
    0x24000100        -       0x0000003c   Zero   RW         1574    .bss..L_MergedGlobals.1  motor.o
    0x2400013c        -       0x00000054   Zero   RW           66    .bss.hi2c2          i2c.o
    0x24000190        -       0x0000004c   Zero   RW          103    .bss.htim15         tim.o
    0x240001dc        -       0x0000004c   Zero   RW           99    .bss.htim2          tim.o
    0x24000228        -       0x0000004c   Zero   RW          100    .bss.htim3          tim.o
    0x24000274        -       0x0000004c   Zero   RW          101    .bss.htim4          tim.o
    0x240002c0        -       0x0000004c   Zero   RW          102    .bss.htim8          tim.o
    0x2400030c        -       0x00000094   Zero   RW          120    .bss.huart1         usart.o
    0x240003a0        -       0x00000094   Zero   RW          121    .bss.huart3         usart.o
    0x24000434        -       0x00000004   Zero   RW          954    .bss.uwTick         stm32h7xx_hal.o
    0x24000438        -       0x00000004   Zero   RW         1589    .bss.width          control.o
    0x2400043c   0x08008b2c   0x00000004   PAD
    0x24000440        -       0x00000200   Zero   RW            2    HEAP                startup_stm32h750xx.o
    0x24000640        -       0x00000400   Zero   RW            1    STACK               startup_stm32h750xx.o


==============================================================================

Image component sizes


      Code (inc. data)   RO Data    RW Data    ZI Data      Debug   Object Name

       200         16          0          4         12       1595   control.o
       254          0          0          0          0       3011   gpio.o
       244          0          0          0         84       8064   i2c.o
      1664          0          0          2         62      13448   main.o
       690          8          0         24         60       6756   motor.o
      2134          0       2056         27          0      13265   oled.o
        64         26        664          0       1536        820   startup_stm32h750xx.o
       268          0          0          8          4      14968   stm32h7xx_hal.o
       354          0          0          0          0      12523   stm32h7xx_hal_cortex.o
      2024          0          0          0          0      18162   stm32h7xx_hal_dma.o
       446          0          0          0          0       6928   stm32h7xx_hal_gpio.o
      1586          0          0          0          0      61273   stm32h7xx_hal_i2c.o
       192          0          0          0          0       7553   stm32h7xx_hal_i2c_ex.o
        32          0          0          0          0       2187   stm32h7xx_hal_msp.o
        76          0          0          0          0      10584   stm32h7xx_hal_pwr_ex.o
      2540         16          0          0          0      11697   stm32h7xx_hal_rcc.o
      4094        146          0          0          0      20248   stm32h7xx_hal_rcc_ex.o
      3590         22          0          0          0      64546   stm32h7xx_hal_tim.o
       366          0          0          0          0      25346   stm32h7xx_hal_tim_ex.o
      8012        332         36          0          0      43513   stm32h7xx_hal_uart.o
       348          0         16          0          0      11557   stm32h7xx_hal_uart_ex.o
       116          0          0          0          0       7248   stm32h7xx_it.o
       204          0         16          8          0       5878   system_stm32h7xx.o
      1372          0          0          0        380      13819   tim.o
       286          0          0          0          7       5286   uart_it.o
       506          0          0          0        296      11655   usart.o

    ----------------------------------------------------------------------
     32104        582       2822         76       2452     401930   Object Totals
         0          0         32          0          0          0   (incl. Generated)
       442         16          2          3         11          0   (incl. Padding)

    ----------------------------------------------------------------------

      Code (inc. data)   RO Data    RW Data    ZI Data      Debug   Library Member Name

         8          0          0          0          0         68   __main.o
         0          0          0          0          0          0   __rtentry.o
        12          0          0          0          0          0   __rtentry2.o
         6          0          0          0          0          0   __rtentry4.o
        52          8          0          0          0          0   __scatter.o
        26          0          0          0          0          0   __scatter_copy.o
        28          0          0          0          0          0   __scatter_zi.o
        18          0          0          0          0         80   exit.o
         6          0          0          0          0        152   heapauxi.o
         0          0          0          0          0          0   indicate_semi.o
         2          0          0          0          0          0   libinit.o
         6          0          0          0          0          0   libinit2.o
         2          0          0          0          0          0   libshutdown.o
         2          0          0          0          0          0   libshutdown2.o
         8          4          0          0         96         68   libspace.o
       240          0          0          0          0        100   lludivv7m.o
        78          0          0          0          0         80   rt_memclr_w.o
         2          0          0          0          0          0   rtexit.o
        10          0          0          0          0          0   rtexit2.o
        12          4          0          0          0         68   sys_exit.o
        74          0          0          0          0         80   sys_stackheap_outer.o
         2          0          0          0          0         68   use_no_semi.o
        26          0          0          0          0        116   fpinit.o

    ----------------------------------------------------------------------
       626         16          0          0         96        880   Library Totals
         6          0          0          0          0          0   (incl. Padding)

    ----------------------------------------------------------------------

      Code (inc. data)   RO Data    RW Data    ZI Data      Debug   Library Name

       594         16          0          0         96        764   c_w.l
        26          0          0          0          0        116   fz_wv.l

    ----------------------------------------------------------------------
       626         16          0          0         96        880   Library Totals

    ----------------------------------------------------------------------

==============================================================================


      Code (inc. data)   RO Data    RW Data    ZI Data      Debug   

     32730        598       2822         76       2548     402070   Grand Totals
     32730        598       2822         76       2548     402070   ELF Image Totals
     32730        598       2822         76          0          0   ROM Totals

==============================================================================

    Total RO  Size (Code + RO Data)                35552 (  34.72kB)
    Total RW  Size (RW Data + ZI Data)              2624 (   2.56kB)
    Total ROM Size (Code + RO Data + RW Data)      35628 (  34.79kB)

==============================================================================

